/* Forward definitions */
__deleted_virtual_called = 0x02AFA5E8;

/* Actor */
removeCollisionCheck__5ActorFv = 0x020002CC;
reviveCollisionCheck__5ActorFv = 0x02000328;
searchNearPlayer__5ActorFRQ2_4sead16Vector2__tm__2_f = 0x020005A4;
directionToPlayerH__5ActorFRCQ2_4sead16Vector3__tm__2_f = 0x020005EC;
directionToPlayerV__5ActorFRCQ2_4sead16Vector3__tm__2_f = 0x020006B4;
screenOutCheck__5ActorFUs = 0x020007A0;
splashLavaWave__5ActorFPQ2_4sead16Vector3__tm__2_f = 0x02000960;
__ct__5ActorFRC16ActorCreateParam = 0x02000AC8;
__dt__5ActorFv = 0x02000F18;
postCreate___5ActorFQ2_9ActorBase9MainState = 0x02000FB8;
preExecute___5ActorFv = 0x02000FE8;
postExecute___5ActorFQ2_9ActorBase9MainState = 0x020010BC;
preDraw___5ActorFv = 0x020011A0;
drawCullCheck__5ActorFv = 0x02001254;
checkDerivedRuntimeTypeInfo__5ActorCFPCQ3_4sead15RuntimeTypeInfo9Interface = 0x02002A38;
killAtGoal__5ActorFv = 0x02002AD8;
splashWater__5ActorFPQ2_4sead16Vector3__tm__2_f = 0x02002ADC;
splashLava__5ActorFPQ2_4sead16Vector3__tm__2_f = 0x02002AE0;
splashPoison__5ActorFPQ2_4sead16Vector3__tm__2_f = 0x02002AE4;
directionToActorH__5ActorFRC5Actor = 0x0200C800;
__vtbl__5Actor = 0x10000268;
__LSG__typeInfo__L0__getRuntimeTypeInfoStatic__5ActorSFv = 0x101E9CBC;
typeInfo__L0__getRuntimeTypeInfoStatic__5ActorSFv = 0x101E9CC0;
getRuntimeTypeInfo__5ActorCFv = __deleted_virtual_called;

/* ActorBase */
getProfileID__9ActorBaseCFv = 0x02002C80;
postDraw___9ActorBaseFQ2_9ActorBase9MainState = 0x02002F38;
postDelete___9ActorBaseFQ2_9ActorBase9MainState = 0x02002F3C;
preCreate___9ActorBaseFv = 0x02002F7C;
execute___9ActorBaseFv = 0x02002F8C;
finalUpdate___9ActorBaseFv = 0x02002F94;
draw___9ActorBaseFv = 0x02002FA0;
preDelete___9ActorBaseFv = 0x02002FA8;
doDelete___9ActorBaseFv = 0x02002FB0;
__vtbl__9ActorBase = 0x100006C0;
__LSG__typeInfo__L0__getRuntimeTypeInfoStatic__9ActorBaseSFv = 0x101E9CC4;
typeInfo__L0__getRuntimeTypeInfoStatic__9ActorBaseSFv = 0x101E9CC8;

/* ActorCollision */
postCreate___14ActorCollisionFQ2_9ActorBase9MainState = 0x0200354C;
preExecute___14ActorCollisionFv = 0x020035FC;
postExecute___14ActorCollisionFQ2_9ActorBase9MainState = 0x020036D8;
doDelete___14ActorCollisionFv = 0x02003724;
vf144__14ActorCollisionFb = 0x0200375C;
vf14C__14ActorCollisionFP5Actor = 0x02003760;
handleGravity__14ActorCollisionFv = 0x020039AC;
handleSpeed__14ActorCollisionFv = 0x02003AE4;
vf13C__14ActorCollisionFv = 0x02004008;
__vtbl__14ActorCollision = 0x1000084C;
__LSG__typeInfo__L0__getRuntimeTypeInfoStatic__14ActorCollisionSFv = 0x101E9CD4;
typeInfo__L0__getRuntimeTypeInfoStatic__14ActorCollisionSFv = 0x101E9CD8;
vf114__14ActorCollisionFv = __deleted_virtual_called;
vf134__14ActorCollisionFv = __deleted_virtual_called;

/* ActorMgr */
createImmediately__8ActorMgrFRC16ActorCreateParamQ2_8ActorMgr12CreateOption = 0x02009A58;
sInstance__8ActorMgr = 0x101C30C8;

/* ActorState */
__vtbl__10ActorState = 0x10000EC8;
__LSG__typeInfo__L0__getRuntimeTypeInfoStatic__10ActorStateSFv = 0x101E9CDC;
typeInfo__L0__getRuntimeTypeInfoStatic__10ActorStateSFv = 0x101E9CE0;

/* ActorMultiState */
__ct__15ActorMultiStateFPC14ActorBuildInfo = 0x0200AA8C;
checkDerivedRuntimeTypeInfo__15ActorMultiStateCFPCQ3_4sead15RuntimeTypeInfo9Interface = 0x0200AF94;
__vtbl__15ActorMultiState = 0x10001048;
__LSG__typeInfo__L0__getRuntimeTypeInfoStatic__15ActorMultiStateSFv = 0x101E9CE4;
typeInfo__L0__getRuntimeTypeInfoStatic__15ActorMultiStateSFv = 0x101E9CE8;

/* ActorCreateInfo */
cDefault__15ActorCreateInfo = 0x100018F4;

/* Profile */
cDrawPriority__7Profile = 0x10001940;
cResType__7Profile = 0x10002064;
cResNum__7Profile = 0x100023F8;
cResList__7Profile = 0x101C321C;
sProfile__7Profile = 0x101ED8DC;

/* ProfileID */
c000__9ProfileID = 0x10003D54;
c001__9ProfileID = 0x10003D58;
c002__9ProfileID = 0x10003D5C;
c003__9ProfileID = 0x10003D60;
c004__9ProfileID = 0x10003D64;
c005__9ProfileID = 0x10003D68;
c006__9ProfileID = 0x10003D6C;
c007__9ProfileID = 0x10003D70;
c008__9ProfileID = 0x10003D74;
c009__9ProfileID = 0x10003D78;
c00A__9ProfileID = 0x10003D7C;
c00B__9ProfileID = 0x10003D80;
c00C__9ProfileID = 0x10003D84;
c00D__9ProfileID = 0x10003D88;
c00E__9ProfileID = 0x10003D8C;
c00F__9ProfileID = 0x10003D90;
c010__9ProfileID = 0x10003D94;
c011__9ProfileID = 0x10003D98;
c012__9ProfileID = 0x10003D9C;
c013__9ProfileID = 0x10003DA0;
c014__9ProfileID = 0x10003DA4;
c015__9ProfileID = 0x10003DA8;
c016__9ProfileID = 0x10003DAC;
c017__9ProfileID = 0x10003DB0;
cMiniGameMgr__9ProfileID = 0x10003DB4;
cMiniGameMgrRDash__9ProfileID = 0x10003DB8;
cShuffleBlockMgr__9ProfileID = 0x10003DBC;
cSlotMgr__9ProfileID = 0x10003DC0;
cCoinmakiMgr__9ProfileID = 0x10003DC4;
c01D__9ProfileID = 0x10003DC8;
c01E__9ProfileID = 0x10003DCC;
c01F__9ProfileID = 0x10003DD0;
c020__9ProfileID = 0x10003DD4;
cShootingStar__9ProfileID = 0x10003DD8;
cStaffRollMgr__9ProfileID = 0x10003DDC;
cStaffRollMgrRDash__9ProfileID = 0x10003DE0;
c024__9ProfileID = 0x10003DE4;
c025__9ProfileID = 0x10003DE8;
c026__9ProfileID = 0x10003DEC;
c027__9ProfileID = 0x10003DF0;
c028__9ProfileID = 0x10003DF4;
c029__9ProfileID = 0x10003DF8;
c02A__9ProfileID = 0x10003DFC;
c02B__9ProfileID = 0x10003E00;
c02C__9ProfileID = 0x10003E04;
c02D__9ProfileID = 0x10003E08;
c02E__9ProfileID = 0x10003E0C;
c02F__9ProfileID = 0x10003E10;
c030__9ProfileID = 0x10003E14;
c031__9ProfileID = 0x10003E18;
c032__9ProfileID = 0x10003E1C;
c033__9ProfileID = 0x10003E20;
c034__9ProfileID = 0x10003E24;
c035__9ProfileID = 0x10003E28;
c036__9ProfileID = 0x10003E2C;
c037__9ProfileID = 0x10003E30;
c038__9ProfileID = 0x10003E34;
c039__9ProfileID = 0x10003E38;
c03A__9ProfileID = 0x10003E3C;
c03B__9ProfileID = 0x10003E40;
c03C__9ProfileID = 0x10003E44;
c03D__9ProfileID = 0x10003E48;
c03E__9ProfileID = 0x10003E4C;
c03F__9ProfileID = 0x10003E50;
c040__9ProfileID = 0x10003E54;
c041__9ProfileID = 0x10003E58;
c042__9ProfileID = 0x10003E5C;
c043__9ProfileID = 0x10003E60;
c044__9ProfileID = 0x10003E64;
c045__9ProfileID = 0x10003E68;
c046__9ProfileID = 0x10003E6C;
c047__9ProfileID = 0x10003E70;
c048__9ProfileID = 0x10003E74;
c049__9ProfileID = 0x10003E78;
c04A__9ProfileID = 0x10003E7C;
c04B__9ProfileID = 0x10003E80;
c04C__9ProfileID = 0x10003E84;
c04D__9ProfileID = 0x10003E88;
c04E__9ProfileID = 0x10003E8C;
c04F__9ProfileID = 0x10003E90;
c050__9ProfileID = 0x10003E94;
c051__9ProfileID = 0x10003E98;
c052__9ProfileID = 0x10003E9C;
c053__9ProfileID = 0x10003EA0;
c054__9ProfileID = 0x10003EA4;
c055__9ProfileID = 0x10003EA8;
c056__9ProfileID = 0x10003EAC;
c057__9ProfileID = 0x10003EB0;
c058__9ProfileID = 0x10003EB4;
c059__9ProfileID = 0x10003EB8;
c05A__9ProfileID = 0x10003EBC;
c05B__9ProfileID = 0x10003EC0;
c05C__9ProfileID = 0x10003EC4;
c05D__9ProfileID = 0x10003EC8;
c05E__9ProfileID = 0x10003ECC;
c05F__9ProfileID = 0x10003ED0;
c060__9ProfileID = 0x10003ED4;
c061__9ProfileID = 0x10003ED8;
c062__9ProfileID = 0x10003EDC;
c063__9ProfileID = 0x10003EE0;
c064__9ProfileID = 0x10003EE4;
c065__9ProfileID = 0x10003EE8;
c066__9ProfileID = 0x10003EEC;
c067__9ProfileID = 0x10003EF0;
c068__9ProfileID = 0x10003EF4;
c069__9ProfileID = 0x10003EF8;
c06A__9ProfileID = 0x10003EFC;
c06B__9ProfileID = 0x10003F00;
c06C__9ProfileID = 0x10003F04;
c06D__9ProfileID = 0x10003F08;
c06E__9ProfileID = 0x10003F0C;
c06F__9ProfileID = 0x10003F10;
c070__9ProfileID = 0x10003F14;
c071__9ProfileID = 0x10003F18;
c072__9ProfileID = 0x10003F1C;
c073__9ProfileID = 0x10003F20;
c074__9ProfileID = 0x10003F24;
c075__9ProfileID = 0x10003F28;
c076__9ProfileID = 0x10003F2C;
c077__9ProfileID = 0x10003F30;
c078__9ProfileID = 0x10003F34;
c079__9ProfileID = 0x10003F38;
c07A__9ProfileID = 0x10003F3C;
c07B__9ProfileID = 0x10003F40;
c07C__9ProfileID = 0x10003F44;
c07D__9ProfileID = 0x10003F48;
c07E__9ProfileID = 0x10003F4C;
c07F__9ProfileID = 0x10003F50;
c080__9ProfileID = 0x10003F54;
c081__9ProfileID = 0x10003F58;
c082__9ProfileID = 0x10003F5C;
c083__9ProfileID = 0x10003F60;
c084__9ProfileID = 0x10003F64;
c085__9ProfileID = 0x10003F68;
c086__9ProfileID = 0x10003F6C;
c087__9ProfileID = 0x10003F70;
c088__9ProfileID = 0x10003F74;
c089__9ProfileID = 0x10003F78;
c08A__9ProfileID = 0x10003F7C;
c08B__9ProfileID = 0x10003F80;
c08C__9ProfileID = 0x10003F84;
c08D__9ProfileID = 0x10003F88;
c08E__9ProfileID = 0x10003F8C;
c08F__9ProfileID = 0x10003F90;
c090__9ProfileID = 0x10003F94;
c091__9ProfileID = 0x10003F98;
c092__9ProfileID = 0x10003F9C;
c093__9ProfileID = 0x10003FA0;
c094__9ProfileID = 0x10003FA4;
c095__9ProfileID = 0x10003FA8;
c096__9ProfileID = 0x10003FAC;
c097__9ProfileID = 0x10003FB0;
c098__9ProfileID = 0x10003FB4;
c099__9ProfileID = 0x10003FB8;
c09A__9ProfileID = 0x10003FBC;
c09B__9ProfileID = 0x10003FC0;
c09C__9ProfileID = 0x10003FC4;
c09D__9ProfileID = 0x10003FC8;
c09E__9ProfileID = 0x10003FCC;
c09F__9ProfileID = 0x10003FD0;
c0A0__9ProfileID = 0x10003FD4;
c0A1__9ProfileID = 0x10003FD8;
c0A2__9ProfileID = 0x10003FDC;
c0A3__9ProfileID = 0x10003FE0;
c0A4__9ProfileID = 0x10003FE4;
c0A5__9ProfileID = 0x10003FE8;
c0A6__9ProfileID = 0x10003FEC;
c0A7__9ProfileID = 0x10003FF0;
c0A8__9ProfileID = 0x10003FF4;
c0A9__9ProfileID = 0x10003FF8;
c0AA__9ProfileID = 0x10003FFC;
c0AB__9ProfileID = 0x10004000;
c0AC__9ProfileID = 0x10004004;
c0AD__9ProfileID = 0x10004008;
c0AE__9ProfileID = 0x1000400C;
c0AF__9ProfileID = 0x10004010;
c0B0__9ProfileID = 0x10004014;
c0B1__9ProfileID = 0x10004018;
c0B2__9ProfileID = 0x1000401C;
c0B3__9ProfileID = 0x10004020;
c0B4__9ProfileID = 0x10004024;
c0B5__9ProfileID = 0x10004028;
c0B6__9ProfileID = 0x1000402C;
c0B7__9ProfileID = 0x10004030;
c0B8__9ProfileID = 0x10004034;
c0B9__9ProfileID = 0x10004038;
c0BA__9ProfileID = 0x1000403C;
c0BB__9ProfileID = 0x10004040;
c0BC__9ProfileID = 0x10004044;
c0BD__9ProfileID = 0x10004048;
c0BE__9ProfileID = 0x1000404C;
c0BF__9ProfileID = 0x10004050;
c0C0__9ProfileID = 0x10004054;
c0C1__9ProfileID = 0x10004058;
c0C2__9ProfileID = 0x1000405C;
c0C3__9ProfileID = 0x10004060;
c0C4__9ProfileID = 0x10004064;
c0C5__9ProfileID = 0x10004068;
c0C6__9ProfileID = 0x1000406C;
c0C7__9ProfileID = 0x10004070;
c0C8__9ProfileID = 0x10004074;
c0C9__9ProfileID = 0x10004078;
c0CA__9ProfileID = 0x1000407C;
c0CB__9ProfileID = 0x10004080;
c0CC__9ProfileID = 0x10004084;
c0CD__9ProfileID = 0x10004088;
c0CE__9ProfileID = 0x1000408C;
c0CF__9ProfileID = 0x10004090;
c0D0__9ProfileID = 0x10004094;
c0D1__9ProfileID = 0x10004098;
cFloorHoleDokan__9ProfileID = 0x1000409C;
c0D3__9ProfileID = 0x100040A0;
c0D4__9ProfileID = 0x100040A4;
c0D5__9ProfileID = 0x100040A8;
c0D6__9ProfileID = 0x100040AC;
c0D7__9ProfileID = 0x100040B0;
c0D8__9ProfileID = 0x100040B4;
c0D9__9ProfileID = 0x100040B8;
c0DA__9ProfileID = 0x100040BC;
c0DB__9ProfileID = 0x100040C0;
c0DC__9ProfileID = 0x100040C4;
c0DD__9ProfileID = 0x100040C8;
c0DE__9ProfileID = 0x100040CC;
c0DF__9ProfileID = 0x100040D0;
c0E0__9ProfileID = 0x100040D4;
c0E1__9ProfileID = 0x100040D8;
c0E2__9ProfileID = 0x100040DC;
c0E3__9ProfileID = 0x100040E0;
c0E4__9ProfileID = 0x100040E4;
c0E5__9ProfileID = 0x100040E8;
c0E6__9ProfileID = 0x100040EC;
c0E7__9ProfileID = 0x100040F0;
c0E8__9ProfileID = 0x100040F4;
c0E9__9ProfileID = 0x100040F8;
c0EA__9ProfileID = 0x100040FC;
c0EB__9ProfileID = 0x10004100;
c0EC__9ProfileID = 0x10004104;
c0ED__9ProfileID = 0x10004108;
c0EE__9ProfileID = 0x1000410C;
c0EF__9ProfileID = 0x10004110;
c0F0__9ProfileID = 0x10004114;
c0F1__9ProfileID = 0x10004118;
c0F2__9ProfileID = 0x1000411C;
c0F3__9ProfileID = 0x10004120;
c0F4__9ProfileID = 0x10004124;
c0F5__9ProfileID = 0x10004128;
c0F6__9ProfileID = 0x1000412C;
c0F7__9ProfileID = 0x10004130;
c0F8__9ProfileID = 0x10004134;
c0F9__9ProfileID = 0x10004138;
c0FA__9ProfileID = 0x1000413C;
c0FB__9ProfileID = 0x10004140;
c0FC__9ProfileID = 0x10004144;
c0FD__9ProfileID = 0x10004148;
c0FE__9ProfileID = 0x1000414C;
c0FF__9ProfileID = 0x10004150;
c100__9ProfileID = 0x10004154;
c101__9ProfileID = 0x10004158;
c102__9ProfileID = 0x1000415C;
c103__9ProfileID = 0x10004160;
c104__9ProfileID = 0x10004164;
cShuffleBlock__9ProfileID = 0x10004168;
cKokoopaShipWarpCannon__9ProfileID = 0x1000416C;
c107__9ProfileID = 0x10004170;
c108__9ProfileID = 0x10004174;
cKoopaShutter__9ProfileID = 0x10004178;
c10A__9ProfileID = 0x1000417C;
c10B__9ProfileID = 0x10004180;
c10C__9ProfileID = 0x10004184;
cPeachFinalCastleKoopaJrLift__9ProfileID = 0x10004188;
cPeachFinalCastleKoopaJrLiftHmove__9ProfileID = 0x1000418C;
cPeachFinalCastleKoopaJrLiftPairObj__9ProfileID = 0x10004190;
cRoyLiftWakiStep__9ProfileID = 0x10004194;
cWendyFloor__9ProfileID = 0x10004198;
cIggyRoom__9ProfileID = 0x1000419C;
c113__9ProfileID = 0x100041A0;
c114__9ProfileID = 0x100041A4;
c115__9ProfileID = 0x100041A8;
c116__9ProfileID = 0x100041AC;
c117__9ProfileID = 0x100041B0;
c118__9ProfileID = 0x100041B4;
c119__9ProfileID = 0x100041B8;
c11A__9ProfileID = 0x100041BC;
c11B__9ProfileID = 0x100041C0;
c11C__9ProfileID = 0x100041C4;
c11D__9ProfileID = 0x100041C8;
c11E__9ProfileID = 0x100041CC;
c11F__9ProfileID = 0x100041D0;
c120__9ProfileID = 0x100041D4;
c121__9ProfileID = 0x100041D8;
c122__9ProfileID = 0x100041DC;
c123__9ProfileID = 0x100041E0;
c124__9ProfileID = 0x100041E4;
c125__9ProfileID = 0x100041E8;
c126__9ProfileID = 0x100041EC;
c127__9ProfileID = 0x100041F0;
c128__9ProfileID = 0x100041F4;
c129__9ProfileID = 0x100041F8;
c12A__9ProfileID = 0x100041FC;
c12B__9ProfileID = 0x10004200;
c12C__9ProfileID = 0x10004204;
c12D__9ProfileID = 0x10004208;
c12E__9ProfileID = 0x1000420C;
c12F__9ProfileID = 0x10004210;
c130__9ProfileID = 0x10004214;
c131__9ProfileID = 0x10004218;
c132__9ProfileID = 0x1000421C;
c133__9ProfileID = 0x10004220;
c134__9ProfileID = 0x10004224;
c135__9ProfileID = 0x10004228;
c136__9ProfileID = 0x1000422C;
c137__9ProfileID = 0x10004230;
c138__9ProfileID = 0x10004234;
c139__9ProfileID = 0x10004238;
c13A__9ProfileID = 0x1000423C;
c13B__9ProfileID = 0x10004240;
c13C__9ProfileID = 0x10004244;
c13D__9ProfileID = 0x10004248;
c13E__9ProfileID = 0x1000424C;
c13F__9ProfileID = 0x10004250;
c140__9ProfileID = 0x10004254;
c141__9ProfileID = 0x10004258;
c142__9ProfileID = 0x1000425C;
c143__9ProfileID = 0x10004260;
c144__9ProfileID = 0x10004264;
c145__9ProfileID = 0x10004268;
c146__9ProfileID = 0x1000426C;
c147__9ProfileID = 0x10004270;
c148__9ProfileID = 0x10004274;
c149__9ProfileID = 0x10004278;
c14A__9ProfileID = 0x1000427C;
c14B__9ProfileID = 0x10004280;
c14C__9ProfileID = 0x10004284;
c14D__9ProfileID = 0x10004288;
c14E__9ProfileID = 0x1000428C;
c14F__9ProfileID = 0x10004290;
c150__9ProfileID = 0x10004294;
c151__9ProfileID = 0x10004298;
c152__9ProfileID = 0x1000429C;
c153__9ProfileID = 0x100042A0;
c154__9ProfileID = 0x100042A4;
c155__9ProfileID = 0x100042A8;
c156__9ProfileID = 0x100042AC;
c157__9ProfileID = 0x100042B0;
c158__9ProfileID = 0x100042B4;
c159__9ProfileID = 0x100042B8;
c15A__9ProfileID = 0x100042BC;
c15B__9ProfileID = 0x100042C0;
c15C__9ProfileID = 0x100042C4;
c15D__9ProfileID = 0x100042C8;
c15E__9ProfileID = 0x100042CC;
cLemmyBall__9ProfileID = 0x100042D0;
cLemmyBomb__9ProfileID = 0x100042D4;
c161__9ProfileID = 0x100042D8;
c162__9ProfileID = 0x100042DC;
c163__9ProfileID = 0x100042E0;
c164__9ProfileID = 0x100042E4;
c165__9ProfileID = 0x100042E8;
c166__9ProfileID = 0x100042EC;
c167__9ProfileID = 0x100042F0;
c168__9ProfileID = 0x100042F4;
c169__9ProfileID = 0x100042F8;
c16A__9ProfileID = 0x100042FC;
c16B__9ProfileID = 0x10004300;
c16C__9ProfileID = 0x10004304;
c16D__9ProfileID = 0x10004308;
c16E__9ProfileID = 0x1000430C;
c16F__9ProfileID = 0x10004310;
cKameckIce__9ProfileID = 0x10004314;
cWendyIcicle__9ProfileID = 0x10004318;
cPeachFinalCastleKoopaJrClown__9ProfileID = 0x1000431C;
cBoxingKoopaJrClown__9ProfileID = 0x10004320;
c174__9ProfileID = 0x10004324;
cFinalKoopaJrClown__9ProfileID = 0x10004328;
cFinalKoopa__9ProfileID = 0x1000432C;
c177__9ProfileID = 0x10004330;
c178__9ProfileID = 0x10004334;
c179__9ProfileID = 0x10004338;
c17A__9ProfileID = 0x1000433C;
c17B__9ProfileID = 0x10004340;
c17C__9ProfileID = 0x10004344;
c17D__9ProfileID = 0x10004348;
c17E__9ProfileID = 0x1000434C;
c17F__9ProfileID = 0x10004350;
c180__9ProfileID = 0x10004354;
c181__9ProfileID = 0x10004358;
c182__9ProfileID = 0x1000435C;
c183__9ProfileID = 0x10004360;
c184__9ProfileID = 0x10004364;
c185__9ProfileID = 0x10004368;
c186__9ProfileID = 0x1000436C;
c187__9ProfileID = 0x10004370;
c188__9ProfileID = 0x10004374;
c189__9ProfileID = 0x10004378;
c18A__9ProfileID = 0x1000437C;
c18B__9ProfileID = 0x10004380;
c18C__9ProfileID = 0x10004384;
c18D__9ProfileID = 0x10004388;
c18E__9ProfileID = 0x1000438C;
c18F__9ProfileID = 0x10004390;
c190__9ProfileID = 0x10004394;
c191__9ProfileID = 0x10004398;
c192__9ProfileID = 0x1000439C;
c193__9ProfileID = 0x100043A0;
c194__9ProfileID = 0x100043A4;
c195__9ProfileID = 0x100043A8;
c196__9ProfileID = 0x100043AC;
c197__9ProfileID = 0x100043B0;
c198__9ProfileID = 0x100043B4;
c199__9ProfileID = 0x100043B8;
c19A__9ProfileID = 0x100043BC;
c19B__9ProfileID = 0x100043C0;
c19C__9ProfileID = 0x100043C4;
c19D__9ProfileID = 0x100043C8;
c19E__9ProfileID = 0x100043CC;
c19F__9ProfileID = 0x100043D0;
c1A0__9ProfileID = 0x100043D4;
c1A1__9ProfileID = 0x100043D8;
c1A2__9ProfileID = 0x100043DC;
c1A3__9ProfileID = 0x100043E0;
c1A4__9ProfileID = 0x100043E4;
c1A5__9ProfileID = 0x100043E8;
c1A6__9ProfileID = 0x100043EC;
c1A7__9ProfileID = 0x100043F0;
c1A8__9ProfileID = 0x100043F4;
c1A9__9ProfileID = 0x100043F8;
c1AA__9ProfileID = 0x100043FC;
c1AB__9ProfileID = 0x10004400;
c1AC__9ProfileID = 0x10004404;
c1AD__9ProfileID = 0x10004408;
c1AE__9ProfileID = 0x1000440C;
c1AF__9ProfileID = 0x10004410;
c1B0__9ProfileID = 0x10004414;
c1B1__9ProfileID = 0x10004418;
c1B2__9ProfileID = 0x1000441C;
c1B3__9ProfileID = 0x10004420;
c1B4__9ProfileID = 0x10004424;
c1B5__9ProfileID = 0x10004428;
cCoinmakiCoin__9ProfileID = 0x1000442C;
c1B7__9ProfileID = 0x10004430;
c1B8__9ProfileID = 0x10004434;
c1B9__9ProfileID = 0x10004438;
cYoshi__9ProfileID = 0x1000443C;
cTottenPlayer__9ProfileID = 0x10004440;
cPlayerObject__9ProfileID = 0x10004444;
c1BD__9ProfileID = 0x10004448;
c1BE__9ProfileID = 0x1000444C;
c1BF__9ProfileID = 0x10004450;
c1C0__9ProfileID = 0x10004454;
c1C1__9ProfileID = 0x10004458;
c1C2__9ProfileID = 0x1000445C;
c1C3__9ProfileID = 0x10004460;
c1C4__9ProfileID = 0x10004464;
cSlotYoshiChibi__9ProfileID = 0x10004468;
c1C6__9ProfileID = 0x1000446C;
c1C7__9ProfileID = 0x10004470;
c1C8__9ProfileID = 0x10004474;
c1C9__9ProfileID = 0x10004478;
c1CA__9ProfileID = 0x1000447C;
c1CB__9ProfileID = 0x10004480;
c1CC__9ProfileID = 0x10004484;
c1CD__9ProfileID = 0x10004488;
c1CE__9ProfileID = 0x1000448C;
cQuestPrizeItem__9ProfileID = 0x10004490;
c1D0__9ProfileID = 0x10004494;
c1D1__9ProfileID = 0x10004498;
c1D2__9ProfileID = 0x1000449C;
c1D3__9ProfileID = 0x100044A0;
c1D4__9ProfileID = 0x100044A4;
c1D5__9ProfileID = 0x100044A8;
c1D6__9ProfileID = 0x100044AC;
c1D7__9ProfileID = 0x100044B0;
c1D8__9ProfileID = 0x100044B4;
c1D9__9ProfileID = 0x100044B8;
cIceBall__9ProfileID = 0x100044BC;
cIceBallPakkun__9ProfileID = 0x100044C0;
cFireBallPlayer__9ProfileID = 0x100044C4;
cFireBallPakkun__9ProfileID = 0x100044C8;
c1DE__9ProfileID = 0x100044CC;
c1DF__9ProfileID = 0x100044D0;
c1E0__9ProfileID = 0x100044D4;
c1E1__9ProfileID = 0x100044D8;
c1E2__9ProfileID = 0x100044DC;
c1E3__9ProfileID = 0x100044E0;
c1E4__9ProfileID = 0x100044E4;
c1E5__9ProfileID = 0x100044E8;
c1E6__9ProfileID = 0x100044EC;
c1E7__9ProfileID = 0x100044F0;
c1E8__9ProfileID = 0x100044F4;
c1E9__9ProfileID = 0x100044F8;
c1EA__9ProfileID = 0x100044FC;
c1EB__9ProfileID = 0x10004500;
c1EC__9ProfileID = 0x10004504;
c1ED__9ProfileID = 0x10004508;
c1EE__9ProfileID = 0x1000450C;
c1EF__9ProfileID = 0x10004510;
c1F0__9ProfileID = 0x10004514;
c1F1__9ProfileID = 0x10004518;
c1F2__9ProfileID = 0x1000451C;
c1F3__9ProfileID = 0x10004520;
c1F4__9ProfileID = 0x10004524;
c1F5__9ProfileID = 0x10004528;
c1F6__9ProfileID = 0x1000452C;
c1F7__9ProfileID = 0x10004530;
c1F8__9ProfileID = 0x10004534;
c1F9__9ProfileID = 0x10004538;
c1FA__9ProfileID = 0x1000453C;
c1FB__9ProfileID = 0x10004540;
c1FC__9ProfileID = 0x10004544;
c1FD__9ProfileID = 0x10004548;
c1FE__9ProfileID = 0x1000454C;
c1FF__9ProfileID = 0x10004550;
c200__9ProfileID = 0x10004554;
c201__9ProfileID = 0x10004558;
c202__9ProfileID = 0x1000455C;
c203__9ProfileID = 0x10004560;
c204__9ProfileID = 0x10004564;
c205__9ProfileID = 0x10004568;
c206__9ProfileID = 0x1000456C;
c207__9ProfileID = 0x10004570;
c208__9ProfileID = 0x10004574;
c209__9ProfileID = 0x10004578;
c20A__9ProfileID = 0x1000457C;
c20B__9ProfileID = 0x10004580;
c20C__9ProfileID = 0x10004584;
c20D__9ProfileID = 0x10004588;
c20E__9ProfileID = 0x1000458C;
c20F__9ProfileID = 0x10004590;
c210__9ProfileID = 0x10004594;
c211__9ProfileID = 0x10004598;
c212__9ProfileID = 0x1000459C;
c213__9ProfileID = 0x100045A0;
c214__9ProfileID = 0x100045A4;
c215__9ProfileID = 0x100045A8;
c216__9ProfileID = 0x100045AC;
c217__9ProfileID = 0x100045B0;
c218__9ProfileID = 0x100045B4;
c219__9ProfileID = 0x100045B8;
c21A__9ProfileID = 0x100045BC;
c21B__9ProfileID = 0x100045C0;
c21C__9ProfileID = 0x100045C4;
c21D__9ProfileID = 0x100045C8;
c21E__9ProfileID = 0x100045CC;
c21F__9ProfileID = 0x100045D0;
c220__9ProfileID = 0x100045D4;
c221__9ProfileID = 0x100045D8;
c222__9ProfileID = 0x100045DC;
c223__9ProfileID = 0x100045E0;
c224__9ProfileID = 0x100045E4;
c225__9ProfileID = 0x100045E8;
c226__9ProfileID = 0x100045EC;
c227__9ProfileID = 0x100045F0;
c228__9ProfileID = 0x100045F4;
c229__9ProfileID = 0x100045F8;
c22A__9ProfileID = 0x100045FC;
c22B__9ProfileID = 0x10004600;
c22C__9ProfileID = 0x10004604;
c22D__9ProfileID = 0x10004608;
cFireBallKeronpa__9ProfileID = 0x1000460C;
cFireBallKeronpaRDash__9ProfileID = 0x10004610;
c230__9ProfileID = 0x10004614;
c231__9ProfileID = 0x10004618;
c232__9ProfileID = 0x1000461C;
c233__9ProfileID = 0x10004620;
c234__9ProfileID = 0x10004624;
c235__9ProfileID = 0x10004628;
c236__9ProfileID = 0x1000462C;
c237__9ProfileID = 0x10004630;
c238__9ProfileID = 0x10004634;
c239__9ProfileID = 0x10004638;
c23A__9ProfileID = 0x1000463C;
c23B__9ProfileID = 0x10004640;
c23C__9ProfileID = 0x10004644;
c23D__9ProfileID = 0x10004648;
c23E__9ProfileID = 0x1000464C;
c23F__9ProfileID = 0x10004650;
c240__9ProfileID = 0x10004654;
c241__9ProfileID = 0x10004658;
c242__9ProfileID = 0x1000465C;
c243__9ProfileID = 0x10004660;
c244__9ProfileID = 0x10004664;
c245__9ProfileID = 0x10004668;
c246__9ProfileID = 0x1000466C;
c247__9ProfileID = 0x10004670;
c248__9ProfileID = 0x10004674;
c249__9ProfileID = 0x10004678;
c24A__9ProfileID = 0x1000467C;
cBgCenter__9ProfileID = 0x10004680;
c24C__9ProfileID = 0x10004684;
c24D__9ProfileID = 0x10004688;
c24E__9ProfileID = 0x1000468C;
cKinoko__9ProfileID = 0x10004690;
cFireFlower__9ProfileID = 0x10004694;
cMameKinoko__9ProfileID = 0x10004698;
cIceFlower__9ProfileID = 0x1000469C;
cPropeller__9ProfileID = 0x100046A0;
cPenguin__9ProfileID = 0x100046A4;
cOneUpKinoko__9ProfileID = 0x100046A8;
cMusasabi__9ProfileID = 0x100046AC;
cSuperMoon__9ProfileID = 0x100046B0;
cTitleDemoItem__9ProfileID = 0x100046B4;
c259__9ProfileID = 0x100046B8;
c25A__9ProfileID = 0x100046BC;
c25B__9ProfileID = 0x100046C0;
c25C__9ProfileID = 0x100046C4;
c25D__9ProfileID = 0x100046C8;
c25E__9ProfileID = 0x100046CC;
c25F__9ProfileID = 0x100046D0;
c260__9ProfileID = 0x100046D4;
c261__9ProfileID = 0x100046D8;
c262__9ProfileID = 0x100046DC;
c263__9ProfileID = 0x100046E0;
c264__9ProfileID = 0x100046E4;
c265__9ProfileID = 0x100046E8;
c266__9ProfileID = 0x100046EC;
c267__9ProfileID = 0x100046F0;
c268__9ProfileID = 0x100046F4;
cSpanner__9ProfileID = 0x100046F8;
c26A__9ProfileID = 0x100046FC;
c26B__9ProfileID = 0x10004700;
c26C__9ProfileID = 0x10004704;
c26D__9ProfileID = 0x10004708;
c26E__9ProfileID = 0x1000470C;
c26F__9ProfileID = 0x10004710;
c270__9ProfileID = 0x10004714;
c271__9ProfileID = 0x10004718;
c272__9ProfileID = 0x1000471C;
c273__9ProfileID = 0x10004720;
c274__9ProfileID = 0x10004724;
c275__9ProfileID = 0x10004728;
c276__9ProfileID = 0x1000472C;
c277__9ProfileID = 0x10004730;
c278__9ProfileID = 0x10004734;
c279__9ProfileID = 0x10004738;
cWakiSearchMagKiller__9ProfileID = 0x1000473C;
c27B__9ProfileID = 0x10004740;
c27C__9ProfileID = 0x10004744;
c27D__9ProfileID = 0x10004748;
c27E__9ProfileID = 0x1000474C;
c27F__9ProfileID = 0x10004750;
cGabonRock__9ProfileID = 0x10004754;
c281__9ProfileID = 0x10004758;
c282__9ProfileID = 0x1000475C;
cRockGabonRock__9ProfileID = 0x10004760;
c284__9ProfileID = 0x10004764;
cSeichanSnowBall__9ProfileID = 0x10004768;
c286__9ProfileID = 0x1000476C;
c287__9ProfileID = 0x10004770;
c288__9ProfileID = 0x10004774;
c289__9ProfileID = 0x10004778;
c28A__9ProfileID = 0x1000477C;
c28B__9ProfileID = 0x10004780;
c28C__9ProfileID = 0x10004784;
c28D__9ProfileID = 0x10004788;
c28E__9ProfileID = 0x1000478C;
c28F__9ProfileID = 0x10004790;
c290__9ProfileID = 0x10004794;
c291__9ProfileID = 0x10004798;
c292__9ProfileID = 0x1000479C;
c293__9ProfileID = 0x100047A0;
c294__9ProfileID = 0x100047A4;
c295__9ProfileID = 0x100047A8;
c296__9ProfileID = 0x100047AC;
c297__9ProfileID = 0x100047B0;
c298__9ProfileID = 0x100047B4;
c299__9ProfileID = 0x100047B8;
c29A__9ProfileID = 0x100047BC;
c29B__9ProfileID = 0x100047C0;
c29C__9ProfileID = 0x100047C4;
c29D__9ProfileID = 0x100047C8;
c29E__9ProfileID = 0x100047CC;
c29F__9ProfileID = 0x100047D0;
c2A0__9ProfileID = 0x100047D4;
c2A1__9ProfileID = 0x100047D8;
c2A2__9ProfileID = 0x100047DC;
c2A3__9ProfileID = 0x100047E0;
c2A4__9ProfileID = 0x100047E4;
c2A5__9ProfileID = 0x100047E8;
cBun__9ProfileID = 0x100047EC;
cBunW2__9ProfileID = 0x100047F0;
cBunW3__9ProfileID = 0x100047F4;
cBunW4__9ProfileID = 0x100047F8;
cBunW5__9ProfileID = 0x100047FC;
cBunW6__9ProfileID = 0x10004800;
cBunDemo__9ProfileID = 0x10004804;
cKokoopaDemo__9ProfileID = 0x10004808;
cKoopaJrDemo__9ProfileID = 0x1000480C;
cKameckDemo__9ProfileID = 0x10004810;
cBossKKDemo__9ProfileID = 0x10004814;
cPeachFinalCastleKoopaJrDemo__9ProfileID = 0x10004818;
cKoopaDemo__9ProfileID = 0x1000481C;
cFinalKoopaDemo__9ProfileID = 0x10004820;
cPeachDemo__9ProfileID = 0x10004824;
cLarry__9ProfileID = 0x10004828;
cKokoopaSearchFire__9ProfileID = 0x1000482C;
cLemmy__9ProfileID = 0x10004830;
cMorton__9ProfileID = 0x10004834;
cMortonSanbo__9ProfileID = 0x10004838;
cMortonSanboParts__9ProfileID = 0x1000483C;
cWendy__9ProfileID = 0x10004840;
cWendyRing__9ProfileID = 0x10004844;
cLudwig__9ProfileID = 0x10004848;
cLudwigAlterEgo__9ProfileID = 0x1000484C;
cIggy__9ProfileID = 0x10004850;
cIggyMagic__9ProfileID = 0x10004854;
cWoogan__9ProfileID = 0x10004858;
cRoy__9ProfileID = 0x1000485C;
cRoyLiftWaki__9ProfileID = 0x10004860;
cBossKK__9ProfileID = 0x10004864;
cBossKKThunder__9ProfileID = 0x10004868;
cKameck__9ProfileID = 0x1000486C;
cKameckIceConfig__9ProfileID = 0x10004870;
cKameckWarpPos__9ProfileID = 0x10004874;
cKameckMagic__9ProfileID = 0x10004878;
cPeachFinalCastleKoopaJr__9ProfileID = 0x1000487C;
cKoopa__9ProfileID = 0x10004880;
cKoopaFireWaki__9ProfileID = 0x10004884;
cKoopaFire__9ProfileID = 0x10004888;
cDemoKoopaJrClown__9ProfileID = 0x1000488C;
cDemoKoopaJr__9ProfileID = 0x10004890;
cBunDemoKameck__9ProfileID = 0x10004894;
cKoopaDemoKameck__9ProfileID = 0x10004898;
cBossKKDemoKameck__9ProfileID = 0x1000489C;
cBossKKDemoKK__9ProfileID = 0x100048A0;
cFinalKoopaFire__9ProfileID = 0x100048A4;
cFinalKoopaJr__9ProfileID = 0x100048A8;
cFinalKoopaJrFire__9ProfileID = 0x100048AC;
cFinalBomhei__9ProfileID = 0x100048B0;
cKokoopaShipLemmy__9ProfileID = 0x100048B4;
cKokoopaShipMorton__9ProfileID = 0x100048B8;
cKokoopaShipLarry__9ProfileID = 0x100048BC;
cKokoopaShipWendy__9ProfileID = 0x100048C0;
cKokoopaShipIggy__9ProfileID = 0x100048C4;
cKokoopaShipRoy__9ProfileID = 0x100048C8;
cKokoopaShipLudwig__9ProfileID = 0x100048CC;
cPeach__9ProfileID = 0x100048D0;
c2E0__9ProfileID = 0x100048D4;
cFinalDVPeach__9ProfileID = 0x100048D8;
cFinalDVShutter__9ProfileID = 0x100048DC;
c2E3__9ProfileID = 0x100048E0;
c2E4__9ProfileID = 0x100048E4;
c2E5__9ProfileID = 0x100048E8;
c2E6__9ProfileID = 0x100048EC;
c2E7__9ProfileID = 0x100048F0;
c2E8__9ProfileID = 0x100048F4;
c2E9__9ProfileID = 0x100048F8;
c2EA__9ProfileID = 0x100048FC;
c2EB__9ProfileID = 0x10004900;
c2EC__9ProfileID = 0x10004904;
c2ED__9ProfileID = 0x10004908;
c2EE__9ProfileID = 0x1000490C;
c2EF__9ProfileID = 0x10004910;
c2F0__9ProfileID = 0x10004914;
c2F1__9ProfileID = 0x10004918;
c2F2__9ProfileID = 0x1000491C;
c2F3__9ProfileID = 0x10004920;
c2F4__9ProfileID = 0x10004924;
c2F5__9ProfileID = 0x10004928;
cHammer__9ProfileID = 0x1000492C;
c2F7__9ProfileID = 0x10004930;
cBoomerang__9ProfileID = 0x10004934;
c2F9__9ProfileID = 0x10004938;
cFireBallBros__9ProfileID = 0x1000493C;
c2FB__9ProfileID = 0x10004940;
cIceBallBros__9ProfileID = 0x10004944;
c2FD__9ProfileID = 0x10004948;
cMegaHammer__9ProfileID = 0x1000494C;
c2FF__9ProfileID = 0x10004950;
c300__9ProfileID = 0x10004954;
c301__9ProfileID = 0x10004958;
c302__9ProfileID = 0x1000495C;
c303__9ProfileID = 0x10004960;
c304__9ProfileID = 0x10004964;
c305__9ProfileID = 0x10004968;
c306__9ProfileID = 0x1000496C;
c307__9ProfileID = 0x10004970;
c308__9ProfileID = 0x10004974;
c309__9ProfileID = 0x10004978;
c30A__9ProfileID = 0x1000497C;
c30B__9ProfileID = 0x10004980;
c30C__9ProfileID = 0x10004984;
c30D__9ProfileID = 0x10004988;
c30E__9ProfileID = 0x1000498C;
c30F__9ProfileID = 0x10004990;
c310__9ProfileID = 0x10004994;
c311__9ProfileID = 0x10004998;
c312__9ProfileID = 0x1000499C;
c313__9ProfileID = 0x100049A0;
c314__9ProfileID = 0x100049A4;
c315__9ProfileID = 0x100049A8;
c316__9ProfileID = 0x100049AC;
c317__9ProfileID = 0x100049B0;
c318__9ProfileID = 0x100049B4;
c319__9ProfileID = 0x100049B8;
c31A__9ProfileID = 0x100049BC;
c31B__9ProfileID = 0x100049C0;
c31C__9ProfileID = 0x100049C4;
c31D__9ProfileID = 0x100049C8;
c31E__9ProfileID = 0x100049CC;
c31F__9ProfileID = 0x100049D0;
c320__9ProfileID = 0x100049D4;
c321__9ProfileID = 0x100049D8;
c322__9ProfileID = 0x100049DC;
c323__9ProfileID = 0x100049E0;
c324__9ProfileID = 0x100049E4;
c325__9ProfileID = 0x100049E8;
c326__9ProfileID = 0x100049EC;
c327__9ProfileID = 0x100049F0;
c328__9ProfileID = 0x100049F4;
cBattleItem__9ProfileID = 0x100049F8;
c32A__9ProfileID = 0x100049FC;
cVsBattleItem__9ProfileID = 0x10004A00;
c32C__9ProfileID = 0x10004A04;
c32D__9ProfileID = 0x10004A08;
c32E__9ProfileID = 0x10004A0C;
c32F__9ProfileID = 0x10004A10;
c330__9ProfileID = 0x10004A14;
c331__9ProfileID = 0x10004A18;
cKoopaJrFire__9ProfileID = 0x10004A1C;
cKoopaJrBall__9ProfileID = 0x10004A20;
cUnderwaterKoopaJr__9ProfileID = 0x10004A24;
cUnderwaterKoopaJrClown__9ProfileID = 0x10004A28;
cUnderwaterKoopaJrRetreatPos__9ProfileID = 0x10004A2C;
cBoxingKoopaJr__9ProfileID = 0x10004A30;
cBoxingKoopaJrPostBattleDemo__9ProfileID = 0x10004A34;
cBoxingKoopaJrClownPostBattleDemo__9ProfileID = 0x10004A38;
cMiniGamePanelItem__9ProfileID = 0x10004A3C;
cSlotItem__9ProfileID = 0x10004A40;
cCoinmakiCannon__9ProfileID = 0x10004A44;
cCoinmakiItem__9ProfileID = 0x10004A48;
cMiniGameKinopio__9ProfileID = 0x10004A4C;
c33F__9ProfileID = 0x10004A50;
c340__9ProfileID = 0x10004A54;
c341__9ProfileID = 0x10004A58;
c342__9ProfileID = 0x10004A5C;
c343__9ProfileID = 0x10004A60;
c344__9ProfileID = 0x10004A64;
c345__9ProfileID = 0x10004A68;
c346__9ProfileID = 0x10004A6C;
c347__9ProfileID = 0x10004A70;
cStaffCreditChibiYoshiABC__9ProfileID = 0x10004A74;
cStaffCreditChibiYoshiBalloon__9ProfileID = 0x10004A78;
cStaffCreditChibiYoshiBalloonCheer__9ProfileID = 0x10004A7C;
cStaffCreditChibiYoshiLight__9ProfileID = 0x10004A80;
cStaffCreditChibiYoshiLightCheer__9ProfileID = 0x10004A84;
cStaffCreditSoapABC__9ProfileID = 0x10004A88;
cStaffCreditSoapCoin__9ProfileID = 0x10004A8C;
cStaffCreditTottenKun__9ProfileID = 0x10004A90;
c350__9ProfileID = 0x10004A94;
c351__9ProfileID = 0x10004A98;
c352__9ProfileID = 0x10004A9C;
c353__9ProfileID = 0x10004AA0;
cRealizeFeverStar__9ProfileID = 0x10004AA4;
cStar__9ProfileID = 0x10004AA8;
cCourseSelectPlayer__9ProfileID = 0x10004AAC;
cCourseSelectPlayer2PSub__9ProfileID = 0x10004AB0;
cCourseSelectChibiYoshi__9ProfileID = 0x10004AB4;
cCourseSelectCamera__9ProfileID = 0x10004AB8;
cCourseSelectCastle__9ProfileID = 0x10004ABC;
cCourseSelectToride__9ProfileID = 0x10004AC0;
cCourseSelectKinokoHouse1up__9ProfileID = 0x10004AC4;
cCourseSelectKinokoHouseShuffle__9ProfileID = 0x10004AC8;
cCourseSelectKinokoHouseSlot__9ProfileID = 0x10004ACC;
cCourseSelectPeachGates1st__9ProfileID = 0x10004AD0;
cCourseSelectPeachGates2nd__9ProfileID = 0x10004AD4;
cCourseSelectCoursePoint__9ProfileID = 0x10004AD8;
cCourseSelectWorldMoveDokan__9ProfileID = 0x10004ADC;
cCourseSelectW8Cloud__9ProfileID = 0x10004AE0;
cCourseSelectGhost__9ProfileID = 0x10004AE4;
cCourseSelectW2Bros__9ProfileID = 0x10004AE8;
cCourseSelectShipW1__9ProfileID = 0x10004AEC;
cCourseSelectShipW2__9ProfileID = 0x10004AF0;
cCourseSelectShipW3__9ProfileID = 0x10004AF4;
cCourseSelectShipW4__9ProfileID = 0x10004AF8;
cCourseSelectShipW5__9ProfileID = 0x10004AFC;
cCourseSelectShipW6__9ProfileID = 0x10004B00;
cCourseSelectShipW7__9ProfileID = 0x10004B04;
cCourseSelectShipW8__9ProfileID = 0x10004B08;
cCourseSelectShipW8Broken__9ProfileID = 0x10004B0C;
cCourseSelectSurrender__9ProfileID = 0x10004B10;
cCourseSelectSwitchA__9ProfileID = 0x10004B14;
cCourseSelectSwitchB__9ProfileID = 0x10004B18;
cCourseSelectTeresa__9ProfileID = 0x10004B1C;
cCourseSelectOpeningKameck__9ProfileID = 0x10004B20;
cCourseSelectTorideBoss__9ProfileID = 0x10004B24;
cCourseSelectPakkun__9ProfileID = 0x10004B28;
cCourseSelectShadowFirstDemoKinopio__9ProfileID = 0x10004B2C;
cCourseSelectTobiPuku__9ProfileID = 0x10004B30;
cCourseSelectChorobon__9ProfileID = 0x10004B34;
cCourseSelectW7Item__9ProfileID = 0x10004B38;
cCourseSelectW5Teresa__9ProfileID = 0x10004B3C;
cCourseSelectFlag__9ProfileID = 0x10004B40;
cCourseSelectMusasabi__9ProfileID = 0x10004B44;
cCourseSelectWPillar__9ProfileID = 0x10004B48;
cCourseSelectW7Bridge__9ProfileID = 0x10004B4C;
cCourseSelectMiiBalloon__9ProfileID = 0x10004B50;
cCourseSelectPenguin__9ProfileID = 0x10004B54;
cCourseSelectW4Item__9ProfileID = 0x10004B58;
cCourseSelectW2Kuribo__9ProfileID = 0x10004B5C;
cCourseSelectPakkunBig__9ProfileID = 0x10004B60;
cCourseSelectShadowKunIcon__9ProfileID = 0x10004B64;
cCourseSelectDekaUnira__9ProfileID = 0x10004B68;
cCourseSelectTomb__9ProfileID = 0x10004B6C;
cCourseSelectShadowFirstDemoShadowKun__9ProfileID = 0x10004B70;
cCourseSelectKotsuCoaster__9ProfileID = 0x10004B74;
cCourseSelectKoopaJr__9ProfileID = 0x10004B78;
cCourseSelectPeach__9ProfileID = 0x10004B7C;
cCourseSelectW1Item__9ProfileID = 0x10004B80;
cCourseSelectStarGate__9ProfileID = 0x10004B84;
cCourseSelectEventAssistant__9ProfileID = 0x10004B88;

/* ActorBgCollisionCheck */
__dt__21ActorBgCollisionCheckFv = 0x0218ADFC;
__CPR72__setSensor__21ActorBgCollisionCheckFPCQ2_J11J6SensorUc = 0x0218AEFC;
init__21ActorBgCollisionCheckFP5ActorPCQ2_21ActorBgCollisionCheck6SensorN22 = 0x0218AF6C;
getSensor__21ActorBgCollisionCheckCFUc = 0x0218CE74;
process__21ActorBgCollisionCheckFv = 0x0218D954;
/* __LSG__typeInfo__L0__getRuntimeTypeInfoStatic__21ActorBgCollisionCheckSFv */
/* typeInfo__L0__getRuntimeTypeInfoStatic__21ActorBgCollisionCheckSFv */

/* ActorBgCollisionMgr */
entry__19ActorBgCollisionMgrFRC11BgCollision = 0x0219269C;
release__19ActorBgCollisionMgrFRC11BgCollision = 0x0219282C;
sInstance__19ActorBgCollisionMgr = 0x101C9360;

/* ActorBgCollisionObjCheck */
/* __LSG__typeInfo__L0__getRuntimeTypeInfoStatic__24ActorBgCollisionObjCheckSFv */
/* typeInfo__L0__getRuntimeTypeInfoStatic__24ActorBgCollisionObjCheckSFv */

/* ActorBoxBgCollision */
__LSG__typeInfo__L0__getRuntimeTypeInfoStatic__19ActorBoxBgCollisionSFv = 0x101E9D38;
typeInfo__L0__getRuntimeTypeInfoStatic__19ActorBoxBgCollisionSFv = 0x101E9FBC;

/* ActorCircleBgCollision */
__LSG__typeInfo__L0__getRuntimeTypeInfoStatic__22ActorCircleBgCollisionSFv = 0x101E9F88;
typeInfo__L0__getRuntimeTypeInfoStatic__22ActorCircleBgCollisionSFv = 0x101EA398;

/* ActorCollisionCheck */
__ct__19ActorCollisionCheckFv = 0x0219A960;
__dt__19ActorCollisionCheckFv = 0x0219AB90;
__CPR93__set__19ActorCollisionCheckFP5ActorRCQ2_J5J4InfoP25ActorCollisionHitCallback = 0x0219AF1C;
getTopPos__19ActorCollisionCheckCFv = 0x0219B434;
getUnderPos__19ActorCollisionCheckCFv = 0x0219B450;
getCenterPosY__19ActorCollisionCheckCFv = 0x0219B46C;
getRightPos__19ActorCollisionCheckCFv = 0x0219B480;
getLeftPos__19ActorCollisionCheckCFv = 0x0219B49C;
getCenterPosX__19ActorCollisionCheckCFv = 0x0219B4B8;
cDefault__Q2_19ActorCollisionCheck4Info = 0x10041BC0;

/* ActorCollisionCheckMgr */
sInstance__22ActorCollisionCheckMgr = 0x101C95D8;

/* ActorCollisionHitCallback */
ccCallback0__25ActorCollisionHitCallbackFP19ActorCollisionCheckRCQ2_4sead16Vector2__tm__2_f = 0x0219E7E8;
ccCallback2__25ActorCollisionHitCallbackFP19ActorCollisionCheckRCQ2_4sead16Vector2__tm__2_f = 0x0219E8A4;
bcCallback0__25ActorCollisionHitCallbackFP11BgCollisionRCQ2_4sead16Vector2__tm__2_f = 0x0219E8B8;

/* ActorEllipseBgCollision */
__LSG__typeInfo__L0__getRuntimeTypeInfoStatic__23ActorEllipseBgCollisionSFv = 0x101EA39C;
typeInfo__L0__getRuntimeTypeInfoStatic__23ActorEllipseBgCollisionSFv = 0x101EA3A0;

/* ActorLineBgCollision */
__LSG__typeInfo__L0__getRuntimeTypeInfoStatic__20ActorLineBgCollisionSFv = 0x101EA0FC;
typeInfo__L0__getRuntimeTypeInfoStatic__20ActorLineBgCollisionSFv = 0x101EA100;

/* BasicRideLine */
__ct__13BasicRideLineFv = 0x021A1ACC;

/* BasicRideLineBgCollision */
__ct__24BasicRideLineBgCollisionFv = 0x021A1D38;
__ct__24BasicRideLineBgCollisionFiPQ2_4sead16Vector2__tm__2_fP13BasicRideLineT3 = 0x021A1E04;
__dt__24BasicRideLineBgCollisionFv = 0x021A1F18;
set__24BasicRideLineBgCollisionFP5ActorRCQ2_11BgCollision7InitArg = 0x021A2310;
set__24BasicRideLineBgCollisionFP5ActorRCQ2_11BgCollision7InitArgiPQ2_4sead4Heap = 0x021A2378;
vf34__24BasicRideLineBgCollisionFv = 0x021A25B4;
execute__24BasicRideLineBgCollisionFv = 0x021A2E0C;
checkAreaBasic__24BasicRideLineBgCollisionFP26BgCollisionCheckResultAreaRC21BasicBgCollisionCheckRCQ2_4sead16Vector2__tm__2_fT3Uc = 0x021A2E64;
checkAreaActor__24BasicRideLineBgCollisionFP27ActorBgCollisionCheckResultPQ2_4sead16Vector2__tm__2_fT2UcP21ActorBgCollisionCheck = 0x021A4994;
vf5C__24BasicRideLineBgCollisionFPUi = __deleted_virtual_called;
vf64__24BasicRideLineBgCollisionFv = 0x021A4C4C;
vf6C__24BasicRideLineBgCollisionFv = 0x021A4CB0;
vf74__24BasicRideLineBgCollisionFPUi = 0x021A4FDC;
__LSG__typeInfo__L0__getRuntimeTypeInfoStatic__24BasicRideLineBgCollisionSFv = 0x101E9D48;
typeInfo__L0__getRuntimeTypeInfoStatic__24BasicRideLineBgCollisionSFv = 0x101E9FA8;

/* BgCollision */
setType__11BgCollisionFQ2_11BgCollision4Type = 0x021A5A70;
setSolidType__11BgCollisionFQ2_15BgCheckUnitInfo9SolidType = 0x021A5A90;
setSurfaceType__11BgCollisionFQ2_15BgCheckUnitInfo11SurfaceType = 0x021A5AD0;
vf24__11BgCollisionFPUiUi = 0x021A7688; // TODO: Remove me
vf2C__11BgCollisionFPUi = __deleted_virtual_called;
__LSG__typeInfo__L0__getRuntimeTypeInfoStatic__11BgCollisionSFv = 0x101E9D2C;
typeInfo__L0__getRuntimeTypeInfoStatic__11BgCollisionSFv = 0x101E9FA4;

/* LoopRideLineBgCollision */
__ct__23LoopRideLineBgCollisionFiPQ2_4sead16Vector2__tm__2_fP13BasicRideLineT3 = 0x021A7904;
__dt__23LoopRideLineBgCollisionFv = 0x021A7A04;
vf34__23LoopRideLineBgCollisionFv = 0x021A7E34;
execute__23LoopRideLineBgCollisionFv = 0x021A871C;
checkAreaBasic__23LoopRideLineBgCollisionFP26BgCollisionCheckResultAreaRC21BasicBgCollisionCheckRCQ2_4sead16Vector2__tm__2_fT3Uc = 0x021A8780;
checkAreaActor__23LoopRideLineBgCollisionFP27ActorBgCollisionCheckResultPQ2_4sead16Vector2__tm__2_fT2UcP21ActorBgCollisionCheck = 0x021ABFD8;
vf5C__23LoopRideLineBgCollisionFPUi = __deleted_virtual_called;
vf84__23LoopRideLineBgCollisionFv = 0x021AC8F8;
vf64__23LoopRideLineBgCollisionFv = 0x021ACB50;
vf6C__23LoopRideLineBgCollisionFv = 0x021ACBB4;
vf74__23LoopRideLineBgCollisionFPUi = 0x021ACE40;
vf7C__23LoopRideLineBgCollisionFPQ2_4sead16Vector2__tm__2_ff = 0x021ACE8C;
__LSG__typeInfo__L0__getRuntimeTypeInfoStatic__23LoopRideLineBgCollisionSFv = 0x101E9D30;
typeInfo__L0__getRuntimeTypeInfoStatic__23LoopRideLineBgCollisionSFv = 0x101E9FB4;

/* LoopRideLineBgCollisionUtil */
set__27LoopRideLineBgCollisionUtilSFP23LoopRideLineBgCollisionP5ActorRCQ2_11BgCollision10BoxInitArg = 0x021AD3BC;

/* PoleRopeBgCollision */
__LSG__typeInfo__L0__getRuntimeTypeInfoStatic__19PoleRopeBgCollisionSFv = 0x101EA380;
typeInfo__L0__getRuntimeTypeInfoStatic__19PoleRopeBgCollisionSFv = 0x101EA384;

/* SimpleBoxBgCollision */
__LSG__typeInfo__L0__getRuntimeTypeInfoStatic__20SimpleBoxBgCollisionSFv = 0x101E9EA0;
typeInfo__L0__getRuntimeTypeInfoStatic__20SimpleBoxBgCollisionSFv = 0x101E9FCC;

/* SimpleShapeBgCollision */
vf54__22SimpleShapeBgCollisionFPUcPQ2_4sead16Vector2__tm__2_f = 0x021B096C;
__LSG__typeInfo__L0__getRuntimeTypeInfoStatic__22SimpleShapeBgCollisionSFv = 0x101E9D34;
typeInfo__L0__getRuntimeTypeInfoStatic__22SimpleShapeBgCollisionSFv = 0x101E9FB8;

/* UnitBgCollisionHolder */
setFromBgUnit__21UnitBgCollisionHolderFRCQ2_4sead16Vector2__tm__2_fUcRCQ2_4sead17BitFlag__tm__3_Uc = 0x021B1094;
sInstance__21UnitBgCollisionHolder = 0x101C9650;

/* CourseSelectTask::Layer2D */
__vtbl__Q2_16CourseSelectTask7Layer2D = 0x10047018;

/* CourseSelectMap */
createInstance__15CourseSelectMapSFPQ2_4sead4Heap = 0x021F8A40;
sInstance__15CourseSelectMap = 0x101CBE14;

/* EffectCreateUtil */
createEffect__16EffectCreateUtilSFiPCQ2_4sead16Vector3__tm__2_fPC6Angle3T2 = 0x022AB080;

/* PtclMgr */
cleanUp__7PtclMgrFv = 0x022AC7B8;
getEmitterSetGroupID__7PtclMgrCFiUi = 0x022ACE58;
setUserDataCallbacks__7PtclMgrFv = 0x022ACE84;
resetUserDataCallbacks__7PtclMgrFv = 0x022AD468;
sInstance__7PtclMgr = 0x101CD3A8;

/* Enemy */
__LSG__typeInfo__L0__getRuntimeTypeInfoStatic__5EnemySFv = 0x101E9EEC;
typeInfo__L0__getRuntimeTypeInfoStatic__5EnemySFv = 0x101E9EF0;

/* AreaTask */
drawLayer3D__8AreaTaskFRCQ3_3agl3lyr10RenderInfo = 0x024B84A8;

/* SelectCursor */
createInstance__12SelectCursorSFPQ2_4sead4Heap = 0x024C635C;
create__12SelectCursorFv = 0x024C63E0;
sInstance__12SelectCursor = 0x101D17A8;

/* Info */
sInstance__4Info = 0x101D18EC;

/* BasicModel */
__ct__10BasicModelFP8ModelG3dUiN42 = 0x024D4798;
__CPR93__init__10BasicModelFP13ModelResourcePCQ2_4sead32PtrArray__tm__16_J20JPQ2_J40J4Heap = 0x024D49A0;
playAnmFrameCtrl__10BasicModelFv = 0x024D4D20;
calcMdl__10BasicModelFv = 0x024D4E84;

/* LightMapMgr */
initialize__11LightMapMgrFPQ2_4sead4Heap = 0x024E4318;
sInstance__11LightMapMgr = 0x101D2C60;

/* Model */
__LSG__typeInfo__L0__getRuntimeTypeInfoStatic__5ModelSFv = 0x101E9D08;
typeInfo__L0__getRuntimeTypeInfoStatic__5ModelSFv = 0x101E9F9C;

/* Model??? */
createG3d__5ModelSFRC13ModelResourceRCQ2_4sead23SafeStringBase__tm__2_ciN43Q2_5Model12BoundingModePQ2_4sead4Heap = 0x024EE440;

/* ModelG3d */
__vtbl__8ModelG3d = 0x100BCF30;
__LSG__typeInfo__L0__getRuntimeTypeInfoStatic__8ModelG3dSFv = 0x101E9F78;
typeInfo__L0__getRuntimeTypeInfoStatic__8ModelG3dSFv = 0x101E9FA0;

/* ModelResourceMgr */
getResource__16ModelResourceMgrCFRCQ2_4sead23SafeStringBase__tm__2_c = 0x024F60EC;
sInstance__16ModelResourceMgr = 0x101D2D50;

/* Layer */
__ct__5LayerFv = 0x024F9290;
__dt__5LayerFv = 0x024F92EC;
preDraw__5LayerCFRCQ3_3agl3lyr10RenderInfo = 0x024F9340;
postDraw__5LayerCFRCQ3_3agl3lyr10RenderInfo = 0x024F9344;
__LSG__typeInfo__L0__getRuntimeTypeInfoStatic__5LayerSFv = 0x101E9E5C;
typeInfo__L0__getRuntimeTypeInfoStatic__5LayerSFv = 0x101EA070;

/* Renderer */
setLayer__8RendererFPQ3_3agl3lyr5LayerQ2_8Renderer10GatherType = 0x024FAA50;
resetLayer__8RendererFv = 0x024FAB4C;
drawModel__8RendererFP5Model = 0x024FAB58;
drawModel__8RendererFPC10BasicModel = 0x024FAC98;
drawActorBgUnit__8RendererF6UnitIDRCQ2_4sead16Vector3__tm__2_f5AngleT2 = 0x024FAD28;
sInstance__8Renderer = 0x101D2D88;

/* RenderMgr */
__ct__9RenderMgrFRCQ2_4sead23SafeStringBase__tm__2_c = 0x024FAF58;
initialize__9RenderMgrFiN31PQ2_4sead4Heap = 0x024FB128;

/* RenderObjBase */
__LSG__typeInfo__L0__getRuntimeTypeInfoStatic__13RenderObjBaseSFv = 0x101E9D00;
typeInfo__L0__getRuntimeTypeInfoStatic__13RenderObjBaseSFv = 0x101E9F94;

/* RenderObj */
__LSG__typeInfo__L0__getRuntimeTypeInfoStatic__9RenderObjSFv = 0x101E9D04;
typeInfo__L0__getRuntimeTypeInfoStatic__9RenderObjSFv = 0x101E9F98;

/* RenderObjLayerBase */
setRenderMgr__18RenderObjLayerBaseFP9RenderMgr = 0x024FCA24;
__LSG__typeInfo__L0__getRuntimeTypeInfoStatic__18RenderObjLayerBaseSFv = 0x101E9E60;
typeInfo__L0__getRuntimeTypeInfoStatic__18RenderObjLayerBaseSFv = 0x101EA074;

/* RenderObjLayer */
__ct__14RenderObjLayerFv = 0x024FCA6C;

/* SysController */
calcRemote_URCC___13SysControllerFPCQ2_4sead10Controller = 0x02512088;
calcRemote_URCC_Acc___13SysControllerFPCQ2_4sead10Controller = 0x025121F4;
calcRemote_Core___13SysControllerFPCQ2_4sead10Controller = 0x025124D8;
calcRemote_Nunchuk___13SysControllerFPCQ2_4sead10Controller = 0x025127F8;

/* SysControllerWrapper */
__dt__20SysControllerWrapperFv = 0x025140E8;
__ct__20SysControllerWrapperFv = 0x02514150;
registerWith__20SysControllerWrapperFQ2_13SysController2Id = 0x025141B0;

/* ChangePlayerNum */
__ct__15ChangePlayerNumFv = 0x02553AB8;
__dt__15ChangePlayerNumFv = 0x02553D24;
create__15ChangePlayerNumFv = 0x02553E28;
execute__15ChangePlayerNumFv = 0x025546B8;
draw__15ChangePlayerNumCFRCQ3_3agl3lyr10RenderInfo = 0x025548D0;
drawBtn__15ChangePlayerNumCFRCQ3_3agl3lyr10RenderInfo = 0x0255491C;
gather__15ChangePlayerNumFv = 0x025549A8;
setPlayerCharacter__15ChangePlayerNumFiT1 = 0x02554A24;
resetPlayerCharacter__15ChangePlayerNumFiT1 = 0x02554A70;

/* ChangePlayerNumBtn */
ChangePlayerNumBtn_HandleTakenCharacter_Continue = 0x02557C78;
ChangePlayerNumBtn_IsCharacterTaken_Continue = 0x02558B28;
ChangePlayerNumBtn_InitializeState_PostDecide_Continue = 0x02559388;

/* CourseSelectMenu */
CourseSelectMenu_ExecuteState_ChangePlayerNum_Continue = 0x025A5638;

/* Bg */
getUnitCurrentCdFile__2BgSFUsT1UcPi = 0x02685000;
getBgCheckData__2BgFUsT1Ucb = 0x02685148;
sInstance__2Bg = 0x101DAB94;

/* CourseDataFile */
getMapActor__14CourseDataFileFUiPv = 0x02699C08;
getLocation__14CourseDataFileCFPQ2_4sead18BoundBox2__tm__2_fUc = 0x0269A020;
getRailInfo__14CourseDataFileFUc = 0x0269A0A8;
getRailPoint__14CourseDataFileFUi = 0x0269A0F4;

/* CourseData */
getFile__10CourseDataFi = 0x0269A2DC;
sInstance__10CourseData = 0x101DB048;

/* PSwitchMgr */
sInstance__10PSwitchMgr = 0x101DB06C;

/* ActorBlockBase */
__ct__14ActorBlockBaseFRC16ActorCreateParam = 0x0269E614;
execute___14ActorBlockBaseFv = 0x0269E6C4;
draw___14ActorBlockBaseFv = 0x0269E77C;
spawnItemUp__14ActorBlockBaseFv = 0x0269EBC0;
spawnItemDown__14ActorBlockBaseFv = 0x0269EBC4;
vf1CC__14ActorBlockBaseFv = 0x0269EC04;
isActive__14ActorBlockBaseFv = 0x0269EC1C;
vf2EC__14ActorBlockBaseFv = 0x0269EFE4;
executeBlock__14ActorBlockBaseFv = 0x0269F078;
destroy__14ActorBlockBaseFv = 0x0269F25C;
destroy2__14ActorBlockBaseFv = 0x0269F33C;
setBelowSensor__14ActorBlockBaseFv = 0x0269F400;
vf2C4__14ActorBlockBaseFv = 0x0269F410;
vf1EC__14ActorBlockBaseFv = 0x0269F674;
init__14ActorBlockBaseFbT1 = 0x0269F6C8;
initMover__14ActorBlockBaseFv = 0x0269FB30;
executeState_Wait__14ActorBlockBaseFv = 0x026A0068;
executeState_HitWait__14ActorBlockBaseFv = 0x026A0074;
vf2DC__14ActorBlockBaseFv = 0x026A0404;
getContent__14ActorBlockBaseFv = 0x026A0408;
vf2F4__14ActorBlockBaseFPv = 0x026A0418;
vf314__14ActorBlockBaseFv = 0x026A0434;
vf31C__14ActorBlockBaseFv = 0x026A0438;
vf324__14ActorBlockBaseFv = 0x026A043C;
vf32C__14ActorBlockBaseFv = 0x026A0440;
checkDerivedRuntimeTypeInfo__14ActorBlockBaseCFPCQ3_4sead15RuntimeTypeInfo9Interface = 0x026A0460;
initializeState_Wait__14ActorBlockBaseFv = 0x026A061C;
finalizeState_Wait__14ActorBlockBaseFv = 0x026A0620;
initializeState_HitWait__14ActorBlockBaseFv = 0x026A0624;
finalizeState_HitWait__14ActorBlockBaseFv = 0x026A0628;
__vtbl__14ActorBlockBase = 0x100E6960;
__LSG__typeInfo__L0__getRuntimeTypeInfoStatic__14ActorBlockBaseSFv = 0x101E9CF4;
typeInfo__L0__getRuntimeTypeInfoStatic__14ActorBlockBaseSFv = 0x101E9CF8;
StateID_Wait__14ActorBlockBase = 0x1021E8E0;
StateID_HitWait__14ActorBlockBase = 0x1021E904;
getRuntimeTypeInfo__14ActorBlockBaseCFv = __deleted_virtual_called;

/* BlockCoinBase */
vf1D4__13BlockCoinBaseFb = 0x02704868;
spawnCoinShower__13BlockCoinBaseFv = 0x027048E4;
callbackFoot__13BlockCoinBaseSFP11BgCollisionP21ActorBgCollisionCheck = 0x02704ECC;
callbackFoot_Hit__13BlockCoinBaseSFP11BgCollisionP21ActorBgCollisionCheck = 0x027050F0;
callbackHead__13BlockCoinBaseSFP11BgCollisionP21ActorBgCollisionCheck = 0x02705528;
callbackHead_Hit__13BlockCoinBaseSFP11BgCollisionP21ActorBgCollisionCheck = 0x0270595C;
callBackWall__13BlockCoinBaseSFP11BgCollisionP21ActorBgCollisionCheckUc = 0x02705EFC;
callBackWall_Hit__13BlockCoinBaseSFP11BgCollisionP21ActorBgCollisionCheckUc = 0x027060C0;
spawnVine__13BlockCoinBaseFv = 0x027062A8;
spawnPortableSpring__13BlockCoinBaseFv = 0x02706430;
spawnYoshiEgg__13BlockCoinBaseFb = 0x02706BA4;
spawnPowerup__13BlockCoinBaseFPQ2_4sead16Vector3__tm__2_fUiT2b = 0x02706D1C;
spawnMultiPowerup__13BlockCoinBaseFPQ2_4sead16Vector3__tm__2_fUiT2b = 0x02706FF4;
initializeState_UpMove__13BlockCoinBaseFv = 0x02707CB4;
executeState_UpMove__13BlockCoinBaseFv = 0x02707CF0;
initializeState_UpMoveEnd__13BlockCoinBaseFv = 0x02707D94;
executeState_UpMoveEnd__13BlockCoinBaseFv = 0x02707DA0;
initializeState_DownMove__13BlockCoinBaseFv = 0x02707DB8;
executeState_DownMove__13BlockCoinBaseFv = 0x02707DFC;
initializeState_DownMoveEnd__13BlockCoinBaseFv = 0x02707E9C;
executeState_DownMoveEnd__13BlockCoinBaseFv = 0x02707EA8;
initializeState_UpMove_Diff__13BlockCoinBaseFv = 0x02707ED0;
executeState_UpMove_Diff__13BlockCoinBaseFv = 0x02707F58;
initializeState_DownMove_Diff__13BlockCoinBaseFv = 0x0270812C;
executeState_DownMove_Diff__13BlockCoinBaseFv = 0x02708198;
initializeState_DownMove_DiffEnd__13BlockCoinBaseFv = 0x0270828C;
executeState_DownMove_DiffEnd__13BlockCoinBaseFv = 0x02708298;
checkDerivedRuntimeTypeInfo__13BlockCoinBaseCFPCQ3_4sead15RuntimeTypeInfo9Interface = 0x02708DC0;
vf18C__13BlockCoinBaseFv = 0x02708EFC;
vf194__13BlockCoinBaseFv = 0x02708F00;
setFootSensor__13BlockCoinBaseFv = 0x02708F04;
vf1A4__13BlockCoinBaseFv = 0x02708F08;
spawnItemUp__13BlockCoinBaseFv = 0x02708F0C;
vf1B4__13BlockCoinBaseFv = 0x02708F10;
vf1BC__13BlockCoinBaseFv = 0x02708F14;
spawnItemDown__13BlockCoinBaseFv = 0x02708F18;
vf1CC__13BlockCoinBaseFv = 0x02708F1C;
vf1DC__13BlockCoinBaseFv = 0x02708F20;
vf1EC__13BlockCoinBaseFv = 0x02708F28;
finalizeState_UpMove__13BlockCoinBaseFv = 0x02708F2C;
finalizeState_UpMoveEnd__13BlockCoinBaseFv = 0x02708F30;
finalizeState_DownMove__13BlockCoinBaseFv = 0x02708F34;
finalizeState_DownMoveEnd__13BlockCoinBaseFv = 0x02708F38;
finalizeState_UpMove_Diff__13BlockCoinBaseFv = 0x02708F3C;
finalizeState_DownMove_Diff__13BlockCoinBaseFv = 0x02708F40;
finalizeState_DownMove_DiffEnd__13BlockCoinBaseFv = 0x02708F44;
__vtbl__13BlockCoinBase = 0x10101A80;
__LSG__typeInfo__L0__getRuntimeTypeInfoStatic__13BlockCoinBaseSFv = 0x101E9CA4;
typeInfo__L0__getRuntimeTypeInfoStatic__13BlockCoinBaseSFv = 0x101E9CA8;
StateID_UpMove_Diff__13BlockCoinBase = 0x1022051C;
StateID_DownMove_DiffEnd__13BlockCoinBase = 0x10220564;

/* ChangeBlockCoinBase */
setTileFlag__19ChangeBlockCoinBaseFv = 0x027265BC;
spawnItemUp__19ChangeBlockCoinBaseFv = 0x02726610;
spawnItemDown__19ChangeBlockCoinBaseFv = 0x02726634;
vf1DC__19ChangeBlockCoinBaseFv = 0x02726644;
vf2CC__19ChangeBlockCoinBaseFv = 0x02726654;
registerColliderActiveInfo__19ChangeBlockCoinBaseFv = 0x02726760;
vf1EC__19ChangeBlockCoinBaseFv = 0x02727980;
vf29C__19ChangeBlockCoinBaseFv = 0x02727984;
vf2AC__19ChangeBlockCoinBaseFv = 0x02727988;
vf2B4__19ChangeBlockCoinBaseFv = 0x02727990;
vf2BC__19ChangeBlockCoinBaseFv = 0x02727994;
vf2C4__19ChangeBlockCoinBaseFv = 0x02727998;
checkDerivedRuntimeTypeInfo__19ChangeBlockCoinBaseCFPCQ3_4sead15RuntimeTypeInfo9Interface = 0x02727A08;
__vtbl__19ChangeBlockCoinBase = 0x101075AC;
__LSG__typeInfo__L0__getRuntimeTypeInfoStatic__19ChangeBlockCoinBaseSFv = 0x101E9CEC;
typeInfo__L0__getRuntimeTypeInfoStatic__19ChangeBlockCoinBaseSFv = 0x101E9CF0;

/* PairObjChild */
checkRevFoot__12PairObjChildSFP5ActorT1 = 0x0283FBAC;
checkRevHead__12PairObjChildSFP5ActorT1 = 0x0283FBE0;
checkRevWall__12PairObjChildSFP5ActorT1Uc = 0x0283FC14;

/* PairObjChildBaseCB */
bcCallback2__18PairObjChildBaseCBFP11BgCollisionRCQ2_4sead16Vector2__tm__2_f = 0x0284184C;

/* ParentMovementMgr */
__ct__17ParentMovementMgrFv = 0x02849C40;
getTypeMask__17ParentMovementMgrF18ParentMovementType = 0x0284A37C;
link__17ParentMovementMgrFRCQ2_4sead16Vector3__tm__2_fUiUc = 0x0284B6F4;
execute__17ParentMovementMgrFv = 0x0284B8C4;

/* PlayerKey */
isUpHeld__9PlayerKeyCFv = 0x02915F78;
isDownHeld__9PlayerKeyCFv = 0x02915F84;
isLeftHeld__9PlayerKeyCFv = 0x02915F90;
isRightHeld__9PlayerKeyCFv = 0x02915F9C;
isUpPressed__9PlayerKeyCFv = 0x02916108;
isDownPressed__9PlayerKeyCFv = 0x02916114;
isOnlyDownHeld__9PlayerKeyCFv = 0x0291644C;

/* PlayerMgr */
sInstance__9PlayerMgr = 0x101E6994;

/* E3CourseSelectScene */
E3CourseSelectScene_SwitchToTitleScene__FPQ2_4sead8TaskBase = 0x02982780;

/* Scene */
isFadein__5SceneCFv = 0x029945B8;
sInstance__5Scene = 0x101E7B28;

/* BgScrollMgr */
sInstance__11BgScrollMgr = 0x101E7C54;

/* AudAudioMgr */
getFxSocket__11AudAudioMgrFv = 0x029B1AA4;

/* AudFxSocket */
getReverbHiParam__11AudFxSocketFv = 0x029B2FD8;
getDelayParam__11AudFxSocketFv = 0x029B2FE0;

/* SndAudioMgr */
sInstance__11SndAudioMgr = 0x101E7C84;

/* SndBgmMgr */
shouldHurryUp__9SndBgmMgrFv = 0x029B83D8;

/* StateID */
__LSG__s_number_memo__L0____ct__7StateIDFv = 0x101E9E9C;
s_number_memo__L0____ct__7StateIDFv = 0x101E9F04;
cNull__7StateID = 0x1022D390;

/* StateMethod */
__ct__11StateMethodFR13IStateFactoryRC7StateID = 0x029C4A08;
executeStateMethod__11StateMethodFv = 0x029C4A80;
changeStateMethod__11StateMethodFRC7StateID = 0x029C4AF0;

/* MainGame */
sInstance__8MainGame = 0x101E7D7C;

/* new/delete */
__nw__FUi = 0x029F1594;
__nwa__FUi = 0x029F1630;
__dl__FPv = 0x029F1748;
__dla__FPv = 0x029F17D0;
__nw__FUiPQ2_4sead4Heapi = 0x029F1858;
__nwa__FUiPQ2_4sead4Heapi = 0x029F18DC;

/* sead::FileDevice */
__CPR122__tryOpen__Q2_4sead10FileDeviceFPQ2_J12J10FileHandleRCQ2_J12J23SafeStringBase__tm__2_cQ3_J12JJ17J12FileOpenFlagUi = 0x029F7804;
tryClose__Q2_4sead10FileDeviceFPQ2_4sead10FileHandle = 0x029F78C0;

/* sead::FileHandle */
read__Q2_4sead10FileHandleFPUcUi = 0x029F81D0;
tryRead__Q2_4sead10FileHandleFPUiPUcUi = 0x029F8230;
getFileSize__Q2_4sead10FileHandleFv = 0x029F8368;

/* sead::FileDeviceMgr */
tryOpen__Q2_4sead13FileDeviceMgrFPQ2_4sead10FileHandleRCQ2_4sead23SafeStringBase__tm__2_cQ3_4sead10FileDevice12FileOpenFlagUi = 0x029F8B0C;
tryLoad__Q2_4sead13FileDeviceMgrFRQ3_4sead10FileDevice7LoadArg = 0x029F8BBC;
sInstance__Q2_4sead13FileDeviceMgr = 0x101E7F18;

/* sead::CalculateTask */
__dt__Q2_4sead13CalculateTaskFv = 0x029FC2F0;
attachCalcImpl__Q2_4sead13CalculateTaskFv = 0x029FC384;
detachCalcImpl__Q2_4sead13CalculateTaskFv = 0x029FC43C;
pauseCalc__Q2_4sead13CalculateTaskFb = 0x029FC444;
getMethodTreeNode__Q2_4sead13CalculateTaskFi = 0x029FC4F0;
__ct__Q2_4sead13CalculateTaskFRCQ2_4sead16TaskConstructArgPCc = 0x029FC508;
attachDrawImpl__Q2_4sead13CalculateTaskFv = 0x029FC854;
detachDrawImpl__Q2_4sead13CalculateTaskFv = 0x029FC858;
pauseDraw__Q2_4sead13CalculateTaskFb = 0x029FC85C;
__LSG__typeInfo__L0__getRuntimeTypeInfoStatic__Q2_4sead13CalculateTaskSFv = 0x101E9A9C;
typeInfo__L0__getRuntimeTypeInfoStatic__Q2_4sead13CalculateTaskSFv = 0x101EA764;
pauseCalcRec__Q2_4sead13CalculateTaskFb = __deleted_virtual_called;
pauseDrawRec__Q2_4sead13CalculateTaskFb = __deleted_virtual_called;
pauseCalcChild__Q2_4sead13CalculateTaskFb = __deleted_virtual_called;
pauseDrawChild__Q2_4sead13CalculateTaskFb = __deleted_virtual_called;
getCorrespondingMethodTreeMgrTypeInfo__Q2_4sead13CalculateTaskCFv = __deleted_virtual_called;

/* sead::MethodTreeNode */
/* __LSG__typeInfo__L0__getRuntimeTypeInfoStatic__Q2_4sead14MethodTreeNodeSFv */
/* typeInfo__L0__getRuntimeTypeInfoStatic__Q2_4sead14MethodTreeNodeSFv */

/* sead::TaskBase */
enterCommon__Q2_4sead8TaskBaseFv = 0x029FF818;
adjustHeapAll__Q2_4sead8TaskBaseFv = 0x029FF9DC;
onEvent__Q2_4sead8TaskBaseFRCQ2_4sead9TaskEvent = 0x029FFF78;
__LSG__typeInfo__L0__getRuntimeTypeInfoStatic__Q2_4sead8TaskBaseSFv = 0x101E9A98;
typeInfo__L0__getRuntimeTypeInfoStatic__Q2_4sead8TaskBaseSFv = 0x101EA768;
onDestroy__Q2_4sead8TaskBaseFv = __deleted_virtual_called;
doneDestroy__Q2_4sead8TaskBaseFv = __deleted_virtual_called;

/* sead::TaskMgr */
destroyTaskSync__Q2_4sead7TaskMgrFPQ2_4sead8TaskBase = 0x02A00D98;

/* sead::Camera */
__vtbl__Q2_4sead6Camera = 0x10190824;
__LSG__typeInfo__L0__getRuntimeTypeInfoStatic__Q2_4sead6CameraSFv = 0x101E9B88;
typeInfo__L0__getRuntimeTypeInfoStatic__Q2_4sead6CameraSFv = 0x101EBC10;

/* sead::LookAtCamera */
__dt__Q2_4sead12LookAtCameraFv = 0x02A04B94;
doUpdateMatrix__Q2_4sead12LookAtCameraCFPQ2_4sead17Matrix34__tm__2_f = 0x02A04BE8;
__vtbl__Q2_4sead12LookAtCamera = 0x1019084C;

/* sead::OrthoCamera */
__ct__Q2_4sead11OrthoCameraFv = 0x02A04D54;
__dt__Q2_4sead11OrthoCameraFv = 0x02A04DE8;
setByOrthoProjection__Q2_4sead11OrthoCameraFRCQ2_4sead15OrthoProjection = 0x02A04E3C;

/* sead::Color4f */
cElementMax__Q2_4sead7Color4f = 0x101908E4;
cElementMin__Q2_4sead7Color4f = 0x101908E8;
cBlack__Q2_4sead7Color4f = 0x105EA080;
cGray__Q2_4sead7Color4f = 0x105EA090;
cWhite__Q2_4sead7Color4f = 0x105EA0A0;
cRed__Q2_4sead7Color4f = 0x105EA0B0;
cGreen__Q2_4sead7Color4f = 0x105EA0C0;
cBlue__Q2_4sead7Color4f = 0x105EA0D0;
cYellow__Q2_4sead7Color4f = 0x105EA0E0;
cMagenta__Q2_4sead7Color4f = 0x105EA0F0;
cCyan__Q2_4sead7Color4f = 0x105EA100;

/* sead::FrameBuffer */
bind__Q2_4sead11FrameBufferCFv = 0x02A058F0;

/* sead::Graphics */
sInstance__Q2_4sead8Graphics = 0x101E8000;

/* sead::GraphicsContextMRT */
__ct__Q2_4sead18GraphicsContextMRTFv = 0x02A07E70;

/* sead::Projection */
getDeviceProjectionMatrix__Q2_4sead10ProjectionCFv = 0x02A05A9C;
__LSG__typeInfo__L0__getRuntimeTypeInfoStatic__Q2_4sead10ProjectionSFv = 0x101E9B74;
typeInfo__L0__getRuntimeTypeInfoStatic__Q2_4sead10ProjectionSFv = 0x101EA808;

/* sead::PerspectiveProjection */
__ct__Q2_4sead21PerspectiveProjectionFv = 0x02A06108;
__dt__Q2_4sead21PerspectiveProjectionFv = 0x02A06298;
set__Q2_4sead21PerspectiveProjectionFfN31 = 0x02A062EC;

/* sead::OrthoProjection */
__ct__Q2_4sead15OrthoProjectionFv = 0x02A06518;
__dt__Q2_4sead15OrthoProjectionFv = 0x02A067C4;
setTBLR__Q2_4sead15OrthoProjectionFfN31 = 0x02A06818;

/* sead::Viewport */
__ct__Q2_4sead8ViewportFfN31 = 0x02A072FC;
__ct__Q2_4sead8ViewportFRCQ2_4sead18LogicalFrameBuffer = 0x02A074C8;
getOnFrameBufferPos__Q2_4sead8ViewportCFPQ2_4sead16Vector2__tm__2_fRCQ2_4sead18LogicalFrameBuffer = 0x02A07570;
getOnFrameBufferSize__Q2_4sead8ViewportCFPQ2_4sead16Vector2__tm__2_fRCQ2_4sead18LogicalFrameBuffer = 0x02A077B0;
apply__Q2_4sead8ViewportCFRCQ2_4sead18LogicalFrameBuffer = 0x02A0783C;

/* sead::GraphicsContext */
__ct__Q2_4sead15GraphicsContextFv = 0x02A07BBC;
apply__Q2_4sead15GraphicsContextCFv = 0x02A07CB0;

/* sead::PrimitiveRenderer */
setCamera__Q2_4sead17PrimitiveRendererFRCQ2_4sead6Camera = 0x02A083D0;
setProjection__Q2_4sead17PrimitiveRendererFRCQ2_4sead10Projection = 0x02A083E4;
setModelMatrix__Q2_4sead17PrimitiveRendererFRCQ2_4sead17Matrix34__tm__2_f = 0x02A083F8;
begin__Q2_4sead17PrimitiveRendererFv = 0x02A08408;
end__Q2_4sead17PrimitiveRendererFv = 0x02A0841C;
__CPR75__drawQuad__Q2_4sead17PrimitiveRendererFRCQ3_J13JJ18J7QuadArg = 0x02A08430;
sInstance__Q2_4sead17PrimitiveRenderer = 0x101E8010;

/* sead::PrimitiveRenderer::QuadArg */
setColor__Q3_4sead17PrimitiveRenderer7QuadArgFRCQ2_4sead7Color4fT1 = 0x02A08628;

/* sead::IDisposer */
__ct__Q2_4sead9IDisposerFv = 0x02A0A2FC;
__dt__Q2_4sead9IDisposerFv = 0x02A0A384;
__vtbl__Q2_4sead9IDisposer = 0x10190FA8;

/* sead::Heap */
/* __LSG__typeInfo__L0__getRuntimeTypeInfoStatic__Q2_4sead4HeapSFv */
/* typeInfo__L0__getRuntimeTypeInfoStatic__Q2_4sead4HeapSFv */

/* sead::HeapMgr */
findContainHeap__Q2_4sead7HeapMgrCFPCv = 0x02A0D45C;
getCurrentHeap__Q2_4sead7HeapMgrCFv = 0x02A0D554;
sInstancePtr__Q2_4sead7HeapMgr = 0x101E8040;

/* sead::UnitHeap */
/* __LSG__typeInfo__L0__getRuntimeTypeInfoStatic__Q2_4sead8UnitHeapSFv */
/* typeInfo__L0__getRuntimeTypeInfoStatic__Q2_4sead8UnitHeapSFv */

/* sead::MathCalcCommon<f32> */
atanIdx___S__Q2_4sead23MathCalcCommon__tm__2_fSFZ1Z_Ui = 0x02A0E124;
cSinCosTbl__S__Q2_4sead23MathCalcCommon__tm__2_f = 0x10191538;

/* sead::Matrix34<f32> */
ident__S__Q2_4sead17Matrix34__tm__2_f = 0x105EA258;

/* sead::Matrix34CalcCommon<f32> */
__CPR161__makeRTIdx__Q2_4sead27Matrix34CalcCommon__tm__2_fSFRQ3_J14J19Policies__tm__4_Z1Z9Mtx34BaseRCQ2_J14J17Vector3__tm__3_UiRCQ3_J14JJ59J8Vec3Base_v = 0x0203C1C8;
__CPR131__setBase__Q2_4sead27Matrix34CalcCommon__tm__2_fSFRQ3_J12J19Policies__tm__4_Z1Z9Mtx34BaseiRCQ3_J12JJ57J8Vec3Base_v = 0x02046150;
__CPR137__setTranslation__Q2_4sead27Matrix34CalcCommon__tm__2_fSFRQ3_J19J19Policies__tm__4_Z1Z9Mtx34BaseRCQ3_J19JJ64J8Vec3Base_v = 0x02046174;
__CPR128__makeQ__Q2_4sead27Matrix34CalcCommon__tm__2_fSFRQ3_J10J19Policies__tm__4_Z1Z9Mtx34BaseRCQ3_J10JJ55J8QuatBase_v = 0x0205A79C;
__CPR131__makeST__Q2_4sead27Matrix34CalcCommon__tm__2_fSFRQ3_J11J19Policies__tm__4_Z1Z9Mtx34BaseRCQ3_J11JJ56J8Vec3BaseT2_v = 0x02222A88;
__CPR133__makeSRT__Q2_4sead27Matrix34CalcCommon__tm__2_fSFRQ3_J12J19Policies__tm__4_Z1Z9Mtx34BaseRCQ3_J12JJ57J8Vec3BaseN22_v = 0x02508424;

/* sead::Quat<f32> */
unit__S__Q2_4sead13Quat__tm__2_f = 0x105EA598;

/* sead::QuatCalcCommon<f32> */
/* __CPR138__makeVectorRotation__Q2_4sead23QuatCalcCommon__tm__2_fSFRQ3_J23J19Policies__tm__4_Z1Z8QuatBaseRCQ3_J23JJ64J8Vec3BaseT2_b = 0x0205A660; */

/* sead::Vector2<f32> */
zero__S__Q2_4sead16Vector2__tm__2_f = 0x105EA740;
ones__S__Q2_4sead16Vector2__tm__2_f = 0x105EA758;

/* sead::Vector3<f32> */
zero__S__Q2_4sead16Vector3__tm__2_f = 0x105EA760;
ones__S__Q2_4sead16Vector3__tm__2_f = 0x105EA790;

/* sead::Vector4<f32> */
zero__S__Q2_4sead16Vector4__tm__2_f = 0x105EA79C;

/* sead::Vector3CalcCommon<f32> */
/* normalize__Q2_4sead26Vector3CalcCommon__tm__2_fSFRQ3_4sead19Policies__tm__4_Z1Z8Vec3Base_Z1Z = 0x0205A5F4; */

/* sead::Endian */
cConvFuncTable__Q2_4sead6Endian = 0x101929A8;
cHostEndian__Q2_4sead6Endian = 0x105EAA78;

/* sead::SafeStringBase<char> */
cNullChar__S__Q2_4sead23SafeStringBase__tm__2_c = 0x10000044;

/* sead::BufferedSafeStringBase<char> */
format__S__Q2_4sead31BufferedSafeStringBase__tm__2_cFPCZ1Ze_i = 0x02A0F1E4;

/* sead::Resource */
__vtbl__Q2_4sead8Resource = 0x101A3A50;
__LSG__typeInfo__L0__getRuntimeTypeInfoStatic__Q2_4sead8ResourceSFv = 0x101E9BB4;
typeInfo__L0__getRuntimeTypeInfoStatic__Q2_4sead8ResourceSFv = 0x101E9F14;

/* sead::DirectResource */
__vtbl__Q2_4sead14DirectResource = 0x101A3A78;
__LSG__typeInfo__L0__getRuntimeTypeInfoStatic__Q2_4sead14DirectResourceSFv = 0x101E9BB8;
typeInfo__L0__getRuntimeTypeInfoStatic__Q2_4sead14DirectResourceSFv = 0x101E9F18;

/* sead::ResourceMgr */
unregisterDecompressor__Q2_4sead11ResourceMgrFPQ2_4sead12Decompressor = 0x02A13FA8;
sInstance__Q2_4sead11ResourceMgr = 0x101E8074;

/* sead::SZSDecompressor */
getDecompSize__Q2_4sead15SZSDecompressorSFPCv = 0x02A154CC;
decomp__Q2_4sead15SZSDecompressorSFPvUiPCvT2 = 0x02A15654;
__CPR87__streamDecomp__Q2_4sead15SZSDecompressorSFPQ3_J17JJ22J13DecompContextPCvUi = 0x02A157FC;
getDecompAlignment__Q2_4sead15SZSDecompressorSFPCv = 0x02A15AA0;
__dt__Q2_4sead15SZSDecompressorFv = 0x02A15FA8;
__vtbl__Q2_4sead15SZSDecompressor = 0x101A3D68;
__vtbl__42Q2_4sead9IDisposer__Q2_4sead12Decompressor__Q2_4sead15SZSDecompressor = 0x101A3D80;

/* sead::SZSDecompressor::DecompContext */
__ct__Q3_4sead15SZSDecompressor13DecompContextFPv = 0x02A15AF4;

/* agl::IndexStream */
__ct__Q2_3agl11IndexStreamFv = 0x02A1E230;
__dt__Q2_3agl11IndexStreamFv = 0x02A1E2A0;
setUpStream___Q2_3agl11IndexStreamFPCvQ2_3agl17IndexStreamFormatUi = 0x02A1E2E0;

/* agl::RenderBuffer */
__ct__Q2_3agl12RenderBufferFv = 0x02A1E9DC;
__dt__Q2_3agl12RenderBufferFv = 0x02A1E33C;
setRenderTargetColorNullAll__Q2_3agl12RenderBufferFv = 0x02A1E974;
__LSG__typeInfo__L0__getRuntimeTypeInfoStatic__Q2_3agl12RenderBufferSFv = 0x101E9CFC;
typeInfo__L0__getRuntimeTypeInfoStatic__Q2_3agl12RenderBufferSFv = 0x101EADEC;

/* agl::RenderTarget<agl::RenderTargetColor> */
applyTextureData__Q2_3agl47RenderTarget__tm__27_Q2_3agl17RenderTargetColorFRCQ2_3agl11TextureData_v = 0x024D6070;
applyTextureData__Q2_3agl47RenderTarget__tm__27_Q2_3agl17RenderTargetColorFRCQ2_3agl11TextureDataUiT2_v = 0x024D5F90;
applyTextureData___Q2_3agl47RenderTarget__tm__27_Q2_3agl17RenderTargetColorFRCQ2_3agl11TextureDataUiT2_v = 0x024D5EEC;

/* agl::RenderTarget<agl::RenderTargetDepth> */
applyTextureData__Q2_3agl47RenderTarget__tm__27_Q2_3agl17RenderTargetDepthFRCQ2_3agl11TextureData_v = 0x024D6200;
applyTextureData__Q2_3agl47RenderTarget__tm__27_Q2_3agl17RenderTargetDepthFRCQ2_3agl11TextureDataUiT2_v = 0x024D6120;
applyTextureData___Q2_3agl47RenderTarget__tm__27_Q2_3agl17RenderTargetDepthFRCQ2_3agl11TextureDataUiT2_v = 0x024D607C;

/* agl::RenderTargetColor */
__ct__Q2_3agl17RenderTargetColorFv = 0x02A1EFDC;
onApplyTextureData___Q2_3agl17RenderTargetColorFv = 0x02A1EF84;
invalidateGPUCache__Q2_3agl17RenderTargetColorCFv = 0x02A1F088;

/* agl::RenderTargetDepth */
onApplyTextureData___Q2_3agl17RenderTargetDepthFv = 0x02A1F134;

/* agl::ShaderProgram */
validate___Q2_3agl13ShaderProgramCFv = 0x02A213C8;
activate__Q2_3agl13ShaderProgramCFQ2_3agl10ShaderModeb = 0x02A213E8;
getVariation__Q2_3agl13ShaderProgramFi = 0x02A22314;
getVariation__Q2_3agl13ShaderProgramCFi = 0x02A22358;
getVariationMacroValueVariationNum__Q2_3agl13ShaderProgramCFi = 0x02A224B4;

/* agl::TextureData */
__ct__Q2_3agl11TextureDataFv = 0x02A249A0;
invalidateGPUCache__Q2_3agl11TextureDataFv = 0x02A24A64;
__dt__Q2_3agl11TextureDataFv = __deleted_virtual_called;

/* agl::TextureDataInitializerGTX */
initialize__Q2_3agl25TextureDataInitializerGTXSFPQ2_3agl11TextureDataPvUi = 0x02A24F38;

/* agl::TextureSampler */
__ct__Q2_3agl14TextureSamplerFv = 0x02A2587C;
applyTextureData___Q2_3agl14TextureSamplerFRCQ2_3agl11TextureData = 0x02A25990;
__dt__Q2_3agl14TextureSamplerFv = 0x02A25C60;
activate__Q2_3agl14TextureSamplerCFRCQ2_3agl15SamplerLocationi = 0x02A25F18;

/* agl::VertexAttribute */
__ct__Q2_3agl15VertexAttributeFv = 0x02A26654;
__dt__Q2_3agl15VertexAttributeFv = 0x02A267A0;
create__Q2_3agl15VertexAttributeFUiPQ2_4sead4Heap = 0x02A26880;
setVertexStream__Q2_3agl15VertexAttributeFsPCQ2_3agl12VertexBufferUi = 0x02A26A80;
setUp__Q2_3agl15VertexAttributeFv = 0x02A26B94;
activate__Q2_3agl15VertexAttributeCFv = 0x02A26D20;

/* agl::VertexBuffer */
__ct__Q2_3agl12VertexBufferFv = 0x02A26E00;
__dt__Q2_3agl12VertexBufferFv = 0x02A26EE4;
setUpBuffer__Q2_3agl12VertexBufferFPCvUiT2 = 0x02A26F24;
setUpStream__Q2_3agl12VertexBufferFiQ2_3agl18VertexStreamFormatUi = 0x02A26F88;

/* agl::detail::RootNode */
setNodeMeta__Q3_3agl6detail8RootNodeSFPQ3_4sead6hostio4NodeRCQ2_4sead23SafeStringBase__tm__2_c = 0x02A28D64;

/* agl::detail::ShaderHolder */
sInstance__Q3_3agl6detail12ShaderHolder = 0x101E88E8;

/* agl::lyr::DrawMethod */
__dt__Q3_3agl3lyr10DrawMethodFv = 0x02A3760C;
__vtbl__Q3_3agl3lyr10DrawMethod = 0x101A8054;

/* agl::lyr::Layer */
pushBackDrawMethod__Q3_3agl3lyr5LayerFUiPQ3_3agl3lyr10DrawMethod = 0x02A376B8;
pushBackDrawMethod__Q3_3agl3lyr5LayerFPQ3_3agl3lyr10DrawMethod = 0x02A37710;
__LSG__typeInfo__L0__getRuntimeTypeInfoStatic__Q3_3agl3lyr5LayerSFv = 0x101E9D20;
typeInfo__L0__getRuntimeTypeInfoStatic__Q3_3agl3lyr5LayerSFv = 0x101EA06C;

/* agl::lyr::Renderer */
draw__Q3_3agl3lyr8RendererCFQ3_3agl3lyr11DisplayType = 0x02A3AB90;
initLayer_4___Q3_3agl3lyr8RendererFPQ3_3agl3lyr5LayeriRCQ2_4sead23SafeStringBase__tm__2_cQ3_3agl3lyr11DisplayTypePQ2_4sead4Heap = 0x02A3AEEC;
sInstance__Q3_3agl3lyr8Renderer = 0x101E8A2C;

/* agl::lyr::Renderer::createLayer<T> */
createLayer__tm__30_Q2_16CourseSelectTask7Layer2D__Q3_3agl3lyr8RendererFiRCQ2_4sead23SafeStringBase__tm__2_cQ3_3agl3lyr11DisplayTypePQ2_4sead4Heap_PZ1Z = 0x021EF0F0;
createLayer__tm__17_14RenderObjLayer__Q3_3agl3lyr8RendererFiRCQ2_4sead23SafeStringBase__tm__2_cQ3_3agl3lyr11DisplayTypePQ2_4sead4Heap_PZ1Z = 0x021EF180;

/* agl::lyr::RenderStep */
draw__Q3_3agl3lyr10RenderStepCFRCQ3_3agl3lyr10RenderInfo = 0x02A3B558;

/* agl::utl::DebugTexturePage */
__ct__Q3_3agl3utl16DebugTexturePageFv = 0x02A50420;
setUp__Q3_3agl3utl16DebugTexturePageFUiRCQ2_4sead23SafeStringBase__tm__2_cPQ2_4sead4Heap = 0x02A5069C;
cleanUp__Q3_3agl3utl16DebugTexturePageFv = 0x02A509F8;

/* agl::pfx::DepthOfField */
freeBuffer__Q3_3agl3pfx12DepthOfFieldCFi = 0x02A3F34C;
allocBuffer__Q3_3agl3pfx12DepthOfFieldCFiRCQ2_3agl12RenderBuffer = 0x02A40AA0;
bindRenderBuffer___Q3_3agl3pfx12DepthOfFieldCFRQ2_3agl12RenderBufferiT2 = 0x02A40AD4;
__CPR73__drawKick___Q3_3agl3pfx12DepthOfFieldCFRCQ4_3agl3pfxJ22J7DrawArg = 0x02A40CBC;
__CPR99__drawColorMipMap___Q3_3agl3pfx12DepthOfFieldCFRCQ4_3agl3pfxJ29J7DrawArgQ2_3agl10ShaderMode = 0x02A40E9C;
__CPR99__drawDepthMipMap___Q3_3agl3pfx12DepthOfFieldCFRCQ4_3agl3pfxJ29J7DrawArgQ2_3agl10ShaderMode = 0x02A41488;
uniformComposeParam___Q3_3agl3pfx12DepthOfFieldCFRCQ4_3agl3pfx12DepthOfField7DrawArgPCQ2_3agl13ShaderProgram = 0x02A419C8;
uniformVignettingParam___Q3_3agl3pfx12DepthOfFieldCFRCQ4_3agl3pfx12DepthOfField7DrawArgPCQ2_3agl13ShaderProgram = __deleted_virtual_called;
__CPR95__drawCompose___Q3_3agl3pfx12DepthOfFieldCFRCQ4_3agl3pfxJ25J7DrawArgQ2_3agl10ShaderMode = 0x02A425AC;
__CPR98__drawVignetting___Q3_3agl3pfx12DepthOfFieldCFRCQ4_3agl3pfxJ28J7DrawArgQ2_3agl10ShaderMode = 0x02A4280C;

/* agl::utl::DynamicTextureAllocator */
__CPR160__alloc__Q3_3agl3utl23DynamicTextureAllocatorFRCQ2_4sead23SafeStringBase__tm__2_cQ2_3agl13TextureFormatUiN23PPvQ4_3agl3utlJ18J12AllocateTypeb = 0x02A52830;
free__Q3_3agl3utl23DynamicTextureAllocatorFPCQ2_3agl11TextureData = 0x02A52B38;
sInstance__Q3_3agl3utl23DynamicTextureAllocator = 0x101E8A50;

/* agl::utl::ImageFilter2D */
drawTextureQuadTriangle__Q3_3agl3utl13ImageFilter2DSFRCQ2_3agl14TextureSamplerQ2_3agl10ShaderMode = 0x02A53828;

/* agl::utl::ParameterBase */
__ct__Q3_3agl3utl13ParameterBaseFv = 0x02A551A8;
initializeListNode__Q3_3agl3utl13ParameterBaseFRCQ2_4sead23SafeStringBase__tm__2_cN21PQ3_3agl3utl13IParameterObj = 0x02A55154;
__CPR61__copy__Q3_3agl3utl13ParameterBaseFRCQ3_3agl3utlJ17J = __deleted_virtual_called;
__CPR67__copyUnsafe__Q3_3agl3utl13ParameterBaseFRCQ3_3agl3utlJ23J = __deleted_virtual_called;
__CPR68__copyLerp__Q3_3agl3utl13ParameterBaseFRCQ3_3agl3utlJ21JT1f = __deleted_virtual_called;

/* agl::utl::IParameterIO */
__ct__Q3_3agl3utl12IParameterIOFRCQ2_4sead23SafeStringBase__tm__2_cUi = 0x02A56010;
applyResParameterArchive__Q3_3agl3utl12IParameterIOFQ3_3agl3utl19ResParameterArchive = 0x02A56298;
save__Q3_3agl3utl12IParameterIOCFRCQ2_4sead23SafeStringBase__tm__2_cUi = __deleted_virtual_called;
applyResParameterArchiveLerp__Q3_3agl3utl12IParameterIOFQ3_3agl3utl19ResParameterArchiveT1f = __deleted_virtual_called;

/* agl::utl::IParameterList */
addObj__Q3_3agl3utl14IParameterListFPQ3_3agl3utl13IParameterObjRCQ2_4sead23SafeStringBase__tm__2_c = 0x02A56708;

/* agl::utl::IParameterObj */
__ct__Q3_3agl3utl13IParameterObjFv = 0x02A55AE8;

/* agl::utl::PrimitiveShape */
sInstance__Q3_3agl3utl14PrimitiveShape = 0x101E8A64;

/* agl::utl::VertexAttributeHolder */
sInstance__Q3_3agl3utl21VertexAttributeHolder = 0x101E8A7C;

/* nw::eft::EmitterSet */
SetMtx__Q3_2nw3eft10EmitterSetFRCQ3_2nw4math5MTX34 = 0x02A6AD00;

/* nw::eft::Random */
__LSG__a__L0__Init__Q3_2nw3eft6RandomFUi = 0x101E9C88;
a__L0__Init__Q3_2nw3eft6RandomFUi = 0x101EBC7C;

/* nw::eft::System */
Initialize__Q3_2nw3eft6SystemFPQ3_2nw3eft4HeapRCQ3_2nw3eft6Config = 0x02A76F94;
CreateEmitterSetID__Q3_2nw3eft6SystemFPQ3_2nw3eft6HandleRCQ3_2nw4math5MTX34iT3UcUi = 0x02A7F57C;
__vtbl__Q3_2nw3eft6System = 0x101B1A78;

/* nw::math */
F_PI__Q2_2nw4math = 0x101B60FC;
I_HALF_ROUND_IDX__Q2_2nw4math = 0x101B6100;

/* nw::math::MTX34 */
__LSG__identity__L0__Identity__Q3_2nw4math5MTX34SFv = 0x101E9808;
identity__L0__Identity__Q3_2nw4math5MTX34SFv = 0x101EA7D8;

/* nw::math::MTX44 */
__LSG__identity__L0__Identity__Q3_2nw4math5MTX44SFv = 0x101E980C;
identity__L0__Identity__Q3_2nw4math5MTX44SFv = 0x101EBCD0;

/* nw::math::internal */
gSinCosTbl__Q3_2nw4math8internal = 0x101B610C;

/* nw::math::VEC2 */
__LSG__zero__L0__Zero__Q3_2nw4math4VEC2SFv = 0x101E97EC;
zero__L0__Zero__Q3_2nw4math4VEC2SFv = 0x101EBC74;

/* nw::math::VEC3 */
__LSG__zero__L0__Zero__Q3_2nw4math4VEC3SFv = 0x101E97F0;
zero__L0__Zero__Q3_2nw4math4VEC3SFv = 0x101EAF04;

/* GFD */
_GFDCheckHeaderVersions = 0x02AF8A18;
_GFDCheckBlockHeaderMagicVersions = 0x02AF8ABC;
GFDGetVertexShaderCount = 0x02AF8C04;
GFDGetPixelShaderCount = 0x02AF8C10;
GFDGetVertexShaderHeaderSize = 0x02AF8D00;
GFDGetPixelShaderHeaderSize = 0x02AF8D10;
GFDGetVertexShaderProgramSize = 0x02AF8D30;
GFDGetPixelShaderProgramSize = 0x02AF8D40;
_GFDRelocateBlock = 0x02AF8E04;
GFDGetVertexShader = 0x02AF8E3C;
GFDGetPixelShader = 0x02AF8FC0;

/* MTX Library */
ASM_VECCrossProduct = 0x02AF9660;
ASM_VECMag = 0x02AF96C4;
ASM_MTXConcat = 0x02AF98A0;
ASM_MTXTrans = 0x02AF9AD4;
ASM_MTXScale = 0x02AF9B64;

/* GHS C++ FUNCTIONS */
__vec_new = 0x02AFA350;
__vec_delete = 0x02AFA490;
__pure_virtual_called = 0x02AFA554;
__deleted_virtual_called = __deleted_virtual_called;

/* GHS C FUNCTIONS */
__memzero = 0x02AFA55C;
__gh_float_printf = 0x02AFABA8;
_f_ftoll = 0x02AFEBFC;

/* Math */
floorf = 0x02AFDA5C;
ceilf = 0x02AFDAF8;
sqrtf = 0x02AFDCCC; // <-- Do not use this. Use sead::Mathf::sqrt. (and sead::Mathf::rsqrt in place of 1/sqrt)
sinf = 0x02AFDD40;   // <-- If applicable, use sead::Mathf::sinIdx. (or sead::Mathf::sinCosIdx)
powf = 0x02AFDEA8;
cosf = 0x02AFE528;   // <-- If applicable, use sead::Mathf::cosIdx. (or sead::Mathf::sinCosIdx)
atan2f = 0x02AFE670; // <-- If applicable, use sead::Mathf::atan2Idx.

/* Misc */
BLOSDynLoad_Acquire = 0x02A9EF58;
BOSDynLoad_FindExport = 0x02A9F418;
PlayerJumpMax = 0x10166E68;
PlayerDescentRate = 0x10166E74;
PlayerJumpArc = 0x1016A800;
MiniPlayerJumpArc = 0x1016A848;
SFXReverb_0 = 0x101E7D14;
SFXReverb_1 = 0x101E7D18;
SFXReverbPlyJump_0 = 0x101E7D1C;
SFXReverbPlyJump_1 = 0x101E7D20;
DefaultReverbHiParam = 0x1022D328;
DefaultDelayParam = 0x1022D354;
