/* Forward definitions */
__deleted_virtual_called = 0x02AFA5E8;

/* Actor */
removeCollisionCheck__5ActorFv = 0x020002CC;
reviveCollisionCheck__5ActorFv = 0x02000328;
searchNearPlayer__5ActorFRQ2_4sead16Vector2__tm__2_f = 0x020005A4;
getPlayerDirLR__5ActorFRCQ2_4sead16Vector3__tm__2_f = 0x020005EC;
getPlayerDirUD__5ActorFRCQ2_4sead16Vector3__tm__2_f = 0x020006B4;
screenOutCheck__5ActorFUs = 0x020007A0;
yoganWaveSplashEffect__5ActorFRCQ2_4sead16Vector3__tm__2_f = 0x02000960;
__ct__5ActorFRC16ActorCreateParam = 0x02000AC8;
__dt__5ActorFv = 0x02000F18;
postCreate___5ActorFQ2_9ActorBase9MainState = 0x02000FB8;
preExecute___5ActorFv = 0x02000FE8;
postExecute___5ActorFQ2_9ActorBase9MainState = 0x020010BC;
preDraw___5ActorFv = 0x020011A0;
drawCullCheck___5ActorFv = 0x02001254;
allEnemyDeathEffSet__5ActorFv = 0x02002AD8;
waterSplashEffect__5ActorFRCQ2_4sead16Vector3__tm__2_f = 0x02002ADC;
yoganSplashEffect__5ActorFRCQ2_4sead16Vector3__tm__2_f = 0x02002AE0;
poisonSplashEffect__5ActorFRCQ2_4sead16Vector3__tm__2_f = 0x02002AE4;
__vtbl__5Actor = 0x10000268;
__LSG__typeInfo__L0__getRuntimeTypeInfoStatic__5ActorSFv = 0x101E9CBC;
typeInfo__L0__getRuntimeTypeInfoStatic__5ActorSFv = 0x101E9CC0;

/* ActorBase */
getProfileID__9ActorBaseCFv = 0x02002C80;
__ct__9ActorBaseFRC16ActorCreateParam = 0x02002CE0;
__dt__9ActorBaseFv = 0x02002E68;
postCreate___9ActorBaseFQ2_9ActorBase9MainState = 0x02002F00;
preExecute___9ActorBaseFv = 0x02002F04;
postExecute___9ActorBaseFQ2_9ActorBase9MainState = 0x02002F34;
postDraw___9ActorBaseFQ2_9ActorBase9MainState = 0x02002F38;
postDelete___9ActorBaseFQ2_9ActorBase9MainState = 0x02002F3C;
preCreate___9ActorBaseFv = 0x02002F7C;
execute___9ActorBaseFv = 0x02002F8C;
finalUpdate___9ActorBaseFv = 0x02002F94;
preDraw___9ActorBaseFv = 0x02002F98;
draw___9ActorBaseFv = 0x02002FA0;
preDelete___9ActorBaseFv = 0x02002FA8;
doDelete___9ActorBaseFv = 0x02002FB0;
__vtbl__9ActorBase = 0x100006C0;
__LSG__typeInfo__L0__getRuntimeTypeInfoStatic__9ActorBaseSFv = 0x101E9CC4;
typeInfo__L0__getRuntimeTypeInfoStatic__9ActorBaseSFv = 0x101E9CC8;

/* ActorCollision */
postCreate___14ActorCollisionFQ2_9ActorBase9MainState = 0x0200354C;
preExecute___14ActorCollisionFv = 0x020035FC;
postExecute___14ActorCollisionFQ2_9ActorBase9MainState = 0x020036D8;
doDelete___14ActorCollisionFv = 0x02003724;
vf144__14ActorCollisionFi = 0x0200375C;
setSmokeDamage___14ActorCollisionFP5Actor = 0x02003760;
calcSpeedY___14ActorCollisionFv = 0x020039AC;
posMove___14ActorCollisionFv = 0x02003AE4;
vf13C__14ActorCollisionFv = 0x02004008;
__vtbl__14ActorCollision = 0x1000084C;
__LSG__typeInfo__L0__getRuntimeTypeInfoStatic__14ActorCollisionSFv = 0x101E9CD4;
typeInfo__L0__getRuntimeTypeInfoStatic__14ActorCollisionSFv = 0x101E9CD8;

/* ActorMgr */
createImmediately__8ActorMgrFRC16ActorCreateParamQ2_8ActorMgr12CreateOption = 0x02009A58;
sInstance__8ActorMgr = 0x101C30C8;

/* ActorState */
__vtbl__10ActorState = 0x10000EC8;
__LSG__typeInfo__L0__getRuntimeTypeInfoStatic__10ActorStateSFv = 0x101E9CDC;
typeInfo__L0__getRuntimeTypeInfoStatic__10ActorStateSFv = 0x101E9CE0;

/* ActorMultiState */
__ct__15ActorMultiStateFPC14ActorBuildInfo = 0x0200AA8C;
__vtbl__15ActorMultiState = 0x10001048;
__LSG__typeInfo__L0__getRuntimeTypeInfoStatic__15ActorMultiStateSFv = 0x101E9CE4;
typeInfo__L0__getRuntimeTypeInfoStatic__15ActorMultiStateSFv = 0x101E9CE8;

/* ActorUtil */
getSrcToTrgDir__9ActorUtilSFRC5ActorT1 = 0x0200C800;

/* ActorCreateInfo */
cDefault__15ActorCreateInfo = 0x100018F4;

/* Profile */
sProfileList__7Profile = 0x101ED8DC;

/* ProfileInfo */
cDrawPriority__11ProfileInfo = 0x10001940;
cResType__11ProfileInfo = 0x10002064;
cResNum__11ProfileInfo = 0x100023F8;
cProfileID_000__11ProfileInfo = 0x10003D54;
cProfileID_001__11ProfileInfo = 0x10003D58;
cProfileID_002__11ProfileInfo = 0x10003D5C;
cProfileID_003__11ProfileInfo = 0x10003D60;
cProfileID_004__11ProfileInfo = 0x10003D64;
cProfileID_005__11ProfileInfo = 0x10003D68;
cProfileID_006__11ProfileInfo = 0x10003D6C;
cProfileID_007__11ProfileInfo = 0x10003D70;
cProfileID_008__11ProfileInfo = 0x10003D74;
cProfileID_009__11ProfileInfo = 0x10003D78;
cProfileID_00A__11ProfileInfo = 0x10003D7C;
cProfileID_00B__11ProfileInfo = 0x10003D80;
cProfileID_00C__11ProfileInfo = 0x10003D84;
cProfileID_00D__11ProfileInfo = 0x10003D88;
cProfileID_00E__11ProfileInfo = 0x10003D8C;
cProfileID_00F__11ProfileInfo = 0x10003D90;
cProfileID_010__11ProfileInfo = 0x10003D94;
cProfileID_011__11ProfileInfo = 0x10003D98;
cProfileID_012__11ProfileInfo = 0x10003D9C;
cProfileID_013__11ProfileInfo = 0x10003DA0;
cProfileID_014__11ProfileInfo = 0x10003DA4;
cProfileID_015__11ProfileInfo = 0x10003DA8;
cProfileID_016__11ProfileInfo = 0x10003DAC;
cProfileID_017__11ProfileInfo = 0x10003DB0;
cProfileID_MiniGameMgr__11ProfileInfo = 0x10003DB4;
cProfileID_MiniGameMgrRDash__11ProfileInfo = 0x10003DB8;
cProfileID_ShuffleBlockMgr__11ProfileInfo = 0x10003DBC;
cProfileID_SlotMgr__11ProfileInfo = 0x10003DC0;
cProfileID_CoinmakiMgr__11ProfileInfo = 0x10003DC4;
cProfileID_01D__11ProfileInfo = 0x10003DC8;
cProfileID_01E__11ProfileInfo = 0x10003DCC;
cProfileID_01F__11ProfileInfo = 0x10003DD0;
cProfileID_020__11ProfileInfo = 0x10003DD4;
cProfileID_ShootingStar__11ProfileInfo = 0x10003DD8;
cProfileID_StaffRollMgr__11ProfileInfo = 0x10003DDC;
cProfileID_StaffRollMgrRDash__11ProfileInfo = 0x10003DE0;
cProfileID_024__11ProfileInfo = 0x10003DE4;
cProfileID_025__11ProfileInfo = 0x10003DE8;
cProfileID_026__11ProfileInfo = 0x10003DEC;
cProfileID_027__11ProfileInfo = 0x10003DF0;
cProfileID_028__11ProfileInfo = 0x10003DF4;
cProfileID_029__11ProfileInfo = 0x10003DF8;
cProfileID_02A__11ProfileInfo = 0x10003DFC;
cProfileID_02B__11ProfileInfo = 0x10003E00;
cProfileID_02C__11ProfileInfo = 0x10003E04;
cProfileID_02D__11ProfileInfo = 0x10003E08;
cProfileID_02E__11ProfileInfo = 0x10003E0C;
cProfileID_02F__11ProfileInfo = 0x10003E10;
cProfileID_030__11ProfileInfo = 0x10003E14;
cProfileID_031__11ProfileInfo = 0x10003E18;
cProfileID_032__11ProfileInfo = 0x10003E1C;
cProfileID_033__11ProfileInfo = 0x10003E20;
cProfileID_ElasticKinokoParent__11ProfileInfo = 0x10003E24;
cProfileID_FloorGyration__11ProfileInfo = 0x10003E28;
cProfileID_036__11ProfileInfo = 0x10003E2C;
cProfileID_037__11ProfileInfo = 0x10003E30;
cProfileID_038__11ProfileInfo = 0x10003E34;
cProfileID_039__11ProfileInfo = 0x10003E38;
cProfileID_03A__11ProfileInfo = 0x10003E3C;
cProfileID_03B__11ProfileInfo = 0x10003E40;
cProfileID_PairObjChild__11ProfileInfo = 0x10003E44;
cProfileID_03D__11ProfileInfo = 0x10003E48;
cProfileID_03E__11ProfileInfo = 0x10003E4C;
cProfileID_03F__11ProfileInfo = 0x10003E50;
cProfileID_040__11ProfileInfo = 0x10003E54;
cProfileID_041__11ProfileInfo = 0x10003E58;
cProfileID_042__11ProfileInfo = 0x10003E5C;
cProfileID_043__11ProfileInfo = 0x10003E60;
cProfileID_044__11ProfileInfo = 0x10003E64;
cProfileID_045__11ProfileInfo = 0x10003E68;
cProfileID_046__11ProfileInfo = 0x10003E6C;
cProfileID_047__11ProfileInfo = 0x10003E70;
cProfileID_048__11ProfileInfo = 0x10003E74;
cProfileID_049__11ProfileInfo = 0x10003E78;
cProfileID_04A__11ProfileInfo = 0x10003E7C;
cProfileID_04B__11ProfileInfo = 0x10003E80;
cProfileID_04C__11ProfileInfo = 0x10003E84;
cProfileID_KinokoLift__11ProfileInfo = 0x10003E88;
cProfileID_KinokoLiftColor__11ProfileInfo = 0x10003E8C;
cProfileID_LiftZenStar__11ProfileInfo = 0x10003E90;
cProfileID_050__11ProfileInfo = 0x10003E94;
cProfileID_051__11ProfileInfo = 0x10003E98;
cProfileID_052__11ProfileInfo = 0x10003E9C;
cProfileID_053__11ProfileInfo = 0x10003EA0;
cProfileID_054__11ProfileInfo = 0x10003EA4;
cProfileID_055__11ProfileInfo = 0x10003EA8;
cProfileID_056__11ProfileInfo = 0x10003EAC;
cProfileID_057__11ProfileInfo = 0x10003EB0;
cProfileID_058__11ProfileInfo = 0x10003EB4;
cProfileID_059__11ProfileInfo = 0x10003EB8;
cProfileID_BgActorYukaMario__11ProfileInfo = 0x10003EBC;
cProfileID_05B__11ProfileInfo = 0x10003EC0;
cProfileID_05C__11ProfileInfo = 0x10003EC4;
cProfileID_05D__11ProfileInfo = 0x10003EC8;
cProfileID_05E__11ProfileInfo = 0x10003ECC;
cProfileID_05F__11ProfileInfo = 0x10003ED0;
cProfileID_060__11ProfileInfo = 0x10003ED4;
cProfileID_061__11ProfileInfo = 0x10003ED8;
cProfileID_062__11ProfileInfo = 0x10003EDC;
cProfileID_063__11ProfileInfo = 0x10003EE0;
cProfileID_064__11ProfileInfo = 0x10003EE4;
cProfileID_KillerHoudai__11ProfileInfo = 0x10003EE8;
cProfileID_StretchKillerHoudai__11ProfileInfo = 0x10003EEC;
cProfileID_MagnumKillerHoudai__11ProfileInfo = 0x10003EF0;
cProfileID_MagnumKillerHoudaiDown__11ProfileInfo = 0x10003EF4;
cProfileID_SearchKillerHoudai__11ProfileInfo = 0x10003EF8;
cProfileID_SearchMagnumKillerHoudai__11ProfileInfo = 0x10003EFC;
cProfileID_SearchMagnumKillerHoudaiDown__11ProfileInfo = 0x10003F00;
cProfileID_MagnumKillerHoudaiRDash__11ProfileInfo = 0x10003F04;
cProfileID_MagnumKillerHoudaiDownRDash__11ProfileInfo = 0x10003F08;
cProfileID_SearchMagnumKillerHoudaiRDash__11ProfileInfo = 0x10003F0C;
cProfileID_SearchMagnumKillerHoudaiDownRDash__11ProfileInfo = 0x10003F10;
cProfileID_070__11ProfileInfo = 0x10003F14;
cProfileID_071__11ProfileInfo = 0x10003F18;
cProfileID_072__11ProfileInfo = 0x10003F1C;
cProfileID_073__11ProfileInfo = 0x10003F20;
cProfileID_074__11ProfileInfo = 0x10003F24;
cProfileID_075__11ProfileInfo = 0x10003F28;
cProfileID_076__11ProfileInfo = 0x10003F2C;
cProfileID_077__11ProfileInfo = 0x10003F30;
cProfileID_078__11ProfileInfo = 0x10003F34;
cProfileID_Intermittent__11ProfileInfo = 0x10003F38;
cProfileID_IntermittentPermanent__11ProfileInfo = 0x10003F3C;
cProfileID_WaterIntermittent__11ProfileInfo = 0x10003F40;
cProfileID_WaterIntermittentPermanent__11ProfileInfo = 0x10003F44;
cProfileID_WaterIntermittentPermanentRD3_3__11ProfileInfo = 0x10003F48;
cProfileID_07E__11ProfileInfo = 0x10003F4C;
cProfileID_WaterIntermittentBossChild__11ProfileInfo = 0x10003F50;
cProfileID_YoganIntermittent__11ProfileInfo = 0x10003F54;
cProfileID_081__11ProfileInfo = 0x10003F58;
cProfileID_082__11ProfileInfo = 0x10003F5C;
cProfileID_083__11ProfileInfo = 0x10003F60;
cProfileID_084__11ProfileInfo = 0x10003F64;
cProfileID_085__11ProfileInfo = 0x10003F68;
cProfileID_ObjPipeDownNG__11ProfileInfo = 0x10003F6C;
cProfileID_087__11ProfileInfo = 0x10003F70;
cProfileID_088__11ProfileInfo = 0x10003F74;
cProfileID_089__11ProfileInfo = 0x10003F78;
cProfileID_08A__11ProfileInfo = 0x10003F7C;
cProfileID_08B__11ProfileInfo = 0x10003F80;
cProfileID_08C__11ProfileInfo = 0x10003F84;
cProfileID_08D__11ProfileInfo = 0x10003F88;
cProfileID_08E__11ProfileInfo = 0x10003F8C;
cProfileID_08F__11ProfileInfo = 0x10003F90;
cProfileID_090__11ProfileInfo = 0x10003F94;
cProfileID_091__11ProfileInfo = 0x10003F98;
cProfileID_092__11ProfileInfo = 0x10003F9C;
cProfileID_093__11ProfileInfo = 0x10003FA0;
cProfileID_094__11ProfileInfo = 0x10003FA4;
cProfileID_095__11ProfileInfo = 0x10003FA8;
cProfileID_096__11ProfileInfo = 0x10003FAC;
cProfileID_097__11ProfileInfo = 0x10003FB0;
cProfileID_098__11ProfileInfo = 0x10003FB4;
cProfileID_099__11ProfileInfo = 0x10003FB8;
cProfileID_09A__11ProfileInfo = 0x10003FBC;
cProfileID_09B__11ProfileInfo = 0x10003FC0;
cProfileID_09C__11ProfileInfo = 0x10003FC4;
cProfileID_09D__11ProfileInfo = 0x10003FC8;
cProfileID_09E__11ProfileInfo = 0x10003FCC;
cProfileID_09F__11ProfileInfo = 0x10003FD0;
cProfileID_0A0__11ProfileInfo = 0x10003FD4;
cProfileID_0A1__11ProfileInfo = 0x10003FD8;
cProfileID_0A2__11ProfileInfo = 0x10003FDC;
cProfileID_0A3__11ProfileInfo = 0x10003FE0;
cProfileID_0A4__11ProfileInfo = 0x10003FE4;
cProfileID_0A5__11ProfileInfo = 0x10003FE8;
cProfileID_0A6__11ProfileInfo = 0x10003FEC;
cProfileID_0A7__11ProfileInfo = 0x10003FF0;
cProfileID_0A8__11ProfileInfo = 0x10003FF4;
cProfileID_0A9__11ProfileInfo = 0x10003FF8;
cProfileID_0AA__11ProfileInfo = 0x10003FFC;
cProfileID_0AB__11ProfileInfo = 0x10004000;
cProfileID_0AC__11ProfileInfo = 0x10004004;
cProfileID_0AD__11ProfileInfo = 0x10004008;
cProfileID_0AE__11ProfileInfo = 0x1000400C;
cProfileID_0AF__11ProfileInfo = 0x10004010;
cProfileID_0B0__11ProfileInfo = 0x10004014;
cProfileID_0B1__11ProfileInfo = 0x10004018;
cProfileID_0B2__11ProfileInfo = 0x1000401C;
cProfileID_0B3__11ProfileInfo = 0x10004020;
cProfileID_0B4__11ProfileInfo = 0x10004024;
cProfileID_0B5__11ProfileInfo = 0x10004028;
cProfileID_0B6__11ProfileInfo = 0x1000402C;
cProfileID_0B7__11ProfileInfo = 0x10004030;
cProfileID_LineSpinLift__11ProfileInfo = 0x10004034;
cProfileID_LineSpinLiftParentRDash__11ProfileInfo = 0x10004038;
cProfileID_LineSpinLiftChildRDash__11ProfileInfo = 0x1000403C;
cProfileID_0BB__11ProfileInfo = 0x10004040;
cProfileID_0BC__11ProfileInfo = 0x10004044;
cProfileID_0BD__11ProfileInfo = 0x10004048;
cProfileID_0BE__11ProfileInfo = 0x1000404C;
cProfileID_0BF__11ProfileInfo = 0x10004050;
cProfileID_0C0__11ProfileInfo = 0x10004054;
cProfileID_0C1__11ProfileInfo = 0x10004058;
cProfileID_SnakeBlock__11ProfileInfo = 0x1000405C;
cProfileID_0C3__11ProfileInfo = 0x10004060;
cProfileID_0C4__11ProfileInfo = 0x10004064;
cProfileID_0C5__11ProfileInfo = 0x10004068;
cProfileID_0C6__11ProfileInfo = 0x1000406C;
cProfileID_0C7__11ProfileInfo = 0x10004070;
cProfileID_0C8__11ProfileInfo = 0x10004074;
cProfileID_0C9__11ProfileInfo = 0x10004078;
cProfileID_0CA__11ProfileInfo = 0x1000407C;
cProfileID_0CB__11ProfileInfo = 0x10004080;
cProfileID_0CC__11ProfileInfo = 0x10004084;
cProfileID_0CD__11ProfileInfo = 0x10004088;
cProfileID_0CE__11ProfileInfo = 0x1000408C;
cProfileID_0CF__11ProfileInfo = 0x10004090;
cProfileID_0D0__11ProfileInfo = 0x10004094;
cProfileID_0D1__11ProfileInfo = 0x10004098;
cProfileID_FloorHoleDokan__11ProfileInfo = 0x1000409C;
cProfileID_0D3__11ProfileInfo = 0x100040A0;
cProfileID_0D4__11ProfileInfo = 0x100040A4;
cProfileID_0D5__11ProfileInfo = 0x100040A8;
cProfileID_0D6__11ProfileInfo = 0x100040AC;
cProfileID_0D7__11ProfileInfo = 0x100040B0;
cProfileID_0D8__11ProfileInfo = 0x100040B4;
cProfileID_0D9__11ProfileInfo = 0x100040B8;
cProfileID_0DA__11ProfileInfo = 0x100040BC;
cProfileID_0DB__11ProfileInfo = 0x100040C0;
cProfileID_0DC__11ProfileInfo = 0x100040C4;
cProfileID_0DD__11ProfileInfo = 0x100040C8;
cProfileID_Maruta__11ProfileInfo = 0x100040CC;
cProfileID_0DF__11ProfileInfo = 0x100040D0;
cProfileID_Burner__11ProfileInfo = 0x100040D4;
cProfileID_0E1__11ProfileInfo = 0x100040D8;
cProfileID_0E2__11ProfileInfo = 0x100040DC;
cProfileID_0E3__11ProfileInfo = 0x100040E0;
cProfileID_0E4__11ProfileInfo = 0x100040E4;
cProfileID_0E5__11ProfileInfo = 0x100040E8;
cProfileID_0E6__11ProfileInfo = 0x100040EC;
cProfileID_0E7__11ProfileInfo = 0x100040F0;
cProfileID_0E8__11ProfileInfo = 0x100040F4;
cProfileID_0E9__11ProfileInfo = 0x100040F8;
cProfileID_0EA__11ProfileInfo = 0x100040FC;
cProfileID_0EB__11ProfileInfo = 0x10004100;
cProfileID_0EC__11ProfileInfo = 0x10004104;
cProfileID_PlyIce__11ProfileInfo = 0x10004108;
cProfileID_TarzanIvy__11ProfileInfo = 0x1000410C;
cProfileID_0EF__11ProfileInfo = 0x10004110;
cProfileID_0F0__11ProfileInfo = 0x10004114;
cProfileID_0F1__11ProfileInfo = 0x10004118;
cProfileID_0F2__11ProfileInfo = 0x1000411C;
cProfileID_0F3__11ProfileInfo = 0x10004120;
cProfileID_0F4__11ProfileInfo = 0x10004124;
cProfileID_0F5__11ProfileInfo = 0x10004128;
cProfileID_0F6__11ProfileInfo = 0x1000412C;
cProfileID_0F7__11ProfileInfo = 0x10004130;
cProfileID_0F8__11ProfileInfo = 0x10004134;
cProfileID_0F9__11ProfileInfo = 0x10004138;
cProfileID_0FA__11ProfileInfo = 0x1000413C;
cProfileID_0FB__11ProfileInfo = 0x10004140;
cProfileID_0FC__11ProfileInfo = 0x10004144;
cProfileID_0FD__11ProfileInfo = 0x10004148;
cProfileID_0FE__11ProfileInfo = 0x1000414C;
cProfileID_0FF__11ProfileInfo = 0x10004150;
cProfileID_100__11ProfileInfo = 0x10004154;
cProfileID_101__11ProfileInfo = 0x10004158;
cProfileID_102__11ProfileInfo = 0x1000415C;
cProfileID_103__11ProfileInfo = 0x10004160;
cProfileID_104__11ProfileInfo = 0x10004164;
cProfileID_ShuffleBlock__11ProfileInfo = 0x10004168;
cProfileID_KokoopaShipWarpCannon__11ProfileInfo = 0x1000416C;
cProfileID_107__11ProfileInfo = 0x10004170;
cProfileID_108__11ProfileInfo = 0x10004174;
cProfileID_KoopaShutter__11ProfileInfo = 0x10004178;
cProfileID_10A__11ProfileInfo = 0x1000417C;
cProfileID_10B__11ProfileInfo = 0x10004180;
cProfileID_10C__11ProfileInfo = 0x10004184;
cProfileID_PeachFinalCastleKoopaJrLift__11ProfileInfo = 0x10004188;
cProfileID_PeachFinalCastleKoopaJrLiftHmove__11ProfileInfo = 0x1000418C;
cProfileID_PeachFinalCastleKoopaJrLiftPairObj__11ProfileInfo = 0x10004190;
cProfileID_RoyLiftWakiStep__11ProfileInfo = 0x10004194;
cProfileID_WendyFloor__11ProfileInfo = 0x10004198;
cProfileID_IggyRoom__11ProfileInfo = 0x1000419C;
cProfileID_113__11ProfileInfo = 0x100041A0;
cProfileID_114__11ProfileInfo = 0x100041A4;
cProfileID_115__11ProfileInfo = 0x100041A8;
cProfileID_116__11ProfileInfo = 0x100041AC;
cProfileID_117__11ProfileInfo = 0x100041B0;
cProfileID_118__11ProfileInfo = 0x100041B4;
cProfileID_119__11ProfileInfo = 0x100041B8;
cProfileID_11A__11ProfileInfo = 0x100041BC;
cProfileID_11B__11ProfileInfo = 0x100041C0;
cProfileID_11C__11ProfileInfo = 0x100041C4;
cProfileID_11D__11ProfileInfo = 0x100041C8;
cProfileID_11E__11ProfileInfo = 0x100041CC;
cProfileID_Block__11ProfileInfo = 0x100041D0;
cProfileID_120__11ProfileInfo = 0x100041D4;
cProfileID_121__11ProfileInfo = 0x100041D8;
cProfileID_122__11ProfileInfo = 0x100041DC;
cProfileID_ActorBlockRenga__11ProfileInfo = 0x100041E0;
cProfileID_124__11ProfileInfo = 0x100041E4;
cProfileID_125__11ProfileInfo = 0x100041E8;
cProfileID_126__11ProfileInfo = 0x100041EC;
cProfileID_127__11ProfileInfo = 0x100041F0;
cProfileID_128__11ProfileInfo = 0x100041F4;
cProfileID_129__11ProfileInfo = 0x100041F8;
cProfileID_12A__11ProfileInfo = 0x100041FC;
cProfileID_12B__11ProfileInfo = 0x10004200;
cProfileID_12C__11ProfileInfo = 0x10004204;
cProfileID_12D__11ProfileInfo = 0x10004208;
cProfileID_12E__11ProfileInfo = 0x1000420C;
cProfileID_12F__11ProfileInfo = 0x10004210;
cProfileID_130__11ProfileInfo = 0x10004214;
cProfileID_131__11ProfileInfo = 0x10004218;
cProfileID_132__11ProfileInfo = 0x1000421C;
cProfileID_133__11ProfileInfo = 0x10004220;
cProfileID_134__11ProfileInfo = 0x10004224;
cProfileID_ActorBlockMakeDRC__11ProfileInfo = 0x10004228;
cProfileID_136__11ProfileInfo = 0x1000422C;
cProfileID_137__11ProfileInfo = 0x10004230;
cProfileID_138__11ProfileInfo = 0x10004234;
cProfileID_139__11ProfileInfo = 0x10004238;
cProfileID_13A__11ProfileInfo = 0x1000423C;
cProfileID_13B__11ProfileInfo = 0x10004240;
cProfileID_13C__11ProfileInfo = 0x10004244;
cProfileID_13D__11ProfileInfo = 0x10004248;
cProfileID_13E__11ProfileInfo = 0x1000424C;
cProfileID_13F__11ProfileInfo = 0x10004250;
cProfileID_140__11ProfileInfo = 0x10004254;
cProfileID_141__11ProfileInfo = 0x10004258;
cProfileID_142__11ProfileInfo = 0x1000425C;
cProfileID_143__11ProfileInfo = 0x10004260;
cProfileID_144__11ProfileInfo = 0x10004264;
cProfileID_145__11ProfileInfo = 0x10004268;
cProfileID_146__11ProfileInfo = 0x1000426C;
cProfileID_147__11ProfileInfo = 0x10004270;
cProfileID_148__11ProfileInfo = 0x10004274;
cProfileID_149__11ProfileInfo = 0x10004278;
cProfileID_14A__11ProfileInfo = 0x1000427C;
cProfileID_14B__11ProfileInfo = 0x10004280;
cProfileID_14C__11ProfileInfo = 0x10004284;
cProfileID_14D__11ProfileInfo = 0x10004288;
cProfileID_14E__11ProfileInfo = 0x1000428C;
cProfileID_14F__11ProfileInfo = 0x10004290;
cProfileID_ObjPipeDown__11ProfileInfo = 0x10004294;
cProfileID_151__11ProfileInfo = 0x10004298;
cProfileID_152__11ProfileInfo = 0x1000429C;
cProfileID_153__11ProfileInfo = 0x100042A0;
cProfileID_ObjPipeDownGroup__11ProfileInfo = 0x100042A4;
cProfileID_155__11ProfileInfo = 0x100042A8;
cProfileID_156__11ProfileInfo = 0x100042AC;
cProfileID_157__11ProfileInfo = 0x100042B0;
cProfileID_SwitchHatenaButton__11ProfileInfo = 0x100042B4;
cProfileID_SwitchPbutton__11ProfileInfo = 0x100042B8;
cProfileID_SwitchPbuttonRDash__11ProfileInfo = 0x100042BC;
cProfileID_SwitchPbuttonNoWallKick__11ProfileInfo = 0x100042C0;
cProfileID_15C__11ProfileInfo = 0x100042C4;
cProfileID_15D__11ProfileInfo = 0x100042C8;
cProfileID_IcicleBig__11ProfileInfo = 0x100042CC;
cProfileID_LemmyBall__11ProfileInfo = 0x100042D0;
cProfileID_LemmyBomb__11ProfileInfo = 0x100042D4;
cProfileID_161__11ProfileInfo = 0x100042D8;
cProfileID_162__11ProfileInfo = 0x100042DC;
cProfileID_163__11ProfileInfo = 0x100042E0;
cProfileID_164__11ProfileInfo = 0x100042E4;
cProfileID_165__11ProfileInfo = 0x100042E8;
cProfileID_166__11ProfileInfo = 0x100042EC;
cProfileID_167__11ProfileInfo = 0x100042F0;
cProfileID_168__11ProfileInfo = 0x100042F4;
cProfileID_169__11ProfileInfo = 0x100042F8;
cProfileID_PentaroIce__11ProfileInfo = 0x100042FC;
cProfileID_16B__11ProfileInfo = 0x10004300;
cProfileID_16C__11ProfileInfo = 0x10004304;
cProfileID_16D__11ProfileInfo = 0x10004308;
cProfileID_16E__11ProfileInfo = 0x1000430C;
cProfileID_16F__11ProfileInfo = 0x10004310;
cProfileID_KameckIce__11ProfileInfo = 0x10004314;
cProfileID_WendyIcicle__11ProfileInfo = 0x10004318;
cProfileID_PeachFinalCastleKoopaJrClown__11ProfileInfo = 0x1000431C;
cProfileID_BoxingKoopaJrClown__11ProfileInfo = 0x10004320;
cProfileID_174__11ProfileInfo = 0x10004324;
cProfileID_FinalKoopaJrClown__11ProfileInfo = 0x10004328;
cProfileID_FinalKoopa__11ProfileInfo = 0x1000432C;
cProfileID_FireBar__11ProfileInfo = 0x10004330;
cProfileID_FireBarSync__11ProfileInfo = 0x10004334;
cProfileID_179__11ProfileInfo = 0x10004338;
cProfileID_17A__11ProfileInfo = 0x1000433C;
cProfileID_17B__11ProfileInfo = 0x10004340;
cProfileID_17C__11ProfileInfo = 0x10004344;
cProfileID_17D__11ProfileInfo = 0x10004348;
cProfileID_17E__11ProfileInfo = 0x1000434C;
cProfileID_17F__11ProfileInfo = 0x10004350;
cProfileID_180__11ProfileInfo = 0x10004354;
cProfileID_181__11ProfileInfo = 0x10004358;
cProfileID_182__11ProfileInfo = 0x1000435C;
cProfileID_183__11ProfileInfo = 0x10004360;
cProfileID_184__11ProfileInfo = 0x10004364;
cProfileID_185__11ProfileInfo = 0x10004368;
cProfileID_186__11ProfileInfo = 0x1000436C;
cProfileID_187__11ProfileInfo = 0x10004370;
cProfileID_188__11ProfileInfo = 0x10004374;
cProfileID_189__11ProfileInfo = 0x10004378;
cProfileID_18A__11ProfileInfo = 0x1000437C;
cProfileID_ActorCoin__11ProfileInfo = 0x10004380;
cProfileID_18C__11ProfileInfo = 0x10004384;
cProfileID_18D__11ProfileInfo = 0x10004388;
cProfileID_18E__11ProfileInfo = 0x1000438C;
cProfileID_18F__11ProfileInfo = 0x10004390;
cProfileID_190__11ProfileInfo = 0x10004394;
cProfileID_191__11ProfileInfo = 0x10004398;
cProfileID_192__11ProfileInfo = 0x1000439C;
cProfileID_193__11ProfileInfo = 0x100043A0;
cProfileID_194__11ProfileInfo = 0x100043A4;
cProfileID_195__11ProfileInfo = 0x100043A8;
cProfileID_196__11ProfileInfo = 0x100043AC;
cProfileID_197__11ProfileInfo = 0x100043B0;
cProfileID_198__11ProfileInfo = 0x100043B4;
cProfileID_199__11ProfileInfo = 0x100043B8;
cProfileID_19A__11ProfileInfo = 0x100043BC;
cProfileID_19B__11ProfileInfo = 0x100043C0;
cProfileID_19C__11ProfileInfo = 0x100043C4;
cProfileID_19D__11ProfileInfo = 0x100043C8;
cProfileID_19E__11ProfileInfo = 0x100043CC;
cProfileID_19F__11ProfileInfo = 0x100043D0;
cProfileID_1A0__11ProfileInfo = 0x100043D4;
cProfileID_1A1__11ProfileInfo = 0x100043D8;
cProfileID_1A2__11ProfileInfo = 0x100043DC;
cProfileID_1A3__11ProfileInfo = 0x100043E0;
cProfileID_1A4__11ProfileInfo = 0x100043E4;
cProfileID_1A5__11ProfileInfo = 0x100043E8;
cProfileID_1A6__11ProfileInfo = 0x100043EC;
cProfileID_1A7__11ProfileInfo = 0x100043F0;
cProfileID_1A8__11ProfileInfo = 0x100043F4;
cProfileID_BlueCoin__11ProfileInfo = 0x100043F8;
cProfileID_1AA__11ProfileInfo = 0x100043FC;
cProfileID_1AB__11ProfileInfo = 0x10004400;
cProfileID_1AC__11ProfileInfo = 0x10004404;
cProfileID_1AD__11ProfileInfo = 0x10004408;
cProfileID_1AE__11ProfileInfo = 0x1000440C;
cProfileID_1AF__11ProfileInfo = 0x10004410;
cProfileID_1B0__11ProfileInfo = 0x10004414;
cProfileID_1B1__11ProfileInfo = 0x10004418;
cProfileID_1B2__11ProfileInfo = 0x1000441C;
cProfileID_1B3__11ProfileInfo = 0x10004420;
cProfileID_1B4__11ProfileInfo = 0x10004424;
cProfileID_1B5__11ProfileInfo = 0x10004428;
cProfileID_CoinmakiCoin__11ProfileInfo = 0x1000442C;
cProfileID_1B7__11ProfileInfo = 0x10004430;
cProfileID_1B8__11ProfileInfo = 0x10004434;
cProfileID_1B9__11ProfileInfo = 0x10004438;
cProfileID_Yoshi__11ProfileInfo = 0x1000443C;
cProfileID_TottenPlayer__11ProfileInfo = 0x10004440;
cProfileID_PlayerObject__11ProfileInfo = 0x10004444;
cProfileID_1BD__11ProfileInfo = 0x10004448;
cProfileID_1BE__11ProfileInfo = 0x1000444C;
cProfileID_1BF__11ProfileInfo = 0x10004450;
cProfileID_1C0__11ProfileInfo = 0x10004454;
cProfileID_1C1__11ProfileInfo = 0x10004458;
cProfileID_1C2__11ProfileInfo = 0x1000445C;
cProfileID_1C3__11ProfileInfo = 0x10004460;
cProfileID_1C4__11ProfileInfo = 0x10004464;
cProfileID_SlotYoshiChibi__11ProfileInfo = 0x10004468;
cProfileID_1C6__11ProfileInfo = 0x1000446C;
cProfileID_1C7__11ProfileInfo = 0x10004470;
cProfileID_1C8__11ProfileInfo = 0x10004474;
cProfileID_1C9__11ProfileInfo = 0x10004478;
cProfileID_1CA__11ProfileInfo = 0x1000447C;
cProfileID_1CB__11ProfileInfo = 0x10004480;
cProfileID_1CC__11ProfileInfo = 0x10004484;
cProfileID_1CD__11ProfileInfo = 0x10004488;
cProfileID_1CE__11ProfileInfo = 0x1000448C;
cProfileID_QuestPrizeItem__11ProfileInfo = 0x10004490;
cProfileID_1D0__11ProfileInfo = 0x10004494;
cProfileID_1D1__11ProfileInfo = 0x10004498;
cProfileID_1D2__11ProfileInfo = 0x1000449C;
cProfileID_Kuribo__11ProfileInfo = 0x100044A0;
cProfileID_Kakibo__11ProfileInfo = 0x100044A4;
cProfileID_PataKuribo__11ProfileInfo = 0x100044A8;
cProfileID_1D6__11ProfileInfo = 0x100044AC;
cProfileID_1D7__11ProfileInfo = 0x100044B0;
cProfileID_1D8__11ProfileInfo = 0x100044B4;
cProfileID_1D9__11ProfileInfo = 0x100044B8;
cProfileID_IceBall__11ProfileInfo = 0x100044BC;
cProfileID_IceBallPakkun__11ProfileInfo = 0x100044C0;
cProfileID_FireBallPlayer__11ProfileInfo = 0x100044C4;
cProfileID_FireBallPakkun__11ProfileInfo = 0x100044C8;
cProfileID_YoshiFire__11ProfileInfo = 0x100044CC;
cProfileID_1DF__11ProfileInfo = 0x100044D0;
cProfileID_1E0__11ProfileInfo = 0x100044D4;
cProfileID_1E1__11ProfileInfo = 0x100044D8;
cProfileID_1E2__11ProfileInfo = 0x100044DC;
cProfileID_1E3__11ProfileInfo = 0x100044E0;
cProfileID_1E4__11ProfileInfo = 0x100044E4;
cProfileID_1E5__11ProfileInfo = 0x100044E8;
cProfileID_1E6__11ProfileInfo = 0x100044EC;
cProfileID_1E7__11ProfileInfo = 0x100044F0;
cProfileID_1E8__11ProfileInfo = 0x100044F4;
cProfileID_1E9__11ProfileInfo = 0x100044F8;
cProfileID_1EA__11ProfileInfo = 0x100044FC;
cProfileID_1EB__11ProfileInfo = 0x10004500;
cProfileID_1EC__11ProfileInfo = 0x10004504;
cProfileID_1ED__11ProfileInfo = 0x10004508;
cProfileID_1EE__11ProfileInfo = 0x1000450C;
cProfileID_1EF__11ProfileInfo = 0x10004510;
cProfileID_1F0__11ProfileInfo = 0x10004514;
cProfileID_1F1__11ProfileInfo = 0x10004518;
cProfileID_1F2__11ProfileInfo = 0x1000451C;
cProfileID_1F3__11ProfileInfo = 0x10004520;
cProfileID_1F4__11ProfileInfo = 0x10004524;
cProfileID_1F5__11ProfileInfo = 0x10004528;
cProfileID_1F6__11ProfileInfo = 0x1000452C;
cProfileID_1F7__11ProfileInfo = 0x10004530;
cProfileID_1F8__11ProfileInfo = 0x10004534;
cProfileID_1F9__11ProfileInfo = 0x10004538;
cProfileID_1FA__11ProfileInfo = 0x1000453C;
cProfileID_1FB__11ProfileInfo = 0x10004540;
cProfileID_1FC__11ProfileInfo = 0x10004544;
cProfileID_1FD__11ProfileInfo = 0x10004548;
cProfileID_1FE__11ProfileInfo = 0x1000454C;
cProfileID_1FF__11ProfileInfo = 0x10004550;
cProfileID_Nokonoko__11ProfileInfo = 0x10004554;
cProfileID_201__11ProfileInfo = 0x10004558;
cProfileID_202__11ProfileInfo = 0x1000455C;
cProfileID_203__11ProfileInfo = 0x10004560;
cProfileID_204__11ProfileInfo = 0x10004564;
cProfileID_205__11ProfileInfo = 0x10004568;
cProfileID_206__11ProfileInfo = 0x1000456C;
cProfileID_207__11ProfileInfo = 0x10004570;
cProfileID_208__11ProfileInfo = 0x10004574;
cProfileID_209__11ProfileInfo = 0x10004578;
cProfileID_20A__11ProfileInfo = 0x1000457C;
cProfileID_20B__11ProfileInfo = 0x10004580;
cProfileID_MechaKoopa__11ProfileInfo = 0x10004584;
cProfileID_20D__11ProfileInfo = 0x10004588;
cProfileID_20E__11ProfileInfo = 0x1000458C;
cProfileID_20F__11ProfileInfo = 0x10004590;
cProfileID_210__11ProfileInfo = 0x10004594;
cProfileID_211__11ProfileInfo = 0x10004598;
cProfileID_212__11ProfileInfo = 0x1000459C;
cProfileID_213__11ProfileInfo = 0x100045A0;
cProfileID_214__11ProfileInfo = 0x100045A4;
cProfileID_215__11ProfileInfo = 0x100045A8;
cProfileID_216__11ProfileInfo = 0x100045AC;
cProfileID_217__11ProfileInfo = 0x100045B0;
cProfileID_218__11ProfileInfo = 0x100045B4;
cProfileID_219__11ProfileInfo = 0x100045B8;
cProfileID_21A__11ProfileInfo = 0x100045BC;
cProfileID_21B__11ProfileInfo = 0x100045C0;
cProfileID_21C__11ProfileInfo = 0x100045C4;
cProfileID_21D__11ProfileInfo = 0x100045C8;
cProfileID_21E__11ProfileInfo = 0x100045CC;
cProfileID_21F__11ProfileInfo = 0x100045D0;
cProfileID_220__11ProfileInfo = 0x100045D4;
cProfileID_221__11ProfileInfo = 0x100045D8;
cProfileID_222__11ProfileInfo = 0x100045DC;
cProfileID_223__11ProfileInfo = 0x100045E0;
cProfileID_224__11ProfileInfo = 0x100045E4;
cProfileID_225__11ProfileInfo = 0x100045E8;
cProfileID_226__11ProfileInfo = 0x100045EC;
cProfileID_227__11ProfileInfo = 0x100045F0;
cProfileID_228__11ProfileInfo = 0x100045F4;
cProfileID_229__11ProfileInfo = 0x100045F8;
cProfileID_22A__11ProfileInfo = 0x100045FC;
cProfileID_22B__11ProfileInfo = 0x10004600;
cProfileID_22C__11ProfileInfo = 0x10004604;
cProfileID_22D__11ProfileInfo = 0x10004608;
cProfileID_FireBallKeronpa__11ProfileInfo = 0x1000460C;
cProfileID_FireBallKeronpaRDash__11ProfileInfo = 0x10004610;
cProfileID_230__11ProfileInfo = 0x10004614;
cProfileID_FireSnake__11ProfileInfo = 0x10004618;
cProfileID_232__11ProfileInfo = 0x1000461C;
cProfileID_233__11ProfileInfo = 0x10004620;
cProfileID_234__11ProfileInfo = 0x10004624;
cProfileID_235__11ProfileInfo = 0x10004628;
cProfileID_236__11ProfileInfo = 0x1000462C;
cProfileID_237__11ProfileInfo = 0x10004630;
cProfileID_238__11ProfileInfo = 0x10004634;
cProfileID_239__11ProfileInfo = 0x10004638;
cProfileID_23A__11ProfileInfo = 0x1000463C;
cProfileID_23B__11ProfileInfo = 0x10004640;
cProfileID_23C__11ProfileInfo = 0x10004644;
cProfileID_23D__11ProfileInfo = 0x10004648;
cProfileID_Kazandan__11ProfileInfo = 0x1000464C;
cProfileID_23F__11ProfileInfo = 0x10004650;
cProfileID_240__11ProfileInfo = 0x10004654;
cProfileID_241__11ProfileInfo = 0x10004658;
cProfileID_242__11ProfileInfo = 0x1000465C;
cProfileID_243__11ProfileInfo = 0x10004660;
cProfileID_244__11ProfileInfo = 0x10004664;
cProfileID_245__11ProfileInfo = 0x10004668;
cProfileID_246__11ProfileInfo = 0x1000466C;
cProfileID_247__11ProfileInfo = 0x10004670;
cProfileID_248__11ProfileInfo = 0x10004674;
cProfileID_249__11ProfileInfo = 0x10004678;
cProfileID_24A__11ProfileInfo = 0x1000467C;
cProfileID_BgCenter__11ProfileInfo = 0x10004680;
cProfileID_24C__11ProfileInfo = 0x10004684;
cProfileID_24D__11ProfileInfo = 0x10004688;
cProfileID_24E__11ProfileInfo = 0x1000468C;
cProfileID_Kinoko__11ProfileInfo = 0x10004690;
cProfileID_FireFlower__11ProfileInfo = 0x10004694;
cProfileID_MameKinoko__11ProfileInfo = 0x10004698;
cProfileID_IceFlower__11ProfileInfo = 0x1000469C;
cProfileID_Propeller__11ProfileInfo = 0x100046A0;
cProfileID_Penguin__11ProfileInfo = 0x100046A4;
cProfileID_OneUpKinoko__11ProfileInfo = 0x100046A8;
cProfileID_Musasabi__11ProfileInfo = 0x100046AC;
cProfileID_SuperMoon__11ProfileInfo = 0x100046B0;
cProfileID_TitleDemoItem__11ProfileInfo = 0x100046B4;
cProfileID_259__11ProfileInfo = 0x100046B8;
cProfileID_25A__11ProfileInfo = 0x100046BC;
cProfileID_25B__11ProfileInfo = 0x100046C0;
cProfileID_25C__11ProfileInfo = 0x100046C4;
cProfileID_25D__11ProfileInfo = 0x100046C8;
cProfileID_25E__11ProfileInfo = 0x100046CC;
cProfileID_25F__11ProfileInfo = 0x100046D0;
cProfileID_260__11ProfileInfo = 0x100046D4;
cProfileID_261__11ProfileInfo = 0x100046D8;
cProfileID_262__11ProfileInfo = 0x100046DC;
cProfileID_263__11ProfileInfo = 0x100046E0;
cProfileID_264__11ProfileInfo = 0x100046E4;
cProfileID_265__11ProfileInfo = 0x100046E8;
cProfileID_266__11ProfileInfo = 0x100046EC;
cProfileID_267__11ProfileInfo = 0x100046F0;
cProfileID_268__11ProfileInfo = 0x100046F4;
cProfileID_Spanner__11ProfileInfo = 0x100046F8;
cProfileID_26A__11ProfileInfo = 0x100046FC;
cProfileID_26B__11ProfileInfo = 0x10004700;
cProfileID_26C__11ProfileInfo = 0x10004704;
cProfileID_26D__11ProfileInfo = 0x10004708;
cProfileID_26E__11ProfileInfo = 0x1000470C;
cProfileID_26F__11ProfileInfo = 0x10004710;
cProfileID_270__11ProfileInfo = 0x10004714;
cProfileID_271__11ProfileInfo = 0x10004718;
cProfileID_272__11ProfileInfo = 0x1000471C;
cProfileID_273__11ProfileInfo = 0x10004720;
cProfileID_274__11ProfileInfo = 0x10004724;
cProfileID_275__11ProfileInfo = 0x10004728;
cProfileID_SearchKiller__11ProfileInfo = 0x1000472C;
cProfileID_277__11ProfileInfo = 0x10004730;
cProfileID_278__11ProfileInfo = 0x10004734;
cProfileID_279__11ProfileInfo = 0x10004738;
cProfileID_WakiSearchMagKiller__11ProfileInfo = 0x1000473C;
cProfileID_27B__11ProfileInfo = 0x10004740;
cProfileID_27C__11ProfileInfo = 0x10004744;
cProfileID_27D__11ProfileInfo = 0x10004748;
cProfileID_27E__11ProfileInfo = 0x1000474C;
cProfileID_27F__11ProfileInfo = 0x10004750;
cProfileID_GabonRock__11ProfileInfo = 0x10004754;
cProfileID_281__11ProfileInfo = 0x10004758;
cProfileID_282__11ProfileInfo = 0x1000475C;
cProfileID_RockGabonRock__11ProfileInfo = 0x10004760;
cProfileID_284__11ProfileInfo = 0x10004764;
cProfileID_SeichanSnowBall__11ProfileInfo = 0x10004768;
cProfileID_286__11ProfileInfo = 0x1000476C;
cProfileID_287__11ProfileInfo = 0x10004770;
cProfileID_288__11ProfileInfo = 0x10004774;
cProfileID_289__11ProfileInfo = 0x10004778;
cProfileID_Woochan__11ProfileInfo = 0x1000477C;
cProfileID_28B__11ProfileInfo = 0x10004780;
cProfileID_28C__11ProfileInfo = 0x10004784;
cProfileID_28D__11ProfileInfo = 0x10004788;
cProfileID_Bubble__11ProfileInfo = 0x1000478C;
cProfileID_BubbleSync__11ProfileInfo = 0x10004790;
cProfileID_BubbleRDash__11ProfileInfo = 0x10004794;
cProfileID_BubbleSyncRDash__11ProfileInfo = 0x10004798;
cProfileID_292__11ProfileInfo = 0x1000479C;
cProfileID_293__11ProfileInfo = 0x100047A0;
cProfileID_294__11ProfileInfo = 0x100047A4;
cProfileID_295__11ProfileInfo = 0x100047A8;
cProfileID_296__11ProfileInfo = 0x100047AC;
cProfileID_297__11ProfileInfo = 0x100047B0;
cProfileID_298__11ProfileInfo = 0x100047B4;
cProfileID_299__11ProfileInfo = 0x100047B8;
cProfileID_29A__11ProfileInfo = 0x100047BC;
cProfileID_29B__11ProfileInfo = 0x100047C0;
cProfileID_29C__11ProfileInfo = 0x100047C4;
cProfileID_29D__11ProfileInfo = 0x100047C8;
cProfileID_29E__11ProfileInfo = 0x100047CC;
cProfileID_29F__11ProfileInfo = 0x100047D0;
cProfileID_2A0__11ProfileInfo = 0x100047D4;
cProfileID_2A1__11ProfileInfo = 0x100047D8;
cProfileID_2A2__11ProfileInfo = 0x100047DC;
cProfileID_2A3__11ProfileInfo = 0x100047E0;
cProfileID_2A4__11ProfileInfo = 0x100047E4;
cProfileID_2A5__11ProfileInfo = 0x100047E8;
cProfileID_Bun__11ProfileInfo = 0x100047EC;
cProfileID_BunW2__11ProfileInfo = 0x100047F0;
cProfileID_BunW3__11ProfileInfo = 0x100047F4;
cProfileID_BunW4__11ProfileInfo = 0x100047F8;
cProfileID_BunW5__11ProfileInfo = 0x100047FC;
cProfileID_BunW6__11ProfileInfo = 0x10004800;
cProfileID_BunDemo__11ProfileInfo = 0x10004804;
cProfileID_KokoopaDemo__11ProfileInfo = 0x10004808;
cProfileID_KoopaJrDemo__11ProfileInfo = 0x1000480C;
cProfileID_KameckDemo__11ProfileInfo = 0x10004810;
cProfileID_BossKKDemo__11ProfileInfo = 0x10004814;
cProfileID_PeachFinalCastleKoopaJrDemo__11ProfileInfo = 0x10004818;
cProfileID_KoopaDemo__11ProfileInfo = 0x1000481C;
cProfileID_FinalKoopaDemo__11ProfileInfo = 0x10004820;
cProfileID_PeachDemo__11ProfileInfo = 0x10004824;
cProfileID_Larry__11ProfileInfo = 0x10004828;
cProfileID_KokoopaSearchFire__11ProfileInfo = 0x1000482C;
cProfileID_Lemmy__11ProfileInfo = 0x10004830;
cProfileID_Morton__11ProfileInfo = 0x10004834;
cProfileID_MortonSanbo__11ProfileInfo = 0x10004838;
cProfileID_MortonSanboParts__11ProfileInfo = 0x1000483C;
cProfileID_Wendy__11ProfileInfo = 0x10004840;
cProfileID_WendyRing__11ProfileInfo = 0x10004844;
cProfileID_Ludwig__11ProfileInfo = 0x10004848;
cProfileID_LudwigAlterEgo__11ProfileInfo = 0x1000484C;
cProfileID_Iggy__11ProfileInfo = 0x10004850;
cProfileID_IggyMagic__11ProfileInfo = 0x10004854;
cProfileID_Woogan__11ProfileInfo = 0x10004858;
cProfileID_Roy__11ProfileInfo = 0x1000485C;
cProfileID_RoyLiftWaki__11ProfileInfo = 0x10004860;
cProfileID_BossKK__11ProfileInfo = 0x10004864;
cProfileID_BossKKThunder__11ProfileInfo = 0x10004868;
cProfileID_Kameck__11ProfileInfo = 0x1000486C;
cProfileID_KameckIceConfig__11ProfileInfo = 0x10004870;
cProfileID_KameckWarpPos__11ProfileInfo = 0x10004874;
cProfileID_KameckMagic__11ProfileInfo = 0x10004878;
cProfileID_PeachFinalCastleKoopaJr__11ProfileInfo = 0x1000487C;
cProfileID_Koopa__11ProfileInfo = 0x10004880;
cProfileID_KoopaFireWaki__11ProfileInfo = 0x10004884;
cProfileID_KoopaFire__11ProfileInfo = 0x10004888;
cProfileID_DemoKoopaJrClown__11ProfileInfo = 0x1000488C;
cProfileID_DemoKoopaJr__11ProfileInfo = 0x10004890;
cProfileID_BunDemoKameck__11ProfileInfo = 0x10004894;
cProfileID_KoopaDemoKameck__11ProfileInfo = 0x10004898;
cProfileID_BossKKDemoKameck__11ProfileInfo = 0x1000489C;
cProfileID_BossKKDemoKK__11ProfileInfo = 0x100048A0;
cProfileID_FinalKoopaFire__11ProfileInfo = 0x100048A4;
cProfileID_FinalKoopaJr__11ProfileInfo = 0x100048A8;
cProfileID_FinalKoopaJrFire__11ProfileInfo = 0x100048AC;
cProfileID_FinalBomhei__11ProfileInfo = 0x100048B0;
cProfileID_KokoopaShipLemmy__11ProfileInfo = 0x100048B4;
cProfileID_KokoopaShipMorton__11ProfileInfo = 0x100048B8;
cProfileID_KokoopaShipLarry__11ProfileInfo = 0x100048BC;
cProfileID_KokoopaShipWendy__11ProfileInfo = 0x100048C0;
cProfileID_KokoopaShipIggy__11ProfileInfo = 0x100048C4;
cProfileID_KokoopaShipRoy__11ProfileInfo = 0x100048C8;
cProfileID_KokoopaShipLudwig__11ProfileInfo = 0x100048CC;
cProfileID_Peach__11ProfileInfo = 0x100048D0;
cProfileID_2E0__11ProfileInfo = 0x100048D4;
cProfileID_FinalDVPeach__11ProfileInfo = 0x100048D8;
cProfileID_FinalDVShutter__11ProfileInfo = 0x100048DC;
cProfileID_2E3__11ProfileInfo = 0x100048E0;
cProfileID_2E4__11ProfileInfo = 0x100048E4;
cProfileID_2E5__11ProfileInfo = 0x100048E8;
cProfileID_2E6__11ProfileInfo = 0x100048EC;
cProfileID_2E7__11ProfileInfo = 0x100048F0;
cProfileID_2E8__11ProfileInfo = 0x100048F4;
cProfileID_2E9__11ProfileInfo = 0x100048F8;
cProfileID_2EA__11ProfileInfo = 0x100048FC;
cProfileID_2EB__11ProfileInfo = 0x10004900;
cProfileID_2EC__11ProfileInfo = 0x10004904;
cProfileID_2ED__11ProfileInfo = 0x10004908;
cProfileID_2EE__11ProfileInfo = 0x1000490C;
cProfileID_2EF__11ProfileInfo = 0x10004910;
cProfileID_2F0__11ProfileInfo = 0x10004914;
cProfileID_2F1__11ProfileInfo = 0x10004918;
cProfileID_2F2__11ProfileInfo = 0x1000491C;
cProfileID_2F3__11ProfileInfo = 0x10004920;
cProfileID_2F4__11ProfileInfo = 0x10004924;
cProfileID_2F5__11ProfileInfo = 0x10004928;
cProfileID_Hammer__11ProfileInfo = 0x1000492C;
cProfileID_2F7__11ProfileInfo = 0x10004930;
cProfileID_Boomerang__11ProfileInfo = 0x10004934;
cProfileID_2F9__11ProfileInfo = 0x10004938;
cProfileID_FireBallBros__11ProfileInfo = 0x1000493C;
cProfileID_2FB__11ProfileInfo = 0x10004940;
cProfileID_IceBallBros__11ProfileInfo = 0x10004944;
cProfileID_2FD__11ProfileInfo = 0x10004948;
cProfileID_MegaHammer__11ProfileInfo = 0x1000494C;
cProfileID_2FF__11ProfileInfo = 0x10004950;
cProfileID_300__11ProfileInfo = 0x10004954;
cProfileID_301__11ProfileInfo = 0x10004958;
cProfileID_302__11ProfileInfo = 0x1000495C;
cProfileID_303__11ProfileInfo = 0x10004960;
cProfileID_304__11ProfileInfo = 0x10004964;
cProfileID_305__11ProfileInfo = 0x10004968;
cProfileID_306__11ProfileInfo = 0x1000496C;
cProfileID_307__11ProfileInfo = 0x10004970;
cProfileID_308__11ProfileInfo = 0x10004974;
cProfileID_309__11ProfileInfo = 0x10004978;
cProfileID_30A__11ProfileInfo = 0x1000497C;
cProfileID_30B__11ProfileInfo = 0x10004980;
cProfileID_30C__11ProfileInfo = 0x10004984;
cProfileID_30D__11ProfileInfo = 0x10004988;
cProfileID_30E__11ProfileInfo = 0x1000498C;
cProfileID_30F__11ProfileInfo = 0x10004990;
cProfileID_310__11ProfileInfo = 0x10004994;
cProfileID_311__11ProfileInfo = 0x10004998;
cProfileID_312__11ProfileInfo = 0x1000499C;
cProfileID_313__11ProfileInfo = 0x100049A0;
cProfileID_314__11ProfileInfo = 0x100049A4;
cProfileID_315__11ProfileInfo = 0x100049A8;
cProfileID_316__11ProfileInfo = 0x100049AC;
cProfileID_317__11ProfileInfo = 0x100049B0;
cProfileID_318__11ProfileInfo = 0x100049B4;
cProfileID_319__11ProfileInfo = 0x100049B8;
cProfileID_31A__11ProfileInfo = 0x100049BC;
cProfileID_31B__11ProfileInfo = 0x100049C0;
cProfileID_31C__11ProfileInfo = 0x100049C4;
cProfileID_31D__11ProfileInfo = 0x100049C8;
cProfileID_31E__11ProfileInfo = 0x100049CC;
cProfileID_31F__11ProfileInfo = 0x100049D0;
cProfileID_320__11ProfileInfo = 0x100049D4;
cProfileID_321__11ProfileInfo = 0x100049D8;
cProfileID_322__11ProfileInfo = 0x100049DC;
cProfileID_323__11ProfileInfo = 0x100049E0;
cProfileID_324__11ProfileInfo = 0x100049E4;
cProfileID_325__11ProfileInfo = 0x100049E8;
cProfileID_326__11ProfileInfo = 0x100049EC;
cProfileID_327__11ProfileInfo = 0x100049F0;
cProfileID_328__11ProfileInfo = 0x100049F4;
cProfileID_BattleItem__11ProfileInfo = 0x100049F8;
cProfileID_32A__11ProfileInfo = 0x100049FC;
cProfileID_VsBattleItem__11ProfileInfo = 0x10004A00;
cProfileID_32C__11ProfileInfo = 0x10004A04;
cProfileID_32D__11ProfileInfo = 0x10004A08;
cProfileID_32E__11ProfileInfo = 0x10004A0C;
cProfileID_32F__11ProfileInfo = 0x10004A10;
cProfileID_330__11ProfileInfo = 0x10004A14;
cProfileID_331__11ProfileInfo = 0x10004A18;
cProfileID_KoopaJrFire__11ProfileInfo = 0x10004A1C;
cProfileID_KoopaJrBall__11ProfileInfo = 0x10004A20;
cProfileID_UnderwaterKoopaJr__11ProfileInfo = 0x10004A24;
cProfileID_UnderwaterKoopaJrClown__11ProfileInfo = 0x10004A28;
cProfileID_UnderwaterKoopaJrRetreatPos__11ProfileInfo = 0x10004A2C;
cProfileID_BoxingKoopaJr__11ProfileInfo = 0x10004A30;
cProfileID_BoxingKoopaJrPostBattleDemo__11ProfileInfo = 0x10004A34;
cProfileID_BoxingKoopaJrClownPostBattleDemo__11ProfileInfo = 0x10004A38;
cProfileID_MiniGamePanelItem__11ProfileInfo = 0x10004A3C;
cProfileID_SlotItem__11ProfileInfo = 0x10004A40;
cProfileID_CoinmakiCannon__11ProfileInfo = 0x10004A44;
cProfileID_CoinmakiItem__11ProfileInfo = 0x10004A48;
cProfileID_MiniGameKinopio__11ProfileInfo = 0x10004A4C;
cProfileID_33F__11ProfileInfo = 0x10004A50;
cProfileID_340__11ProfileInfo = 0x10004A54;
cProfileID_341__11ProfileInfo = 0x10004A58;
cProfileID_342__11ProfileInfo = 0x10004A5C;
cProfileID_343__11ProfileInfo = 0x10004A60;
cProfileID_344__11ProfileInfo = 0x10004A64;
cProfileID_345__11ProfileInfo = 0x10004A68;
cProfileID_346__11ProfileInfo = 0x10004A6C;
cProfileID_347__11ProfileInfo = 0x10004A70;
cProfileID_StaffCreditChibiYoshiABC__11ProfileInfo = 0x10004A74;
cProfileID_StaffCreditChibiYoshiBalloon__11ProfileInfo = 0x10004A78;
cProfileID_StaffCreditChibiYoshiBalloonCheer__11ProfileInfo = 0x10004A7C;
cProfileID_StaffCreditChibiYoshiLight__11ProfileInfo = 0x10004A80;
cProfileID_StaffCreditChibiYoshiLightCheer__11ProfileInfo = 0x10004A84;
cProfileID_StaffCreditSoapABC__11ProfileInfo = 0x10004A88;
cProfileID_StaffCreditSoapCoin__11ProfileInfo = 0x10004A8C;
cProfileID_StaffCreditTottenKun__11ProfileInfo = 0x10004A90;
cProfileID_350__11ProfileInfo = 0x10004A94;
cProfileID_351__11ProfileInfo = 0x10004A98;
cProfileID_352__11ProfileInfo = 0x10004A9C;
cProfileID_353__11ProfileInfo = 0x10004AA0;
cProfileID_RealizeFeverStar__11ProfileInfo = 0x10004AA4;
cProfileID_Star__11ProfileInfo = 0x10004AA8;
cProfileID_CourseSelectPlayer__11ProfileInfo = 0x10004AAC;
cProfileID_CourseSelectPlayer2PSub__11ProfileInfo = 0x10004AB0;
cProfileID_CourseSelectChibiYoshi__11ProfileInfo = 0x10004AB4;
cProfileID_CourseSelectCamera__11ProfileInfo = 0x10004AB8;
cProfileID_CourseSelectCastle__11ProfileInfo = 0x10004ABC;
cProfileID_CourseSelectToride__11ProfileInfo = 0x10004AC0;
cProfileID_CourseSelectKinokoHouse1up__11ProfileInfo = 0x10004AC4;
cProfileID_CourseSelectKinokoHouseShuffle__11ProfileInfo = 0x10004AC8;
cProfileID_CourseSelectKinokoHouseSlot__11ProfileInfo = 0x10004ACC;
cProfileID_CourseSelectPeachGates1st__11ProfileInfo = 0x10004AD0;
cProfileID_CourseSelectPeachGates2nd__11ProfileInfo = 0x10004AD4;
cProfileID_CourseSelectCoursePoint__11ProfileInfo = 0x10004AD8;
cProfileID_CourseSelectWorldMoveDokan__11ProfileInfo = 0x10004ADC;
cProfileID_CourseSelectW8Cloud__11ProfileInfo = 0x10004AE0;
cProfileID_CourseSelectGhost__11ProfileInfo = 0x10004AE4;
cProfileID_CourseSelectW2Bros__11ProfileInfo = 0x10004AE8;
cProfileID_CourseSelectShipW1__11ProfileInfo = 0x10004AEC;
cProfileID_CourseSelectShipW2__11ProfileInfo = 0x10004AF0;
cProfileID_CourseSelectShipW3__11ProfileInfo = 0x10004AF4;
cProfileID_CourseSelectShipW4__11ProfileInfo = 0x10004AF8;
cProfileID_CourseSelectShipW5__11ProfileInfo = 0x10004AFC;
cProfileID_CourseSelectShipW6__11ProfileInfo = 0x10004B00;
cProfileID_CourseSelectShipW7__11ProfileInfo = 0x10004B04;
cProfileID_CourseSelectShipW8__11ProfileInfo = 0x10004B08;
cProfileID_CourseSelectShipW8Broken__11ProfileInfo = 0x10004B0C;
cProfileID_CourseSelectSurrender__11ProfileInfo = 0x10004B10;
cProfileID_CourseSelectSwitchA__11ProfileInfo = 0x10004B14;
cProfileID_CourseSelectSwitchB__11ProfileInfo = 0x10004B18;
cProfileID_CourseSelectTeresa__11ProfileInfo = 0x10004B1C;
cProfileID_CourseSelectOpeningKameck__11ProfileInfo = 0x10004B20;
cProfileID_CourseSelectTorideBoss__11ProfileInfo = 0x10004B24;
cProfileID_CourseSelectPakkun__11ProfileInfo = 0x10004B28;
cProfileID_CourseSelectShadowFirstDemoKinopio__11ProfileInfo = 0x10004B2C;
cProfileID_CourseSelectTobiPuku__11ProfileInfo = 0x10004B30;
cProfileID_CourseSelectChorobon__11ProfileInfo = 0x10004B34;
cProfileID_CourseSelectW7Item__11ProfileInfo = 0x10004B38;
cProfileID_CourseSelectW5Teresa__11ProfileInfo = 0x10004B3C;
cProfileID_CourseSelectFlag__11ProfileInfo = 0x10004B40;
cProfileID_CourseSelectMusasabi__11ProfileInfo = 0x10004B44;
cProfileID_CourseSelectWPillar__11ProfileInfo = 0x10004B48;
cProfileID_CourseSelectW7Bridge__11ProfileInfo = 0x10004B4C;
cProfileID_CourseSelectMiiBalloon__11ProfileInfo = 0x10004B50;
cProfileID_CourseSelectPenguin__11ProfileInfo = 0x10004B54;
cProfileID_CourseSelectW4Item__11ProfileInfo = 0x10004B58;
cProfileID_CourseSelectW2Kuribo__11ProfileInfo = 0x10004B5C;
cProfileID_CourseSelectPakkunBig__11ProfileInfo = 0x10004B60;
cProfileID_CourseSelectShadowKunIcon__11ProfileInfo = 0x10004B64;
cProfileID_CourseSelectDekaUnira__11ProfileInfo = 0x10004B68;
cProfileID_CourseSelectTomb__11ProfileInfo = 0x10004B6C;
cProfileID_CourseSelectShadowFirstDemoShadowKun__11ProfileInfo = 0x10004B70;
cProfileID_CourseSelectKotsuCoaster__11ProfileInfo = 0x10004B74;
cProfileID_CourseSelectKoopaJr__11ProfileInfo = 0x10004B78;
cProfileID_CourseSelectPeach__11ProfileInfo = 0x10004B7C;
cProfileID_CourseSelectW1Item__11ProfileInfo = 0x10004B80;
cProfileID_CourseSelectStarGate__11ProfileInfo = 0x10004B84;
cProfileID_CourseSelectEventAssistant__11ProfileInfo = 0x10004B88;
cResList__11ProfileInfo = 0x101C321C;

/* GameAudio */
__CPR89__convertAudioObjctPos__9GameAudioSFPQ2_4sead16Vector2__tm__2_fRCQ2_J38JJ43J = 0x02029368;
sAudioObjMap__9GameAudio = 0x101C63D0;

/* ActorBgCollisionCheck */
__dt__21ActorBgCollisionCheckFv = 0x0218ADFC;
__CPR72__setSensor__21ActorBgCollisionCheckFPCQ2_J11J6SensorUc = 0x0218AEFC;
__CPR74__set__21ActorBgCollisionCheckFP5ActorPCQ2_J5J6SensorN22 = 0x0218AF6C;
getSensor__21ActorBgCollisionCheckCFUc = 0x0218CE74;
checkBg__21ActorBgCollisionCheckFv = 0x0218D954;
/* __LSG__typeInfo__L0__getRuntimeTypeInfoStatic__21ActorBgCollisionCheckSFv */
/* typeInfo__L0__getRuntimeTypeInfoStatic__21ActorBgCollisionCheckSFv */

/* ActorBgCollisionEnemyCheck */
/* __LSG__typeInfo__L0__getRuntimeTypeInfoStatic__26ActorBgCollisionEnemyCheckSFv */
/* typeInfo__L0__getRuntimeTypeInfoStatic__26ActorBgCollisionEnemyCheckSFv */

/* ActorBgCollisionMgr */
entry__19ActorBgCollisionMgrFRC11BgCollision = 0x0219269C;
release__19ActorBgCollisionMgrFRC11BgCollision = 0x0219282C;
sInstance__19ActorBgCollisionMgr = 0x101C9360;

/* ActorBgCollisionObjCheck */
/* __LSG__typeInfo__L0__getRuntimeTypeInfoStatic__24ActorBgCollisionObjCheckSFv */
/* typeInfo__L0__getRuntimeTypeInfoStatic__24ActorBgCollisionObjCheckSFv */

/* ActorBoxBgCollision */
__LSG__typeInfo__L0__getRuntimeTypeInfoStatic__19ActorBoxBgCollisionSFv = 0x101E9D38;
typeInfo__L0__getRuntimeTypeInfoStatic__19ActorBoxBgCollisionSFv = 0x101E9FBC;

/* ActorCircleBgCollision */
__LSG__typeInfo__L0__getRuntimeTypeInfoStatic__22ActorCircleBgCollisionSFv = 0x101E9F88;
typeInfo__L0__getRuntimeTypeInfoStatic__22ActorCircleBgCollisionSFv = 0x101EA398;

/* ActorCollisionCheck */
__ct__19ActorCollisionCheckFv = 0x0219A960;
__dt__19ActorCollisionCheckFv = 0x0219AB90;
__CPR108__set__19ActorCollisionCheckFP5ActorRCQ2_J5J13CollisionDataP30ActorCollisionDrcTouchCallback = 0x0219AF1C;
getTopPos__19ActorCollisionCheckCFv = 0x0219B434;
getUnderPos__19ActorCollisionCheckCFv = 0x0219B450;
getCenterPosY__19ActorCollisionCheckCFv = 0x0219B46C;
getRightPos__19ActorCollisionCheckCFv = 0x0219B480;
getLeftPos__19ActorCollisionCheckCFv = 0x0219B49C;
getCenterPosX__19ActorCollisionCheckCFv = 0x0219B4B8;
cDefault__Q2_19ActorCollisionCheck13CollisionData = 0x10041BC0;

/* ActorCollisionCheckMgr */
sInstance__22ActorCollisionCheckMgr = 0x101C95D8;

/* ActorCollisionDrcTouchCallback */
ccSetTouchDamage__30ActorCollisionDrcTouchCallbackFP19ActorCollisionCheckRCQ2_4sead16Vector2__tm__2_f = 0x0219E7E8;
ccOnTouch__30ActorCollisionDrcTouchCallbackFP19ActorCollisionCheckRCQ2_4sead16Vector2__tm__2_f = 0x0219E8A4;
bcSetTouchDamage__30ActorCollisionDrcTouchCallbackFP11BgCollisionRCQ2_4sead16Vector2__tm__2_f = 0x0219E8B8;

/* ActorEllipseBgCollision */
__LSG__typeInfo__L0__getRuntimeTypeInfoStatic__23ActorEllipseBgCollisionSFv = 0x101EA39C;
typeInfo__L0__getRuntimeTypeInfoStatic__23ActorEllipseBgCollisionSFv = 0x101EA3A0;

/* ActorLineBgCollision */
__LSG__typeInfo__L0__getRuntimeTypeInfoStatic__20ActorLineBgCollisionSFv = 0x101EA0FC;
typeInfo__L0__getRuntimeTypeInfoStatic__20ActorLineBgCollisionSFv = 0x101EA100;

/* BasicRideLine */
__ct__13BasicRideLineFv = 0x021A1ACC;

/* BasicRideLineBgCollision */
__ct__24BasicRideLineBgCollisionFv = 0x021A1D38;
__ct__24BasicRideLineBgCollisionFiPQ2_4sead16Vector2__tm__2_fP13BasicRideLineT3 = 0x021A1E04;
__dt__24BasicRideLineBgCollisionFv = 0x021A1F18;
set__24BasicRideLineBgCollisionFP5ActorRCQ2_11BgCollision7InitArg = 0x021A2310;
set__24BasicRideLineBgCollisionFP5ActorRCQ2_11BgCollision7InitArgiPQ2_4sead4Heap = 0x021A2378;
vf34__24BasicRideLineBgCollisionFv = 0x021A25B4;
execute__24BasicRideLineBgCollisionFv = 0x021A2E0C;
checkAreaBasic__24BasicRideLineBgCollisionFP26BgCollisionCheckResultAreaRC21BasicBgCollisionCheckRCQ2_4sead16Vector2__tm__2_fT3Uc = 0x021A2E64;
checkAreaActor__24BasicRideLineBgCollisionFP27ActorBgCollisionCheckResultPQ2_4sead16Vector2__tm__2_fT2UcP21ActorBgCollisionCheck = 0x021A4994;
vf5C__24BasicRideLineBgCollisionFPUi = __deleted_virtual_called;
vf64__24BasicRideLineBgCollisionFv = 0x021A4C4C;
vf6C__24BasicRideLineBgCollisionFv = 0x021A4CB0;
onBgCheckDataChange__24BasicRideLineBgCollisionFRCUL = 0x021A4FDC;
__LSG__typeInfo__L0__getRuntimeTypeInfoStatic__24BasicRideLineBgCollisionSFv = 0x101E9D48;
typeInfo__L0__getRuntimeTypeInfoStatic__24BasicRideLineBgCollisionSFv = 0x101E9FA8;

/* BgCollision */
setType__11BgCollisionFQ2_11BgCollision4Type = 0x021A5A70;
setHitType__11BgCollisionFQ2_10BgUnitCode7HitType = 0x021A5A90;
setAttr__11BgCollisionFQ2_10BgUnitCode4Attr = 0x021A5AD0;
vf24__11BgCollisionFPUiUi = 0x021A7688; // TODO: Remove me
vf2C__11BgCollisionFPUi = __deleted_virtual_called;
__LSG__typeInfo__L0__getRuntimeTypeInfoStatic__11BgCollisionSFv = 0x101E9D2C;
typeInfo__L0__getRuntimeTypeInfoStatic__11BgCollisionSFv = 0x101E9FA4;

/* LoopRideLineBgCollision */
__ct__23LoopRideLineBgCollisionFiPQ2_4sead16Vector2__tm__2_fP13BasicRideLineT3 = 0x021A7904;
__dt__23LoopRideLineBgCollisionFv = 0x021A7A04;
vf34__23LoopRideLineBgCollisionFv = 0x021A7E34;
execute__23LoopRideLineBgCollisionFv = 0x021A871C;
checkAreaBasic__23LoopRideLineBgCollisionFP26BgCollisionCheckResultAreaRC21BasicBgCollisionCheckRCQ2_4sead16Vector2__tm__2_fT3Uc = 0x021A8780;
checkAreaActor__23LoopRideLineBgCollisionFP27ActorBgCollisionCheckResultPQ2_4sead16Vector2__tm__2_fT2UcP21ActorBgCollisionCheck = 0x021ABFD8;
vf5C__23LoopRideLineBgCollisionFPUi = __deleted_virtual_called;
vf84__23LoopRideLineBgCollisionFv = 0x021AC8F8;
vf64__23LoopRideLineBgCollisionFv = 0x021ACB50;
vf6C__23LoopRideLineBgCollisionFv = 0x021ACBB4;
onBgCheckDataChange__23LoopRideLineBgCollisionFRCUL = 0x021ACE40;
checkPointInsideOrWithinDistance__23LoopRideLineBgCollisionCFRCQ2_4sead16Vector2__tm__2_ff = 0x021ACE8C;
__LSG__typeInfo__L0__getRuntimeTypeInfoStatic__23LoopRideLineBgCollisionSFv = 0x101E9D30;
typeInfo__L0__getRuntimeTypeInfoStatic__23LoopRideLineBgCollisionSFv = 0x101E9FB4;

/* LoopRideLineBgCollisionUtil */
setOfs__27LoopRideLineBgCollisionUtilSFP23LoopRideLineBgCollisionRCQ2_4sead16Vector2__tm__2_fT2 = 0x021AD25C;
set__27LoopRideLineBgCollisionUtilSFP23LoopRideLineBgCollisionP5ActorRCQ2_11BgCollision10BoxInitArg = 0x021AD3BC;

/* PoleRopeBgCollision */
__LSG__typeInfo__L0__getRuntimeTypeInfoStatic__19PoleRopeBgCollisionSFv = 0x101EA380;
typeInfo__L0__getRuntimeTypeInfoStatic__19PoleRopeBgCollisionSFv = 0x101EA384;

/* SimpleBoxBgCollision */
__LSG__typeInfo__L0__getRuntimeTypeInfoStatic__20SimpleBoxBgCollisionSFv = 0x101E9EA0;
typeInfo__L0__getRuntimeTypeInfoStatic__20SimpleBoxBgCollisionSFv = 0x101E9FCC;

/* SimpleShapeBgCollision */
checkPointInside__22SimpleShapeBgCollisionCFPbRCQ2_4sead16Vector2__tm__2_f = 0x021B096C;
__LSG__typeInfo__L0__getRuntimeTypeInfoStatic__22SimpleShapeBgCollisionSFv = 0x101E9D34;
typeInfo__L0__getRuntimeTypeInfoStatic__22SimpleShapeBgCollisionSFv = 0x101E9FB8;

/* UnitBgCollision */
__LSG__typeInfo__L0__getRuntimeTypeInfoStatic__15UnitBgCollisionSFv = 0x101EA38C;
typeInfo__L0__getRuntimeTypeInfoStatic__15UnitBgCollisionSFv = 0x101EA3C0;

/* UnitBgCollisionHolder */
setFromBgUnit__21UnitBgCollisionHolderFRCQ2_4sead16Vector2__tm__2_fUcRCQ2_4sead17BitFlag__tm__3_Uc = 0x021B1094;
sInstance__21UnitBgCollisionHolder = 0x101C9650;

/* UnitTriangleBgCollision */
__LSG__typeInfo__L0__getRuntimeTypeInfoStatic__23UnitTriangleBgCollisionSFv = 0x101EA390;
typeInfo__L0__getRuntimeTypeInfoStatic__23UnitTriangleBgCollisionSFv = 0x101EA3BC;

/* UnitQuadBgCollision */
__LSG__typeInfo__L0__getRuntimeTypeInfoStatic__19UnitQuadBgCollisionSFv = 0x101EA394;
typeInfo__L0__getRuntimeTypeInfoStatic__19UnitQuadBgCollisionSFv = 0x101EA3C4;

/* CourseSelectTask::Layer2D */
__vtbl__Q2_16CourseSelectTask7Layer2D = 0x10047018;

/* CourseSelectMgr */
createInstance__15CourseSelectMgrSFPQ2_4sead4Heap = 0x021F8A40;
sInstance__15CourseSelectMgr = 0x101CBE14;

/* EffectCreateUtil */
createEffect__16EffectCreateUtilSFiPCQ2_4sead16Vector3__tm__2_fPC6Angle3T2 = 0x022AB080;

/* PtclMgr */
cleanUp__7PtclMgrFv = 0x022AC7B8;
getEmitterSetGroupID__7PtclMgrCFiUi = 0x022ACE58;
setUserDataCallbacks__7PtclMgrFv = 0x022ACE84;
resetUserDataCallbacks__7PtclMgrFv = 0x022AD468;
sInstance__7PtclMgr = 0x101CD3A8;

/* Enemy */
__LSG__typeInfo__L0__getRuntimeTypeInfoStatic__5EnemySFv = 0x101E9EEC;
typeInfo__L0__getRuntimeTypeInfoStatic__5EnemySFv = 0x101E9EF0;

/* AreaTask */
drawLayer3D__8AreaTaskFRCQ3_3agl3lyr10RenderInfo = 0x024B84A8;

/* SelectCursor */
createInstance__12SelectCursorSFPQ2_4sead4Heap = 0x024C635C;
create__12SelectCursorFv = 0x024C63E0;
sInstance__12SelectCursor = 0x101D17A8;

/* CourseInfo */
sInstance__10CourseInfo = 0x101D18EC;

/* AnimModel */
__ct__9AnimModelFP5ModelUiN42 = 0x024D4798;
__CPR91__init__9AnimModelFP13ModelResourcePCQ2_4sead32PtrArray__tm__16_J18JPQ2_J38J4Heap = 0x024D49A0;
playAnmFrameCtrl__9AnimModelFv = 0x024D4D20;
calcMdl__9AnimModelFv = 0x024D4E84;

/* LightMapMgr */
initialize__11LightMapMgrFPQ2_4sead4Heap = 0x024E4318;
sInstance__11LightMapMgr = 0x101D2C60;

/* Model */
__LSG__typeInfo__L0__getRuntimeTypeInfoStatic__5ModelSFv = 0x101E9D08;
typeInfo__L0__getRuntimeTypeInfoStatic__5ModelSFv = 0x101E9F9C;

/* ModelUtil */
createG3d__9ModelUtilSFRC13ModelResourceRCQ2_4sead23SafeStringBase__tm__2_ciN43Q2_5Model12BoundingModePQ2_4sead4Heap = 0x024EE440;

/* ModelG3d */
__vtbl__8ModelG3d = 0x100BCF30;
__LSG__typeInfo__L0__getRuntimeTypeInfoStatic__8ModelG3dSFv = 0x101E9F78;
typeInfo__L0__getRuntimeTypeInfoStatic__8ModelG3dSFv = 0x101E9FA0;

/* ModelResourceMgr */
getResource__16ModelResourceMgrCFRCQ2_4sead23SafeStringBase__tm__2_c = 0x024F60EC;
sInstance__16ModelResourceMgr = 0x101D2D50;

/* ProcLayerBase */
__ct__13ProcLayerBaseFv = 0x024F9290;
__dt__13ProcLayerBaseFv = 0x024F92EC;
preDraw__13ProcLayerBaseCFRCQ3_3agl3lyr10RenderInfo = 0x024F9340;
postDraw__13ProcLayerBaseCFRCQ3_3agl3lyr10RenderInfo = 0x024F9344;
__LSG__typeInfo__L0__getRuntimeTypeInfoStatic__13ProcLayerBaseSFv = 0x101E9E5C;
typeInfo__L0__getRuntimeTypeInfoStatic__13ProcLayerBaseSFv = 0x101EA070;

/* Renderer */
setLayer__8RendererFPQ3_3agl3lyr5LayerQ2_8Renderer10GatherType = 0x024FAA50;
resetLayer__8RendererFv = 0x024FAB4C;
drawModel__8RendererFP5Model = 0x024FAB58;
drawModel__8RendererFPC9AnimModel = 0x024FAC98;
drawActorBgUnit__8RendererF6UnitIDRCQ2_4sead16Vector3__tm__2_f5AngleT2 = 0x024FAD28;
sInstance__8Renderer = 0x101D2D88;

/* RenderObjRenderMgr */
__ct__18RenderObjRenderMgrFRCQ2_4sead23SafeStringBase__tm__2_c = 0x024FAF58;
initialize__18RenderObjRenderMgrFiN31PQ2_4sead4Heap = 0x024FB128;

/* RenderObjBase */
__LSG__typeInfo__L0__getRuntimeTypeInfoStatic__13RenderObjBaseSFv = 0x101E9D00;
typeInfo__L0__getRuntimeTypeInfoStatic__13RenderObjBaseSFv = 0x101E9F94;

/* RenderObj */
__LSG__typeInfo__L0__getRuntimeTypeInfoStatic__9RenderObjSFv = 0x101E9D04;
typeInfo__L0__getRuntimeTypeInfoStatic__9RenderObjSFv = 0x101E9F98;

/* RenderObjLayerBase */
setRenderMgr__18RenderObjLayerBaseFP18RenderObjRenderMgr = 0x024FCA24;
__LSG__typeInfo__L0__getRuntimeTypeInfoStatic__18RenderObjLayerBaseSFv = 0x101E9E60;
typeInfo__L0__getRuntimeTypeInfoStatic__18RenderObjLayerBaseSFv = 0x101EA074;

/* RenderObjLayer */
__ct__14RenderObjLayerFv = 0x024FCA6C;

/* SysController */
calcRemote_URCC___13SysControllerFPCQ2_4sead10Controller = 0x02512088;
calcRemote_URCC_Acc___13SysControllerFPCQ2_4sead10Controller = 0x025121F4;
calcRemote_Core___13SysControllerFPCQ2_4sead10Controller = 0x025124D8;
calcRemote_Nunchuk___13SysControllerFPCQ2_4sead10Controller = 0x025127F8;
__LSG__typeInfo__L0__getRuntimeTypeInfoStatic__13SysControllerSFv = 0x101E9D40;
typeInfo__L0__getRuntimeTypeInfoStatic__13SysControllerSFv = 0x101EAE78;

/* SysControllerWrapper */
__dt__20SysControllerWrapperFv = 0x025140E8;
__ct__20SysControllerWrapperFv = 0x02514150;
registerWith__20SysControllerWrapperFQ2_13SysController2Id = 0x025141B0;

/* ItemBase */
__LSG__typeInfo__L0__getRuntimeTypeInfoStatic__8ItemBaseSFv = 0x101E9E58;
typeInfo__L0__getRuntimeTypeInfoStatic__8ItemBaseSFv = 0x101E9EDC;

/* ItemObj */
__LSG__typeInfo__L0__getRuntimeTypeInfoStatic__7ItemObjSFv = 0x101EA1F4;
typeInfo__L0__getRuntimeTypeInfoStatic__7ItemObjSFv = 0x101EAD38;

/* Propeller */
__LSG__typeInfo__L0__getRuntimeTypeInfoStatic__9PropellerSFv = 0x101EAEE0;
typeInfo__L0__getRuntimeTypeInfoStatic__9PropellerSFv = 0x101EAEE4;

/* ChangePlayerNum */
__ct__15ChangePlayerNumFv = 0x02553AB8;
__dt__15ChangePlayerNumFv = 0x02553D24;
create__15ChangePlayerNumFv = 0x02553E28;
execute__15ChangePlayerNumFv = 0x025546B8;
draw__15ChangePlayerNumCFRCQ3_3agl3lyr10RenderInfo = 0x025548D0;
drawBtn__15ChangePlayerNumCFRCQ3_3agl3lyr10RenderInfo = 0x0255491C;
gather__15ChangePlayerNumFv = 0x025549A8;
setPlayerCharacter__15ChangePlayerNumFiT1 = 0x02554A24;
resetPlayerCharacter__15ChangePlayerNumFiT1 = 0x02554A70;

/* ChangePlayerNumBtn */
ChangePlayerNumBtn_HandleTakenCharacter_Continue = 0x02557C78;
ChangePlayerNumBtn_IsCharacterTaken_Continue = 0x02558B28;
ChangePlayerNumBtn_InitializeState_PostDecide_Continue = 0x02559388;

/* CourseSelectMenu */
CourseSelectMenu_ExecuteState_ChangePlayerNum_Continue = 0x025A5638;

/* Bg */
getUnitCurrentCdFile__2BgSFUsT1UcPi = 0x02685000;
getBgCheckData__2BgFUsT1Ucb = 0x02685148;
sInstance__2Bg = 0x101DAB94;

/* CourseDataFile */
getMapActor__14CourseDataFileCFUsPC12MapActorData = 0x02699C08;
getLocation__14CourseDataFileCFPQ2_4sead18BoundBox2__tm__2_fUc = 0x0269A020;
getRailInfo__14CourseDataFileCFUc = 0x0269A0A8;
getRailPoint__14CourseDataFileCFUc = 0x0269A0F4;

/* CourseData */
getFile__10CourseDataFi = 0x0269A2DC;
sInstance__10CourseData = 0x101DB048;

/* SwitchFlagMgr */
sInstance__13SwitchFlagMgr = 0x101DB06C;

/* ActorBlockBase */
__ct__14ActorBlockBaseFRC16ActorCreateParam = 0x0269E614;
execute___14ActorBlockBaseFv = 0x0269E6C4;
draw___14ActorBlockBaseFv = 0x0269E77C;
spawnItemUp__14ActorBlockBaseFv = 0x0269EBC0;
spawnItemDown__14ActorBlockBaseFv = 0x0269EBC4;
onDownMove_DiffEnd__14ActorBlockBaseFv = 0x0269EC04;
isBlockActive__14ActorBlockBaseFv = 0x0269EC1C;
preSpawnItem__14ActorBlockBaseFv = 0x0269EFE4;
executeBlock__14ActorBlockBaseFv = 0x0269F078;
destroy__14ActorBlockBaseFv = 0x0269F25C;
destroy2__14ActorBlockBaseFv = 0x0269F33C;
onDownMove_DiffStart__14ActorBlockBaseFv = 0x0269F400;
vf2C4__14ActorBlockBaseFv = 0x0269F410;
onMove_Diff__14ActorBlockBaseFv = 0x0269F674;
init__14ActorBlockBaseFbT1 = 0x0269F6C8;
initMover__14ActorBlockBaseFv = 0x0269FB30;
executeState_Wait__14ActorBlockBaseFv = 0x026A0068;
executeState_HitWait__14ActorBlockBaseFv = 0x026A0074;
initializeState_Wait__14ActorBlockBaseFv = 0x026A061C;
finalizeState_Wait__14ActorBlockBaseFv = 0x026A0620;
initializeState_HitWait__14ActorBlockBaseFv = 0x026A0624;
finalizeState_HitWait__14ActorBlockBaseFv = 0x026A0628;
__vtbl__14ActorBlockBase = 0x100E6960;
__LSG__typeInfo__L0__getRuntimeTypeInfoStatic__14ActorBlockBaseSFv = 0x101E9CF4;
typeInfo__L0__getRuntimeTypeInfoStatic__14ActorBlockBaseSFv = 0x101E9CF8;
StateID_Wait__14ActorBlockBase = 0x1021E8E0;
StateID_HitWait__14ActorBlockBase = 0x1021E904;

/* BlockCoinBase */
vf1D4__13BlockCoinBaseFi = 0x02704868;
spawnCoinShower__13BlockCoinBaseFv = 0x027048E4;
callbackFoot__13BlockCoinBaseSFP11BgCollisionP21ActorBgCollisionCheck = 0x02704ECC;
callbackFoot_Hit__13BlockCoinBaseSFP11BgCollisionP21ActorBgCollisionCheck = 0x027050F0;
callbackHead__13BlockCoinBaseSFP11BgCollisionP21ActorBgCollisionCheck = 0x02705528;
callbackHead_Hit__13BlockCoinBaseSFP11BgCollisionP21ActorBgCollisionCheck = 0x0270595C;
callBackWall__13BlockCoinBaseSFP11BgCollisionP21ActorBgCollisionCheckUc = 0x02705EFC;
callBackWall_Hit__13BlockCoinBaseSFP11BgCollisionP21ActorBgCollisionCheckUc = 0x027060C0;
spawnVine__13BlockCoinBaseFUc = 0x027062A8;
spawnJumpdai__13BlockCoinBaseFv = 0x02706430;
spawnYoshiEgg__13BlockCoinBaseFb = 0x02706BA4;
spawnPowerup__13BlockCoinBaseFRCQ2_4sead16Vector3__tm__2_fUiT2b = 0x02706D1C;
spawnMultiPowerup__13BlockCoinBaseFRCQ2_4sead16Vector3__tm__2_fUiT2b = 0x02706FF4;
initializeState_UpMove__13BlockCoinBaseFv = 0x02707CB4;
executeState_UpMove__13BlockCoinBaseFv = 0x02707CF0;
initializeState_UpMoveEnd__13BlockCoinBaseFv = 0x02707D94;
executeState_UpMoveEnd__13BlockCoinBaseFv = 0x02707DA0;
initializeState_DownMove__13BlockCoinBaseFv = 0x02707DB8;
executeState_DownMove__13BlockCoinBaseFv = 0x02707DFC;
initializeState_DownMoveEnd__13BlockCoinBaseFv = 0x02707E9C;
executeState_DownMoveEnd__13BlockCoinBaseFv = 0x02707EA8;
initializeState_UpMove_Diff__13BlockCoinBaseFv = 0x02707ED0;
executeState_UpMove_Diff__13BlockCoinBaseFv = 0x02707F58;
initializeState_DownMove_Diff__13BlockCoinBaseFv = 0x0270812C;
executeState_DownMove_Diff__13BlockCoinBaseFv = 0x02708198;
initializeState_DownMove_DiffEnd__13BlockCoinBaseFv = 0x0270828C;
executeState_DownMove_DiffEnd__13BlockCoinBaseFv = 0x02708298;
finalizeState_UpMove__13BlockCoinBaseFv = 0x02708F2C;
finalizeState_UpMoveEnd__13BlockCoinBaseFv = 0x02708F30;
finalizeState_DownMove__13BlockCoinBaseFv = 0x02708F34;
finalizeState_DownMoveEnd__13BlockCoinBaseFv = 0x02708F38;
finalizeState_UpMove_Diff__13BlockCoinBaseFv = 0x02708F3C;
finalizeState_DownMove_Diff__13BlockCoinBaseFv = 0x02708F40;
finalizeState_DownMove_DiffEnd__13BlockCoinBaseFv = 0x02708F44;
__vtbl__13BlockCoinBase = 0x10101A80;
__LSG__typeInfo__L0__getRuntimeTypeInfoStatic__13BlockCoinBaseSFv = 0x101E9CA4;
typeInfo__L0__getRuntimeTypeInfoStatic__13BlockCoinBaseSFv = 0x101E9CA8;
StateID_UpMove_Diff__13BlockCoinBase = 0x1022051C;
StateID_DownMove_DiffEnd__13BlockCoinBase = 0x10220564;

/* ChangeBlockCoinBase */
setTileFlag__19ChangeBlockCoinBaseFv = 0x027265BC;
spawnItemUp__19ChangeBlockCoinBaseFv = 0x02726610;
spawnItemDown__19ChangeBlockCoinBaseFv = 0x02726634;
vf1DC__19ChangeBlockCoinBaseFv = 0x02726644;
vf2CC__19ChangeBlockCoinBaseFv = 0x02726654;
registerColliderActiveInfo__19ChangeBlockCoinBaseFv = 0x02726760;
vf2C4__19ChangeBlockCoinBaseFv = 0x02727998;
__vtbl__19ChangeBlockCoinBase = 0x101075AC;
__LSG__typeInfo__L0__getRuntimeTypeInfoStatic__19ChangeBlockCoinBaseSFv = 0x101E9CEC;
typeInfo__L0__getRuntimeTypeInfoStatic__19ChangeBlockCoinBaseSFv = 0x101E9CF0;

/* PairObjChild */
checkRevFoot__12PairObjChildSFP5ActorT1 = 0x0283FBAC;
checkRevHead__12PairObjChildSFP5ActorT1 = 0x0283FBE0;
checkRevWall__12PairObjChildSFP5ActorT1Uc = 0x0283FC14;

/* PairObjChildDrcTouchCB */
bcOnTouch__22PairObjChildDrcTouchCBFP11BgCollisionRCQ2_4sead16Vector2__tm__2_f = 0x0284184C;

/* ParentMovementMgr */
__ct__17ParentMovementMgrFv = 0x02849C40;
getTypeMask__17ParentMovementMgrF18ParentMovementType = 0x0284A37C;
link__17ParentMovementMgrFRCQ2_4sead16Vector3__tm__2_fUiUc = 0x0284B6F4;
execute__17ParentMovementMgrFv = 0x0284B8C4;

/* PlayerKey */
buttonUp__9PlayerKeyCFv = 0x02915F78;
buttonDown__9PlayerKeyCFv = 0x02915F84;
buttonLeft__9PlayerKeyCFv = 0x02915F90;
buttonRight__9PlayerKeyCFv = 0x02915F9C;
triggerUp__9PlayerKeyCFv = 0x02916108;
triggerDown__9PlayerKeyCFv = 0x02916114;
buttonHipAttack__9PlayerKeyCFv = 0x0291644C;

/* PlayerMgr */
sInstance__9PlayerMgr = 0x101E6994;

/* E3CourseSelectScene */
E3CourseSelectScene_SwitchToTitleScene__FPQ2_4sead8TaskBase = 0x02982780;

/* Scene */
isFadein__5SceneCFv = 0x029945B8;
sInstance__5Scene = 0x101E7B28;

/* BgScrollMgr */
sInstance__11BgScrollMgr = 0x101E7C54;

/* AudAudioMgr */
getFxSocket__11AudAudioMgrFv = 0x029B1AA4;

/* AudFxSocket */
getReverbHiParam__11AudFxSocketFv = 0x029B2FD8;
getDelayParam__11AudFxSocketFv = 0x029B2FE0;

/* SndAudioMgr */
sInstance__11SndAudioMgr = 0x101E7C84;

/* SndBgmMgr */
shouldHurryUp__9SndBgmMgrFv = 0x029B83D8;

/* SndObjctCmnMap */
holdSound__14SndObjctCmnMapFPCciRCQ2_4sead16Vector2__tm__2_fQ3_2nw3snd10OutputLine = 0x029BED50;

/* StateID */
__LSG__s_number_memo__L0____ct__7StateIDFv = 0x101E9E9C;
s_number_memo__L0____ct__7StateIDFv = 0x101E9F04;
cNull__7StateID = 0x1022D390;

/* StateMethod */
__ct__11StateMethodFR13IStateFactoryRC7StateID = 0x029C4A08;
executeStateMethod__11StateMethodFv = 0x029C4A80;
changeStateMethod__11StateMethodFRC7StateID = 0x029C4AF0;

/* MainGame */
sInstance__8MainGame = 0x101E7D7C;

/* new/delete */
__nw__FUi = 0x029F1594;
__nwa__FUi = 0x029F1630;
__dl__FPv = 0x029F1748;
__dla__FPv = 0x029F17D0;
__nw__FUiPQ2_4sead4Heapi = 0x029F1858;
__nwa__FUiPQ2_4sead4Heapi = 0x029F18DC;

/* sead::FileDevice */
__CPR122__tryOpen__Q2_4sead10FileDeviceFPQ2_J12J10FileHandleRCQ2_J12J23SafeStringBase__tm__2_cQ3_J12JJ17J12FileOpenFlagUi = 0x029F7804;
tryClose__Q2_4sead10FileDeviceFPQ2_4sead10FileHandle = 0x029F78C0;
/* __LSG__typeInfo__L0__getRuntimeTypeInfoStatic__Q2_4sead10FileDeviceSFv */
/* typeInfo__L0__getRuntimeTypeInfoStatic__Q2_4sead10FileDeviceSFv */

/* sead::FileHandle */
read__Q2_4sead10FileHandleFPUcUi = 0x029F81D0;
tryRead__Q2_4sead10FileHandleFPUiPUcUi = 0x029F8230;
getFileSize__Q2_4sead10FileHandleFv = 0x029F8368;

/* sead::FileDeviceMgr */
tryOpen__Q2_4sead13FileDeviceMgrFPQ2_4sead10FileHandleRCQ2_4sead23SafeStringBase__tm__2_cQ3_4sead10FileDevice12FileOpenFlagUi = 0x029F8B0C;
tryLoad__Q2_4sead13FileDeviceMgrFRQ3_4sead10FileDevice7LoadArg = 0x029F8BBC;
sInstance__Q2_4sead13FileDeviceMgr = 0x101E7F18;

/* sead::MainFileDevice */
/* __LSG__typeInfo__L0__getRuntimeTypeInfoStatic__Q2_4sead14MainFileDeviceSFv */
/* typeInfo__L0__getRuntimeTypeInfoStatic__Q2_4sead14MainFileDeviceSFv */

/* sead::CalculateTask */
__dt__Q2_4sead13CalculateTaskFv = 0x029FC2F0;
attachCalcImpl__Q2_4sead13CalculateTaskFv = 0x029FC384;
detachCalcImpl__Q2_4sead13CalculateTaskFv = 0x029FC43C;
pauseCalc__Q2_4sead13CalculateTaskFb = 0x029FC444;
getMethodTreeNode__Q2_4sead13CalculateTaskFi = 0x029FC4F0;
__ct__Q2_4sead13CalculateTaskFRCQ2_4sead16TaskConstructArgPCc = 0x029FC508;
attachDrawImpl__Q2_4sead13CalculateTaskFv = 0x029FC854;
detachDrawImpl__Q2_4sead13CalculateTaskFv = 0x029FC858;
pauseDraw__Q2_4sead13CalculateTaskFb = 0x029FC85C;
__LSG__typeInfo__L0__getRuntimeTypeInfoStatic__Q2_4sead13CalculateTaskSFv = 0x101E9A9C;
typeInfo__L0__getRuntimeTypeInfoStatic__Q2_4sead13CalculateTaskSFv = 0x101EA764;
pauseCalcRec__Q2_4sead13CalculateTaskFb = __deleted_virtual_called;
pauseDrawRec__Q2_4sead13CalculateTaskFb = __deleted_virtual_called;
pauseCalcChild__Q2_4sead13CalculateTaskFb = __deleted_virtual_called;
pauseDrawChild__Q2_4sead13CalculateTaskFb = __deleted_virtual_called;
getCorrespondingMethodTreeMgrTypeInfo__Q2_4sead13CalculateTaskCFv = __deleted_virtual_called;

/* sead::MethodTreeNode */
/* __LSG__typeInfo__L0__getRuntimeTypeInfoStatic__Q2_4sead14MethodTreeNodeSFv */
/* typeInfo__L0__getRuntimeTypeInfoStatic__Q2_4sead14MethodTreeNodeSFv */

/* sead::TaskBase */
enterCommon__Q2_4sead8TaskBaseFv = 0x029FF818;
adjustHeapAll__Q2_4sead8TaskBaseFv = 0x029FF9DC;
onEvent__Q2_4sead8TaskBaseFRCQ2_4sead9TaskEvent = 0x029FFF78;
__LSG__typeInfo__L0__getRuntimeTypeInfoStatic__Q2_4sead8TaskBaseSFv = 0x101E9A98;
typeInfo__L0__getRuntimeTypeInfoStatic__Q2_4sead8TaskBaseSFv = 0x101EA768;
onDestroy__Q2_4sead8TaskBaseFv = __deleted_virtual_called;
doneDestroy__Q2_4sead8TaskBaseFv = __deleted_virtual_called;

/* sead::TaskMgr */
destroyTaskSync__Q2_4sead7TaskMgrFPQ2_4sead8TaskBase = 0x02A00D98;

/* sead::Camera */
__vtbl__Q2_4sead6Camera = 0x10190824;
__LSG__typeInfo__L0__getRuntimeTypeInfoStatic__Q2_4sead6CameraSFv = 0x101E9B88;
typeInfo__L0__getRuntimeTypeInfoStatic__Q2_4sead6CameraSFv = 0x101EBC10;

/* sead::LookAtCamera */
__dt__Q2_4sead12LookAtCameraFv = 0x02A04B94;
doUpdateMatrix__Q2_4sead12LookAtCameraCFPQ2_4sead17Matrix34__tm__2_f = 0x02A04BE8;
__vtbl__Q2_4sead12LookAtCamera = 0x1019084C;
__LSG__typeInfo__L0__getRuntimeTypeInfoStatic__Q2_4sead12LookAtCameraSFv = 0x101E9B8C;
typeInfo__L0__getRuntimeTypeInfoStatic__Q2_4sead12LookAtCameraSFv = 0x101EBC14;

/* sead::OrthoCamera */
__ct__Q2_4sead11OrthoCameraFv = 0x02A04D54;
__dt__Q2_4sead11OrthoCameraFv = 0x02A04DE8;
setByOrthoProjection__Q2_4sead11OrthoCameraFRCQ2_4sead15OrthoProjection = 0x02A04E3C;
__LSG__typeInfo__L0__getRuntimeTypeInfoStatic__Q2_4sead11OrthoCameraSFv = 0x101E9B90;
typeInfo__L0__getRuntimeTypeInfoStatic__Q2_4sead11OrthoCameraSFv = 0x101EBC18;

/* sead::DirectCamera */
__LSG__typeInfo__L0__getRuntimeTypeInfoStatic__Q2_4sead12DirectCameraSFv = 0x101E9B94;
typeInfo__L0__getRuntimeTypeInfoStatic__Q2_4sead12DirectCameraSFv = 0x101EBC1C;

/* sead::Color4f */
cElementMax__Q2_4sead7Color4f = 0x101908E4;
cElementMin__Q2_4sead7Color4f = 0x101908E8;
cBlack__Q2_4sead7Color4f = 0x105EA080;
cGray__Q2_4sead7Color4f = 0x105EA090;
cWhite__Q2_4sead7Color4f = 0x105EA0A0;
cRed__Q2_4sead7Color4f = 0x105EA0B0;
cGreen__Q2_4sead7Color4f = 0x105EA0C0;
cBlue__Q2_4sead7Color4f = 0x105EA0D0;
cYellow__Q2_4sead7Color4f = 0x105EA0E0;
cMagenta__Q2_4sead7Color4f = 0x105EA0F0;
cCyan__Q2_4sead7Color4f = 0x105EA100;

/* sead::LogicalFrameBuffer */
__LSG__typeInfo__L0__getRuntimeTypeInfoStatic__Q2_4sead18LogicalFrameBufferSFv = 0x101E9BF0;
typeInfo__L0__getRuntimeTypeInfoStatic__Q2_4sead18LogicalFrameBufferSFv = 0x101EADF0;

/* sead::FrameBuffer */
bind__Q2_4sead11FrameBufferCFv = 0x02A058F0;
__LSG__typeInfo__L0__getRuntimeTypeInfoStatic__Q2_4sead11FrameBufferSFv = 0x101E9BF4;
typeInfo__L0__getRuntimeTypeInfoStatic__Q2_4sead11FrameBufferSFv = 0x101EADF4;

/* sead::DisplayBuffer */
__LSG__typeInfo__L0__getRuntimeTypeInfoStatic__Q2_4sead13DisplayBufferSFv = 0x101E9BFC;
typeInfo__L0__getRuntimeTypeInfoStatic__Q2_4sead13DisplayBufferSFv = 0x101EBC2C;

/* sead::Graphics */
sInstance__Q2_4sead8Graphics = 0x101E8000;

/* sead::GraphicsContextMRT */
__ct__Q2_4sead18GraphicsContextMRTFv = 0x02A07E70;

/* sead::Projection */
getDeviceProjectionMatrix__Q2_4sead10ProjectionCFv = 0x02A05A9C;
__LSG__typeInfo__L0__getRuntimeTypeInfoStatic__Q2_4sead10ProjectionSFv = 0x101E9B74;
typeInfo__L0__getRuntimeTypeInfoStatic__Q2_4sead10ProjectionSFv = 0x101EA808;

/* sead::PerspectiveProjection */
__ct__Q2_4sead21PerspectiveProjectionFv = 0x02A06108;
__dt__Q2_4sead21PerspectiveProjectionFv = 0x02A06298;
set__Q2_4sead21PerspectiveProjectionFfN31 = 0x02A062EC;
__LSG__typeInfo__L0__getRuntimeTypeInfoStatic__Q2_4sead21PerspectiveProjectionSFv = 0x101E9B78;
typeInfo__L0__getRuntimeTypeInfoStatic__Q2_4sead21PerspectiveProjectionSFv = 0x101EA7CC;

/* sead::OrthoProjection */
__ct__Q2_4sead15OrthoProjectionFv = 0x02A06518;
__dt__Q2_4sead15OrthoProjectionFv = 0x02A067C4;
setTBLR__Q2_4sead15OrthoProjectionFfN31 = 0x02A06818;
__LSG__typeInfo__L0__getRuntimeTypeInfoStatic__Q2_4sead15OrthoProjectionSFv = 0x101E9B7C;
typeInfo__L0__getRuntimeTypeInfoStatic__Q2_4sead15OrthoProjectionSFv = 0x101EA7D0;

/* sead::FrustumProjection */
__LSG__typeInfo__L0__getRuntimeTypeInfoStatic__Q2_4sead17FrustumProjectionSFv = 0x101E9B80;
typeInfo__L0__getRuntimeTypeInfoStatic__Q2_4sead17FrustumProjectionSFv = 0x101EA7D4;

/* sead::DirectProjection */
__LSG__typeInfo__L0__getRuntimeTypeInfoStatic__Q2_4sead16DirectProjectionSFv = 0x101E9B84;
typeInfo__L0__getRuntimeTypeInfoStatic__Q2_4sead16DirectProjectionSFv = 0x101EBC24;

/* sead::Viewport */
__ct__Q2_4sead8ViewportFfN31 = 0x02A072FC;
__ct__Q2_4sead8ViewportFRCQ2_4sead18LogicalFrameBuffer = 0x02A074C8;
getOnFrameBufferPos__Q2_4sead8ViewportCFPQ2_4sead16Vector2__tm__2_fRCQ2_4sead18LogicalFrameBuffer = 0x02A07570;
getOnFrameBufferSize__Q2_4sead8ViewportCFPQ2_4sead16Vector2__tm__2_fRCQ2_4sead18LogicalFrameBuffer = 0x02A077B0;
apply__Q2_4sead8ViewportCFRCQ2_4sead18LogicalFrameBuffer = 0x02A0783C;

/* sead::GraphicsContext */
__ct__Q2_4sead15GraphicsContextFv = 0x02A07BBC;
apply__Q2_4sead15GraphicsContextCFv = 0x02A07CB0;

/* sead::PrimitiveRenderer */
setCamera__Q2_4sead17PrimitiveRendererFRCQ2_4sead6Camera = 0x02A083D0;
setProjection__Q2_4sead17PrimitiveRendererFRCQ2_4sead10Projection = 0x02A083E4;
setModelMatrix__Q2_4sead17PrimitiveRendererFRCQ2_4sead17Matrix34__tm__2_f = 0x02A083F8;
begin__Q2_4sead17PrimitiveRendererFv = 0x02A08408;
end__Q2_4sead17PrimitiveRendererFv = 0x02A0841C;
__CPR75__drawQuad__Q2_4sead17PrimitiveRendererFRCQ3_J13JJ18J7QuadArg = 0x02A08430;
sInstance__Q2_4sead17PrimitiveRenderer = 0x101E8010;

/* sead::PrimitiveRenderer::QuadArg */
setColor__Q3_4sead17PrimitiveRenderer7QuadArgFRCQ2_4sead7Color4fT1 = 0x02A08628;

/* sead::FrameBufferCafe */
__LSG__typeInfo__L0__getRuntimeTypeInfoStatic__Q2_4sead15FrameBufferCafeSFv = 0x101E9C18;
typeInfo__L0__getRuntimeTypeInfoStatic__Q2_4sead15FrameBufferCafeSFv = 0x101EBC30;

/* sead::DisplayBufferCafe */
__LSG__typeInfo__L0__getRuntimeTypeInfoStatic__Q2_4sead17DisplayBufferCafeSFv = 0x101E9C1C;
typeInfo__L0__getRuntimeTypeInfoStatic__Q2_4sead17DisplayBufferCafeSFv = 0x101EBC28;

/* sead::IDisposer */
__ct__Q2_4sead9IDisposerFv = 0x02A0A2FC;
__dt__Q2_4sead9IDisposerFv = 0x02A0A384;
__vtbl__Q2_4sead9IDisposer = 0x10190FA8;

/* sead::ExpHeap */
/* __LSG__typeInfo__L0__getRuntimeTypeInfoStatic__Q2_4sead7ExpHeapSFv */
/* typeInfo__L0__getRuntimeTypeInfoStatic__Q2_4sead7ExpHeapSFv */

/* sead::FrameHeap */
/* __LSG__typeInfo__L0__getRuntimeTypeInfoStatic__Q2_4sead9FrameHeapSFv */
/* typeInfo__L0__getRuntimeTypeInfoStatic__Q2_4sead9FrameHeapSFv */

/* sead::Heap */
/* __LSG__typeInfo__L0__getRuntimeTypeInfoStatic__Q2_4sead4HeapSFv */
/* typeInfo__L0__getRuntimeTypeInfoStatic__Q2_4sead4HeapSFv */

/* sead::HeapMgr */
findContainHeap__Q2_4sead7HeapMgrCFPCv = 0x02A0D45C;
getCurrentHeap__Q2_4sead7HeapMgrCFv = 0x02A0D554;
sInstancePtr__Q2_4sead7HeapMgr = 0x101E8040;

/* sead::SeparateHeap */
/* __LSG__typeInfo__L0__getRuntimeTypeInfoStatic__Q2_4sead12SeparateHeapSFv */
/* typeInfo__L0__getRuntimeTypeInfoStatic__Q2_4sead12SeparateHeapSFv */

/* sead::UnitHeap */
/* __LSG__typeInfo__L0__getRuntimeTypeInfoStatic__Q2_4sead8UnitHeapSFv */
/* typeInfo__L0__getRuntimeTypeInfoStatic__Q2_4sead8UnitHeapSFv */

/* sead::MathCalcCommon<f32> */
chase__Q2_4sead23MathCalcCommon__tm__2_fSFPZ1ZZ1ZT2_b = 0x02027984;
atanIdx___S__Q2_4sead23MathCalcCommon__tm__2_fSFZ1Z_Ui = 0x02A0E124;
cSinCosTbl__S__Q2_4sead23MathCalcCommon__tm__2_f = 0x10191538;

/* sead::Matrix34<f32> */
ident__S__Q2_4sead17Matrix34__tm__2_f = 0x105EA258;

/* sead::Matrix34CalcCommon<f32> */
__CPR161__makeRTIdx__Q2_4sead27Matrix34CalcCommon__tm__2_fSFRQ3_J14J19Policies__tm__4_Z1Z9Mtx34BaseRCQ2_J14J17Vector3__tm__3_UiRCQ3_J14JJ59J8Vec3Base_v = 0x0203C1C8;
__CPR131__setBase__Q2_4sead27Matrix34CalcCommon__tm__2_fSFRQ3_J12J19Policies__tm__4_Z1Z9Mtx34BaseiRCQ3_J12JJ57J8Vec3Base_v = 0x02046150;
__CPR137__setTranslation__Q2_4sead27Matrix34CalcCommon__tm__2_fSFRQ3_J19J19Policies__tm__4_Z1Z9Mtx34BaseRCQ3_J19JJ64J8Vec3Base_v = 0x02046174;
__CPR128__makeQ__Q2_4sead27Matrix34CalcCommon__tm__2_fSFRQ3_J10J19Policies__tm__4_Z1Z9Mtx34BaseRCQ3_J10JJ55J8QuatBase_v = 0x0205A79C;
__CPR131__makeST__Q2_4sead27Matrix34CalcCommon__tm__2_fSFRQ3_J11J19Policies__tm__4_Z1Z9Mtx34BaseRCQ3_J11JJ56J8Vec3BaseT2_v = 0x02222A88;
__CPR133__makeSRT__Q2_4sead27Matrix34CalcCommon__tm__2_fSFRQ3_J12J19Policies__tm__4_Z1Z9Mtx34BaseRCQ3_J12JJ57J8Vec3BaseN22_v = 0x02508424;

/* sead::Quat<f32> */
unit__S__Q2_4sead13Quat__tm__2_f = 0x105EA598;

/* sead::QuatCalcCommon<f32> */
/* __CPR138__makeVectorRotation__Q2_4sead23QuatCalcCommon__tm__2_fSFRQ3_J23J19Policies__tm__4_Z1Z8QuatBaseRCQ3_J23JJ64J8Vec3BaseT2_b = 0x0205A660; */

/* sead::Vector2<f32> */
zero__S__Q2_4sead16Vector2__tm__2_f = 0x105EA740;
ones__S__Q2_4sead16Vector2__tm__2_f = 0x105EA758;

/* sead::Vector3<f32> */
zero__S__Q2_4sead16Vector3__tm__2_f = 0x105EA760;
ones__S__Q2_4sead16Vector3__tm__2_f = 0x105EA790;

/* sead::Vector4<f32> */
zero__S__Q2_4sead16Vector4__tm__2_f = 0x105EA79C;

/* sead::Vector3CalcCommon<f32> */
/* normalize__Q2_4sead26Vector3CalcCommon__tm__2_fSFRQ3_4sead19Policies__tm__4_Z1Z8Vec3Base_Z1Z = 0x0205A5F4; */

/* sead::Endian */
cConvFuncTable__Q2_4sead6Endian = 0x101929A8;
cHostEndian__Q2_4sead6Endian = 0x105EAA78;

/* sead::SafeStringBase<char> */
cNullChar__S__Q2_4sead23SafeStringBase__tm__2_c = 0x10000044;

/* sead::BufferedSafeStringBase<char> */
format__S__Q2_4sead31BufferedSafeStringBase__tm__2_cFPCZ1Ze_i = 0x02A0F1E4;

/* sead::Resource */
__vtbl__Q2_4sead8Resource = 0x101A3A50;
__LSG__typeInfo__L0__getRuntimeTypeInfoStatic__Q2_4sead8ResourceSFv = 0x101E9BB4;
typeInfo__L0__getRuntimeTypeInfoStatic__Q2_4sead8ResourceSFv = 0x101E9F14;

/* sead::DirectResource */
__vtbl__Q2_4sead14DirectResource = 0x101A3A78;
__LSG__typeInfo__L0__getRuntimeTypeInfoStatic__Q2_4sead14DirectResourceSFv = 0x101E9BB8;
typeInfo__L0__getRuntimeTypeInfoStatic__Q2_4sead14DirectResourceSFv = 0x101E9F18;

/* sead::ResourceMgr */
unregisterDecompressor__Q2_4sead11ResourceMgrFPQ2_4sead12Decompressor = 0x02A13FA8;
sInstance__Q2_4sead11ResourceMgr = 0x101E8074;

/* sead::SZSDecompressor */
getDecompSize__Q2_4sead15SZSDecompressorSFPCv = 0x02A154CC;
decomp__Q2_4sead15SZSDecompressorSFPvUiPCvT2 = 0x02A15654;
__CPR87__streamDecomp__Q2_4sead15SZSDecompressorSFPQ3_J17JJ22J13DecompContextPCvUi = 0x02A157FC;
getDecompAlignment__Q2_4sead15SZSDecompressorSFPCv = 0x02A15AA0;
__dt__Q2_4sead15SZSDecompressorFv = 0x02A15FA8;
__vtbl__Q2_4sead15SZSDecompressor = 0x101A3D68;
__vtbl__42Q2_4sead9IDisposer__Q2_4sead12Decompressor__Q2_4sead15SZSDecompressor = 0x101A3D80;

/* sead::SZSDecompressor::DecompContext */
__ct__Q3_4sead15SZSDecompressor13DecompContextFPv = 0x02A15AF4;

/* agl::IndexStream */
__ct__Q2_3agl11IndexStreamFv = 0x02A1E230;
__dt__Q2_3agl11IndexStreamFv = 0x02A1E2A0;
setUpStream___Q2_3agl11IndexStreamFPCvQ2_3agl17IndexStreamFormatUi = 0x02A1E2E0;

/* agl::RenderBuffer */
__ct__Q2_3agl12RenderBufferFv = 0x02A1E9DC;
__dt__Q2_3agl12RenderBufferFv = 0x02A1E33C;
setRenderTargetColorNullAll__Q2_3agl12RenderBufferFv = 0x02A1E974;
__LSG__typeInfo__L0__getRuntimeTypeInfoStatic__Q2_3agl12RenderBufferSFv = 0x101E9CFC;
typeInfo__L0__getRuntimeTypeInfoStatic__Q2_3agl12RenderBufferSFv = 0x101EADEC;

/* agl::RenderTarget<agl::RenderTargetColor> */
applyTextureData__Q2_3agl47RenderTarget__tm__27_Q2_3agl17RenderTargetColorFRCQ2_3agl11TextureData_v = 0x024D6070;
applyTextureData__Q2_3agl47RenderTarget__tm__27_Q2_3agl17RenderTargetColorFRCQ2_3agl11TextureDataUiT2_v = 0x024D5F90;
applyTextureData___Q2_3agl47RenderTarget__tm__27_Q2_3agl17RenderTargetColorFRCQ2_3agl11TextureDataUiT2_v = 0x024D5EEC;

/* agl::RenderTarget<agl::RenderTargetDepth> */
applyTextureData__Q2_3agl47RenderTarget__tm__27_Q2_3agl17RenderTargetDepthFRCQ2_3agl11TextureData_v = 0x024D6200;
applyTextureData__Q2_3agl47RenderTarget__tm__27_Q2_3agl17RenderTargetDepthFRCQ2_3agl11TextureDataUiT2_v = 0x024D6120;
applyTextureData___Q2_3agl47RenderTarget__tm__27_Q2_3agl17RenderTargetDepthFRCQ2_3agl11TextureDataUiT2_v = 0x024D607C;

/* agl::RenderTargetColor */
__ct__Q2_3agl17RenderTargetColorFv = 0x02A1EFDC;
onApplyTextureData___Q2_3agl17RenderTargetColorFv = 0x02A1EF84;
invalidateGPUCache__Q2_3agl17RenderTargetColorCFv = 0x02A1F088;

/* agl::RenderTargetDepth */
onApplyTextureData___Q2_3agl17RenderTargetDepthFv = 0x02A1F134;

/* agl::ShaderProgram */
validate___Q2_3agl13ShaderProgramCFv = 0x02A213C8;
activate__Q2_3agl13ShaderProgramCFQ2_3agl10ShaderModeb = 0x02A213E8;
getVariation__Q2_3agl13ShaderProgramFi = 0x02A22314;
getVariation__Q2_3agl13ShaderProgramCFi = 0x02A22358;
getVariationMacroValueVariationNum__Q2_3agl13ShaderProgramCFi = 0x02A224B4;

/* agl::TextureData */
__ct__Q2_3agl11TextureDataFv = 0x02A249A0;
invalidateGPUCache__Q2_3agl11TextureDataFv = 0x02A24A64;
__dt__Q2_3agl11TextureDataFv = __deleted_virtual_called;

/* agl::TextureDataInitializerGTX */
initialize__Q2_3agl25TextureDataInitializerGTXSFPQ2_3agl11TextureDataPvUi = 0x02A24F38;

/* agl::TextureSampler */
__ct__Q2_3agl14TextureSamplerFv = 0x02A2587C;
applyTextureData___Q2_3agl14TextureSamplerFRCQ2_3agl11TextureData = 0x02A25990;
__dt__Q2_3agl14TextureSamplerFv = 0x02A25C60;
activate__Q2_3agl14TextureSamplerCFRCQ2_3agl15SamplerLocationi = 0x02A25F18;

/* agl::VertexAttribute */
__ct__Q2_3agl15VertexAttributeFv = 0x02A26654;
__dt__Q2_3agl15VertexAttributeFv = 0x02A267A0;
create__Q2_3agl15VertexAttributeFUiPQ2_4sead4Heap = 0x02A26880;
setVertexStream__Q2_3agl15VertexAttributeFsPCQ2_3agl12VertexBufferUi = 0x02A26A80;
setUp__Q2_3agl15VertexAttributeFv = 0x02A26B94;
activate__Q2_3agl15VertexAttributeCFv = 0x02A26D20;

/* agl::VertexBuffer */
__ct__Q2_3agl12VertexBufferFv = 0x02A26E00;
__dt__Q2_3agl12VertexBufferFv = 0x02A26EE4;
setUpBuffer__Q2_3agl12VertexBufferFPCvUiT2 = 0x02A26F24;
setUpStream__Q2_3agl12VertexBufferFiQ2_3agl18VertexStreamFormatUi = 0x02A26F88;

/* agl::detail::RootNode */
setNodeMeta__Q3_3agl6detail8RootNodeSFPQ3_4sead6hostio4NodeRCQ2_4sead23SafeStringBase__tm__2_c = 0x02A28D64;

/* agl::detail::ShaderHolder */
sInstance__Q3_3agl6detail12ShaderHolder = 0x101E88E8;

/* agl::env::EnvObj */
/* __LSG__typeInfo__L0__getRuntimeTypeInfoStatic__Q3_3agl3env6EnvObjSFv */
/* typeInfo__L0__getRuntimeTypeInfoStatic__Q3_3agl3env6EnvObjSFv */

/* agl::lyr::DrawMethod */
__dt__Q3_3agl3lyr10DrawMethodFv = 0x02A3760C;
__vtbl__Q3_3agl3lyr10DrawMethod = 0x101A8054;

/* agl::lyr::Layer */
pushBackDrawMethod__Q3_3agl3lyr5LayerFUiPQ3_3agl3lyr10DrawMethod = 0x02A376B8;
pushBackDrawMethod__Q3_3agl3lyr5LayerFPQ3_3agl3lyr10DrawMethod = 0x02A37710;
__LSG__typeInfo__L0__getRuntimeTypeInfoStatic__Q3_3agl3lyr5LayerSFv = 0x101E9D20;
typeInfo__L0__getRuntimeTypeInfoStatic__Q3_3agl3lyr5LayerSFv = 0x101EA06C;

/* agl::lyr::Renderer */
draw__Q3_3agl3lyr8RendererCFQ3_3agl3lyr11DisplayType = 0x02A3AB90;
initLayer_4___Q3_3agl3lyr8RendererFPQ3_3agl3lyr5LayeriRCQ2_4sead23SafeStringBase__tm__2_cQ3_3agl3lyr11DisplayTypePQ2_4sead4Heap = 0x02A3AEEC;
sInstance__Q3_3agl3lyr8Renderer = 0x101E8A2C;

/* agl::lyr::Renderer::createLayer<T> */
createLayer__tm__30_Q2_16CourseSelectTask7Layer2D__Q3_3agl3lyr8RendererFiRCQ2_4sead23SafeStringBase__tm__2_cQ3_3agl3lyr11DisplayTypePQ2_4sead4Heap_PZ1Z = 0x021EF0F0;
/* createLayer__tm__17_14RenderObjLayer__Q3_3agl3lyr8RendererFiRCQ2_4sead23SafeStringBase__tm__2_cQ3_3agl3lyr11DisplayTypePQ2_4sead4Heap_PZ1Z = 0x021EF180; */

/* agl::lyr::RenderStep */
draw__Q3_3agl3lyr10RenderStepCFRCQ3_3agl3lyr10RenderInfo = 0x02A3B558;

/* agl::utl::DebugTexturePage */
__ct__Q3_3agl3utl16DebugTexturePageFv = 0x02A50420;
setUp__Q3_3agl3utl16DebugTexturePageFUiRCQ2_4sead23SafeStringBase__tm__2_cPQ2_4sead4Heap = 0x02A5069C;
cleanUp__Q3_3agl3utl16DebugTexturePageFv = 0x02A509F8;

/* agl::pfx::DepthOfField */
freeBuffer__Q3_3agl3pfx12DepthOfFieldCFi = 0x02A3F34C;
allocBuffer__Q3_3agl3pfx12DepthOfFieldCFiRCQ2_3agl12RenderBuffer = 0x02A40AA0;
bindRenderBuffer___Q3_3agl3pfx12DepthOfFieldCFRQ2_3agl12RenderBufferiT2 = 0x02A40AD4;
__CPR73__drawKick___Q3_3agl3pfx12DepthOfFieldCFRCQ4_3agl3pfxJ22J7DrawArg = 0x02A40CBC;
__CPR99__drawColorMipMap___Q3_3agl3pfx12DepthOfFieldCFRCQ4_3agl3pfxJ29J7DrawArgQ2_3agl10ShaderMode = 0x02A40E9C;
__CPR99__drawDepthMipMap___Q3_3agl3pfx12DepthOfFieldCFRCQ4_3agl3pfxJ29J7DrawArgQ2_3agl10ShaderMode = 0x02A41488;
uniformComposeParam___Q3_3agl3pfx12DepthOfFieldCFRCQ4_3agl3pfx12DepthOfField7DrawArgPCQ2_3agl13ShaderProgram = 0x02A419C8;
uniformVignettingParam___Q3_3agl3pfx12DepthOfFieldCFRCQ4_3agl3pfx12DepthOfField7DrawArgPCQ2_3agl13ShaderProgram = __deleted_virtual_called;
__CPR95__drawCompose___Q3_3agl3pfx12DepthOfFieldCFRCQ4_3agl3pfxJ25J7DrawArgQ2_3agl10ShaderMode = 0x02A425AC;
__CPR98__drawVignetting___Q3_3agl3pfx12DepthOfFieldCFRCQ4_3agl3pfxJ28J7DrawArgQ2_3agl10ShaderMode = 0x02A4280C;

/* agl::utl::DynamicTextureAllocator */
__CPR160__alloc__Q3_3agl3utl23DynamicTextureAllocatorFRCQ2_4sead23SafeStringBase__tm__2_cQ2_3agl13TextureFormatUiN23PPvQ4_3agl3utlJ18J12AllocateTypeb = 0x02A52830;
free__Q3_3agl3utl23DynamicTextureAllocatorFPCQ2_3agl11TextureData = 0x02A52B38;
sInstance__Q3_3agl3utl23DynamicTextureAllocator = 0x101E8A50;

/* agl::utl::ImageFilter2D */
drawTextureQuadTriangle__Q3_3agl3utl13ImageFilter2DSFRCQ2_3agl14TextureSamplerQ2_3agl10ShaderMode = 0x02A53828;

/* agl::utl::ParameterBase */
__ct__Q3_3agl3utl13ParameterBaseFv = 0x02A551A8;
initializeListNode__Q3_3agl3utl13ParameterBaseFRCQ2_4sead23SafeStringBase__tm__2_cN21PQ3_3agl3utl13IParameterObj = 0x02A55154;
__CPR61__copy__Q3_3agl3utl13ParameterBaseFRCQ3_3agl3utlJ17J = __deleted_virtual_called;
__CPR67__copyUnsafe__Q3_3agl3utl13ParameterBaseFRCQ3_3agl3utlJ23J = __deleted_virtual_called;
__CPR68__copyLerp__Q3_3agl3utl13ParameterBaseFRCQ3_3agl3utlJ21JT1f = __deleted_virtual_called;

/* agl::utl::IParameterIO */
__ct__Q3_3agl3utl12IParameterIOFRCQ2_4sead23SafeStringBase__tm__2_cUi = 0x02A56010;
applyResParameterArchive__Q3_3agl3utl12IParameterIOFQ3_3agl3utl19ResParameterArchive = 0x02A56298;
save__Q3_3agl3utl12IParameterIOCFRCQ2_4sead23SafeStringBase__tm__2_cUi = __deleted_virtual_called;
applyResParameterArchiveLerp__Q3_3agl3utl12IParameterIOFQ3_3agl3utl19ResParameterArchiveT1f = __deleted_virtual_called;

/* agl::utl::IParameterList */
addObj__Q3_3agl3utl14IParameterListFPQ3_3agl3utl13IParameterObjRCQ2_4sead23SafeStringBase__tm__2_c = 0x02A56708;

/* agl::utl::IParameterObj */
__ct__Q3_3agl3utl13IParameterObjFv = 0x02A55AE8;

/* agl::utl::PrimitiveShape */
sInstance__Q3_3agl3utl14PrimitiveShape = 0x101E8A64;

/* agl::utl::VertexAttributeHolder */
sInstance__Q3_3agl3utl21VertexAttributeHolder = 0x101E8A7C;

/* nw::eft::EmitterSet */
SetMtx__Q3_2nw3eft10EmitterSetFRCQ3_2nw4math5MTX34 = 0x02A6AD00;

/* nw::eft::Random */
__LSG__a__L0__Init__Q3_2nw3eft6RandomFUi = 0x101E9C88;
a__L0__Init__Q3_2nw3eft6RandomFUi = 0x101EBC7C;

/* nw::eft::System */
Initialize__Q3_2nw3eft6SystemFPQ3_2nw3eft4HeapRCQ3_2nw3eft6Config = 0x02A76F94;
CreateEmitterSetID__Q3_2nw3eft6SystemFPQ3_2nw3eft6HandleRCQ3_2nw4math5MTX34iT3UcUi = 0x02A7F57C;
__vtbl__Q3_2nw3eft6System = 0x101B1A78;

/* nw::font::TagProcessorBase<char16> */
/* __LSG__s_TypeInfo__L0__GetRuntimeTypeInfoStatic__Q3_2nw4font25TagProcessorBase__tm__2_wSFv_PCQ4_2nw2ut8internal15RuntimeTypeInfo */
/* s_TypeInfo__L0__GetRuntimeTypeInfoStatic__Q3_2nw4font25TagProcessorBase__tm__2_wSFv_PCQ4_2nw2ut8internal15RuntimeTypeInfo */

/* nw::math */
F_PI__Q2_2nw4math = 0x101B60FC;
I_HALF_ROUND_IDX__Q2_2nw4math = 0x101B6100;

/* nw::math::MTX34 */
__LSG__identity__L0__Identity__Q3_2nw4math5MTX34SFv = 0x101E9808;
identity__L0__Identity__Q3_2nw4math5MTX34SFv = 0x101EA7D8;

/* nw::math::MTX44 */
__LSG__identity__L0__Identity__Q3_2nw4math5MTX44SFv = 0x101E980C;
identity__L0__Identity__Q3_2nw4math5MTX44SFv = 0x101EBCD0;

/* nw::math::internal */
gSinCosTbl__Q3_2nw4math8internal = 0x101B610C;

/* nw::math::VEC2 */
__LSG__zero__L0__Zero__Q3_2nw4math4VEC2SFv = 0x101E97EC;
zero__L0__Zero__Q3_2nw4math4VEC2SFv = 0x101EBC74;

/* nw::math::VEC3 */
__LSG__zero__L0__Zero__Q3_2nw4math4VEC3SFv = 0x101E97F0;
zero__L0__Zero__Q3_2nw4math4VEC3SFv = 0x101EAF04;

/* nw::ut::IAllocator */
__LSG__s_TypeInfo__L0__GetRuntimeTypeInfoStatic__Q3_2nw2ut10IAllocatorSFv = 0x101E9814;
s_TypeInfo__L0__GetRuntimeTypeInfoStatic__Q3_2nw2ut10IAllocatorSFv = 0x101EAF3C;

/* nw::snd::internal::BasicSound */
__LSG__s_TypeInfo__L0__GetRuntimeTypeInfoStatic__Q4_2nw3snd8internal10BasicSoundSFv = 0x101E9A88;
s_TypeInfo__L0__GetRuntimeTypeInfoStatic__Q4_2nw3snd8internal10BasicSoundSFv = 0x101EBE50;

/* nw::snd::internal::SequenceSound */
__LSG__s_TypeInfo__L0__GetRuntimeTypeInfoStatic__Q4_2nw3snd8internal13SequenceSoundSFv = 0x101E9ADC;
s_TypeInfo__L0__GetRuntimeTypeInfoStatic__Q4_2nw3snd8internal13SequenceSoundSFv = 0x101EBE64;

/* nw::snd::internal::StreamSound */
__LSG__s_TypeInfo__L0__GetRuntimeTypeInfoStatic__Q4_2nw3snd8internal11StreamSoundSFv = 0x101E9AEC;
s_TypeInfo__L0__GetRuntimeTypeInfoStatic__Q4_2nw3snd8internal11StreamSoundSFv = 0x101EC690;

/* nw::snd::internal::WaveSound */
__LSG__s_TypeInfo__L0__GetRuntimeTypeInfoStatic__Q4_2nw3snd8internal9WaveSoundSFv = 0x101E9AE0;
s_TypeInfo__L0__GetRuntimeTypeInfoStatic__Q4_2nw3snd8internal9WaveSoundSFv = 0x101EC694;

/* GFD */
_GFDCheckHeaderVersions = 0x02AF8A18;
_GFDCheckBlockHeaderMagicVersions = 0x02AF8ABC;
GFDGetVertexShaderCount = 0x02AF8C04;
GFDGetPixelShaderCount = 0x02AF8C10;
GFDGetVertexShaderHeaderSize = 0x02AF8D00;
GFDGetPixelShaderHeaderSize = 0x02AF8D10;
GFDGetVertexShaderProgramSize = 0x02AF8D30;
GFDGetPixelShaderProgramSize = 0x02AF8D40;
_GFDRelocateBlock = 0x02AF8E04;
GFDGetVertexShader = 0x02AF8E3C;
GFDGetPixelShader = 0x02AF8FC0;

/* MTX Library */
ASM_VECCrossProduct = 0x02AF9660;
ASM_VECMag = 0x02AF96C4;
ASM_MTXConcat = 0x02AF98A0;
ASM_MTXTrans = 0x02AF9AD4;
ASM_MTXScale = 0x02AF9B64;

/* GHS C++ FUNCTIONS */
__vec_new = 0x02AFA350;
__vec_delete = 0x02AFA490;
__pure_virtual_called = 0x02AFA554;
__deleted_virtual_called = __deleted_virtual_called;

/* GHS C FUNCTIONS */
__memzero = 0x02AFA55C;
__gh_float_printf = 0x02AFABA8;
_f_ftoll = 0x02AFEBFC;

/* Math */
floorf = 0x02AFDA5C;
ceilf = 0x02AFDAF8;
sqrtf = 0x02AFDCCC; // <-- Do not use this. Use sead::Mathf::sqrt. (and sead::Mathf::rsqrt in place of 1/sqrt)
sinf = 0x02AFDD40;   // <-- If applicable, use sead::Mathf::sinIdx. (or sead::Mathf::sinCosIdx)
powf = 0x02AFDEA8;
cosf = 0x02AFE528;   // <-- If applicable, use sead::Mathf::cosIdx. (or sead::Mathf::sinCosIdx)
atan2f = 0x02AFE670; // <-- If applicable, use sead::Mathf::atan2Idx.

/* Misc */
BLOSDynLoad_Acquire = 0x02A9EF58;
BOSDynLoad_FindExport = 0x02A9F418;
PlayerJumpMax = 0x10166E68;
PlayerDescentRate = 0x10166E74;
PlayerJumpArc = 0x1016A800;
MiniPlayerJumpArc = 0x1016A848;
SFXReverb_0 = 0x101E7D14;
SFXReverb_1 = 0x101E7D18;
SFXReverbPlyJump_0 = 0x101E7D1C;
SFXReverbPlyJump_1 = 0x101E7D20;
DefaultReverbHiParam = 0x1022D328;
DefaultDelayParam = 0x1022D354;
